Archive member included because of file (symbol)

startup/libea_startup_thumb.a(consol.o)
                              bt.o (consolGetChar)
startup/libea_startup_thumb.a(framework.o)
                              main.o (eaInit)
startup/libea_startup_thumb.a(startup.o)
                              (_startup)
irq_code/irqUart.a(irqUart.o)
                              uart.o (disIrq)
libm.a(s_cos.o)               pong.o (cos)
libm.a(s_round.o)             pong.o (round)
libm.a(s_sin.o)               pong.o (sin)
libm.a(w_sqrt.o)              pong.o (sqrt)
libm.a(e_rem_pio2.o)          libm.a(s_cos.o) (__ieee754_rem_pio2)
libm.a(e_sqrt.o)              libm.a(w_sqrt.o) (__ieee754_sqrt)
libm.a(k_cos.o)               libm.a(s_cos.o) (__kernel_cos)
libm.a(k_rem_pio2.o)          libm.a(e_rem_pio2.o) (__kernel_rem_pio2)
libm.a(k_sin.o)               libm.a(s_cos.o) (__kernel_sin)
libm.a(s_fabs.o)              libm.a(e_rem_pio2.o) (fabs)
libm.a(s_floor.o)             libm.a(k_rem_pio2.o) (floor)
libm.a(s_isnan.o)             libm.a(w_sqrt.o) (isnan)
libm.a(s_lib_ver.o)           libm.a(w_sqrt.o) (__fdlib_version)
libm.a(s_matherr.o)           libm.a(w_sqrt.o) (matherr)
libm.a(s_scalbn.o)            libm.a(k_rem_pio2.o) (scalbn)
libm.a(s_copysign.o)          libm.a(s_scalbn.o) (copysign)
pre_emptive_os/pre_emptive_os.a(kernel.o)
                              main.o (osInit)
pre_emptive_os/pre_emptive_os.a(prioqueue.o)
                              pre_emptive_os/pre_emptive_os.a(kernel.o) (initPrioQueue)
pre_emptive_os/pre_emptive_os.a(count_sem.o)
                              uart.o (osSemInit)
pre_emptive_os/pre_emptive_os.a(timer.o)
                              pre_emptive_os/pre_emptive_os.a(kernel.o) (timerTick)
pre_emptive_os/pre_emptive_os.a(stack_usage.o)
                              pre_emptive_os/pre_emptive_os.a(kernel.o) (createStackPattern)
pre_emptive_os/pre_emptive_os.a(a7hal.o)
                              pre_emptive_os/pre_emptive_os.a(kernel.o) (stkFrameInit_oshal)
pre_emptive_os/pre_emptive_os.a(a7hal_a.o)
                              pre_emptive_os/pre_emptive_os.a(kernel.o) (startHighProc_oshal)
pre_emptive_os/pre_emptive_os.a(event.o)
                              pre_emptive_os/pre_emptive_os.a(count_sem.o) (eventInit)
/cygdrive/c/GNUARM/bin/../lib/gcc/arm-elf/4.1.1/interwork/libgcc.a(_udivsi3.o)
                              bt.o (__udivsi3)
/cygdrive/c/GNUARM/bin/../lib/gcc/arm-elf/4.1.1/interwork/libgcc.a(_divsi3.o)
                              snake.o (__divsi3)
/cygdrive/c/GNUARM/bin/../lib/gcc/arm-elf/4.1.1/interwork/libgcc.a(_umodsi3.o)
                              main.o (__umodsi3)
/cygdrive/c/GNUARM/bin/../lib/gcc/arm-elf/4.1.1/interwork/libgcc.a(_modsi3.o)
                              snake.o (__modsi3)
/cygdrive/c/GNUARM/bin/../lib/gcc/arm-elf/4.1.1/interwork/libgcc.a(_dvmd_tls.o)
                              /cygdrive/c/GNUARM/bin/../lib/gcc/arm-elf/4.1.1/interwork/libgcc.a(_udivsi3.o) (__div0)
/cygdrive/c/GNUARM/bin/../lib/gcc/arm-elf/4.1.1/interwork/libgcc.a(_call_via_rX.o)
                              pre_emptive_os/pre_emptive_os.a(timer.o) (_call_via_r4)
/cygdrive/c/GNUARM/bin/../lib/gcc/arm-elf/4.1.1/interwork/libgcc.a(_addsubdf3.o)
                              pong.o (__subdf3)
/cygdrive/c/GNUARM/bin/../lib/gcc/arm-elf/4.1.1/interwork/libgcc.a(_muldivdf3.o)
                              pong.o (__muldf3)
/cygdrive/c/GNUARM/bin/../lib/gcc/arm-elf/4.1.1/interwork/libgcc.a(_cmpdf2.o)
                              pong.o (__gtdf2)
/cygdrive/c/GNUARM/bin/../lib/gcc/arm-elf/4.1.1/interwork/libgcc.a(_fixdfsi.o)
                              libm.a(e_rem_pio2.o) (__fixdfsi)
/cygdrive/c/GNUARM/bin/../lib/gcc/arm-elf/4.1.1/interwork/libgcc.a(_fixunsdfsi.o)
                              pong.o (__fixunsdfsi)
/cygdrive/c/GNUARM/bin/../lib/gcc/arm-elf/4.1.1/../../../../arm-elf/lib/interwork/libc.a(atoi.o)
                              startup/libea_startup_thumb.a(consol.o) (atoi)
/cygdrive/c/GNUARM/bin/../lib/gcc/arm-elf/4.1.1/../../../../arm-elf/lib/interwork/libc.a(errno.o)
                              libm.a(w_sqrt.o) (__errno)
/cygdrive/c/GNUARM/bin/../lib/gcc/arm-elf/4.1.1/../../../../arm-elf/lib/interwork/libc.a(impure.o)
                              /cygdrive/c/GNUARM/bin/../lib/gcc/arm-elf/4.1.1/../../../../arm-elf/lib/interwork/libc.a(errno.o) (_impure_ptr)
/cygdrive/c/GNUARM/bin/../lib/gcc/arm-elf/4.1.1/../../../../arm-elf/lib/interwork/libc.a(memcmp.o)
                              bt.o (memcmp)
/cygdrive/c/GNUARM/bin/../lib/gcc/arm-elf/4.1.1/../../../../arm-elf/lib/interwork/libc.a(memcpy.o)
                              bt.o (memcpy)
/cygdrive/c/GNUARM/bin/../lib/gcc/arm-elf/4.1.1/../../../../arm-elf/lib/interwork/libc.a(rand.o)
                              snake.o (srand)
/cygdrive/c/GNUARM/bin/../lib/gcc/arm-elf/4.1.1/../../../../arm-elf/lib/interwork/libc.a(strchr.o)
                              bt.o (strchr)
[...]
Memory Configuration

Name             Origin             Length             Attributes
FLASH            0x00000000         0x00020000         xr
RAM              0x40000000         0x00004000         rw
*default*        0x00000000         0xffffffff

Linker script and memory map

LOAD main.o
LOAD lcd.o
LOAD startupDisplay.o
LOAD key.o
LOAD select.o
LOAD uart.o
LOAD bt.o
LOAD snake.o
LOAD pong.o
LOAD eeprom.o
LOAD i2c.o
LOAD hw.o
LOAD Arrow.o
LOAD Reflexes.o
LOAD startup/libea_startup_thumb.a
LOAD irq_code/irqUart.a
LOAD chess/chess.a
LOAD libm.a
LOAD pre_emptive_os/pre_emptive_os.a
START GROUP
LOAD /cygdrive/c/GNUARM/bin/../lib/gcc/arm-elf/4.1.1/interwork/libgcc.a
LOAD /cygdrive/c/GNUARM/bin/../lib/gcc/arm-elf/4.1.1/../../../../arm-elf/lib/interwork/libc.a
END GROUP

.text           0x00000000     0x9bbc
 *startup.o(.text)
 .text          0x00000000      0x1d8 startup/libea_startup_thumb.a(startup.o)
                0x00000000                _startup
 *(.text)
 .text          0x000001d8      0x370 main.o
                0x000001d8                appTick
                0x000001fc                main
 .text          0x00000548      0x570 lcd.o
                0x00000548                lcdColor
                0x00000714                lcdWindow
                0x00000954                lcdClrscr
                0x0000081c                lcdRectBrd
                0x00000698                lcdPutchar
                0x00000930                lcdContrast
                0x000009a8                lcdOff
                0x000009c4                lcdInit
                0x0000076c                lcdIcon
                0x000005d0                lcdData
                0x0000055c                lcdWrdata
                0x000008cc                lcdRect
                0x0000056c                lcdWrcmd
                0x000006fc                lcdPuts
                0x00000744                lcdGotoxy
 .text          0x00000ab8      0x884 startupDisplay.o
                0x00000ab8                displayStartupSequence
 .text          0x0000133c      0x190 key.o
                0x0000134c                checkKey2
                0x00001358                sampleKey
                0x0000133c                checkKey
 .text          0x000014cc      0x160 select.o
                0x0000153c                drawMenu
 .text          0x0000162c      0x280 uart.o
                0x000016dc                uart1SendChar
                0x00001760                uart1SendChars
                0x000017a4                uart1SendString
                0x00001788                uart1SendCh
                0x000017bc                initUart1
                0x00001694                uart1GetChSem
                0x0000162c                uart1GetChar
                0x000016c0                uart1GetCh
 .text          0x000018ac     0x1138 bt.o
                0x00001e24                handleBt
                0x000028a4                initBtProc
                0x0000190c                activateBtProc
                0x000018ac                blockBtProc
 .text          0x000029e4      0x528 snake.o
                0x00002cc4                playSnake
 .text          0x00002f0c     0x172c pong.o
                0x0000382c                playPong
 .text          0x00004638      0x378 eeprom.o
                0x000047cc                lm75Read
                0x000046d8                pca9532
                0x0000484c                eepromWrite
                0x00004958                eepromPoll
                0x000048d8                eepromPageRead
                0x00004638                eepromStartRead
 .text          0x000049b0      0x3e0 i2c.o
                0x00004b74                i2cInit
                0x00004be8                getI2cLock
                0x00004c50                i2cRead
                0x00004aec                i2cWriteWithWait
                0x000049c8                i2cStart
                0x00004a14                i2cStop
                0x000049b0                i2cCheckStatus
                0x00004a68                i2cGetChar
                0x00004c04                i2cRepeatStart
                0x00004cf0                i2cWrite
                0x00004ac0                i2cWaitTransmit
                0x00004b1c                i2cMyWrite
                0x00004a3c                i2cPutChar
                0x00004bd0                releaseI2cLock
 .text          0x00004d90      0x44c hw.o
                0x00004df4                sendToLCD
                0x00005034                resetBT
                0x00004d90                setBuzzer
                0x00004e70                initSpiForLcd
                0x00005120                immediateIoInit
                0x000050b0                resetLCD
                0x00004f78                setLED
                0x00004ec8                getKeys
                0x00004db4                selectLCD
 .text          0x000051dc       0xa0 Arrow.o
                0x00005254                getUpArrow
                0x000051dc                getLeftArrow
                0x0000522c                getDownArrow
                0x00005204                getRightArrow
 .text          0x0000527c       0x7c Reflexes.o
                0x0000527c                initApp
 .text          0x000052f8      0x680 startup/libea_startup_thumb.a(consol.o)
                0x000057b4                consolGetIntNum
                0x000053f0                consolSendCh
                0x000055bc                consolGetString
                0x00005460                consolSendNumber
                0x00005578                consolGetCh
                0x000053d0                consolSendChar
                0x00005634                simplePrintf
                0x00005434                consolSendString
                0x00005894                consolScanf
                0x00005598                consolGetChar
                0x0000537c                consolInit
 .text          0x00005978      0x2bc startup/libea_startup_thumb.a(framework.o)
                0x00005aa0                eaInit
                0x000059f0                lowLevelInit
                0x00005978                exceptionHandlerInit
 .text          0x00005c34      0x2bc irq_code/irqUart.a(irqUart.o)
                0x00005c5c                uart1ISR
                0x00005c54                restoreIrq
                0x00005c34                disIrq
 .text          0x00005ef0       0xb4 libm.a(s_cos.o)
                0x00005ef0                cos
 .text          0x00005fa4       0xb0 libm.a(s_round.o)
                0x00005fa4                round
 .text          0x00006054       0xbc libm.a(s_sin.o)
                0x00006054                sin
 .text          0x00006110       0xc8 libm.a(w_sqrt.o)
                0x00006110                sqrt
 .text          0x000061d8      0x4a0 libm.a(e_rem_pio2.o)
                0x000061d8                __ieee754_rem_pio2
 .text          0x00006678      0x1e8 libm.a(e_sqrt.o)
                0x00006678                __ieee754_sqrt
 .text          0x00006860      0x1e8 libm.a(k_cos.o)
                0x00006860                __kernel_cos
 .text          0x00006a48      0x7ec libm.a(k_rem_pio2.o)
                0x00006a48                __kernel_rem_pio2
 .text          0x00007234      0x15c libm.a(k_sin.o)
                0x00007234                __kernel_sin
 .text          0x00007390       0x20 libm.a(s_fabs.o)
                0x00007390                fabs
 .text          0x000073b0      0x144 libm.a(s_floor.o)
                0x000073b0                floor
 .text          0x000074f4       0x28 libm.a(s_isnan.o)
                0x000074f4                isnan
 .text          0x0000751c        0x0 libm.a(s_lib_ver.o)
 .text          0x0000751c        0x4 libm.a(s_matherr.o)
                0x0000751c                matherr
 .text          0x00007520      0x120 libm.a(s_scalbn.o)
                0x00007520                scalbn
 .text          0x00007640       0x1c libm.a(s_copysign.o)
                0x00007640                copysign
 .text          0x0000765c      0x4f8 pre_emptive_os/pre_emptive_os.a(kernel.o)
                0x000079d8                osTick
                0x00007a9c                rmvFromRdyList
                0x000077f8                osGetHighPrioProc
                0x00007ab8                osSuspend
                0x0000770c                osInit
                0x00007aec                osDeleteProcess
                0x00007738                osISREnter
                0x00007814                schedule
                0x0000775c                osCreateProcess
                0x00007958                addToRdyList
                0x000076a8                addToTimeList
                0x0000796c                osResume
                0x0000765c                osPid
                0x00007b1c                osSleep
                0x00007880                osISRExit
                0x000078e8                osStart
                0x00007914                rmvFromTimeList
                0x00007a34                osStartProcess
 .text          0x00007b54      0x124 pre_emptive_os/pre_emptive_os.a(prioqueue.o)
                0x00007b54                initPrioQueue
                0x00007bbc                rmvFromPrioQueue
                0x00007b74                addToPrioQueue
                0x00007c58                isEmptyPrioQueue
                0x00007c20                getHighPrioQueue
 .text          0x00007c78      0x144 pre_emptive_os/pre_emptive_os.a(count_sem.o)
                0x00007d18                osSemGive
                0x00007d7c                osSemTryTake
                0x00007c78                osSemInit
                0x00007c8c                osSemTake
 .text          0x00007dbc      0x218 pre_emptive_os/pre_emptive_os.a(timer.o)
                0x00007dbc                timerTick
                0x00007f30                osInitTimers
                0x00007ecc                osDeleteTimer
                0x00007ea0                osCreateTimer
 .text          0x00007fd4       0xa4 pre_emptive_os/pre_emptive_os.a(stack_usage.o)
                0x00007fd4                osStackUsage
                0x00008018                createStackPattern
                0x00008038                checkStackLimit
 .text          0x00008078      0x1ec pre_emptive_os/pre_emptive_os.a(a7hal.o)
                0x000080b0                stkFrameInit_oshal
                0x00008078                timerIsr_oshal
                0x00008190                halRestoreInterrupts_oshal
                0x00008198                initTimer_oshal
                0x00008180                halEnableInterrupts_oshal
                0x00008230                handleIRQs_oshal
                0x00008160                halDisableInterrupts_oshal
 .text          0x00008264       0xc4 pre_emptive_os/pre_emptive_os.a(a7hal_a.o)
                0x00008270                startHighProc_oshal
                0x00008298                ctxSwitchIsr_oshal
                0x00008278                ctxSwitch_oshal
                0x000082b8                generalIRQ_oshal
 .text          0x00008328       0xd8 pre_emptive_os/pre_emptive_os.a(event.o)
                0x00008338                eventWait
                0x00008328                eventInit
                0x000083a0                eventIsEmpty
                0x00008370                eventWaitReturn
                0x000083b0                eventSignal
 .text          0x00008400      0x114 /cygdrive/c/GNUARM/bin/../lib/gcc/arm-elf/4.1.1/interwork/libgcc.a(_udivsi3.o)
                0x00008400                __udivsi3
                0x00008400                __aeabi_uidiv
                0x000084fc                __aeabi_uidivmod
 .text          0x00008514      0x144 /cygdrive/c/GNUARM/bin/../lib/gcc/arm-elf/4.1.1/interwork/libgcc.a(_divsi3.o)
                0x00008514                __aeabi_idiv
                0x00008514                __divsi3
                0x00008640                __aeabi_idivmod
 .text          0x00008658       0xd0 /cygdrive/c/GNUARM/bin/../lib/gcc/arm-elf/4.1.1/interwork/libgcc.a(_umodsi3.o)
                0x00008658                __umodsi3
 .text          0x00008728       0xe8 /cygdrive/c/GNUARM/bin/../lib/gcc/arm-elf/4.1.1/interwork/libgcc.a(_modsi3.o)
                0x00008728                __modsi3
 .text          0x00008810        0x4 /cygdrive/c/GNUARM/bin/../lib/gcc/arm-elf/4.1.1/interwork/libgcc.a(_dvmd_tls.o)
                0x00008810                __aeabi_ldiv0
                0x00008810                __div0
                0x00008810                __aeabi_idiv0
 .text          0x00008814       0x3c /cygdrive/c/GNUARM/bin/../lib/gcc/arm-elf/4.1.1/interwork/libgcc.a(_call_via_rX.o)
                0x0000881c                _call_via_r2
                0x0000882c                _call_via_r6
                0x00008828                _call_via_r5
                0x00008820                _call_via_r3
                0x00008840                _call_via_fp
                0x00008834                _call_via_r8
                0x00008830                _call_via_r7
                0x00008814                _call_via_r0
                0x0000883c                _call_via_sl
                0x00008848                _call_via_sp
                0x00008838                _call_via_r9
                0x00008824                _call_via_r4
                0x00008818                _call_via_r1
                0x00008844                _call_via_ip
                0x0000884c                _call_via_lr
 .text          0x00008850      0x430 /cygdrive/c/GNUARM/bin/../lib/gcc/arm-elf/4.1.1/interwork/libgcc.a(_addsubdf3.o)
                0x00008c14                __floatdidf
                0x00008b94                __floatsidf
                0x00008b6c                __aeabi_ui2d
                0x00008850                __aeabi_drsub
                0x00008bc0                __extendsfdf2
                0x0000885c                __adddf3
                0x00008b6c                __floatunsidf
                0x0000885c                __aeabi_dadd
                0x00008c00                __aeabi_ul2d
                0x00008858                __aeabi_dsub
                0x00008c00                __floatundidf
                0x00008b94                __aeabi_i2d
                0x00008c14                __aeabi_l2d
                0x00008bc0                __aeabi_f2d
                0x00008858                __subdf3
 .text          0x00008c80      0x49c /cygdrive/c/GNUARM/bin/../lib/gcc/arm-elf/4.1.1/interwork/libgcc.a(_muldivdf3.o)
                0x00008f10                __aeabi_ddiv
                0x00008c80                __aeabi_dmul
                0x00008f10                __divdf3
                0x00008c80                __muldf3
 .text          0x0000911c      0x140 /cygdrive/c/GNUARM/bin/../lib/gcc/arm-elf/4.1.1/interwork/libgcc.a(_cmpdf2.o)
                0x00009214                __aeabi_dcmple
                0x0000912c                __cmpdf2
                0x0000912c                __eqdf2
                0x0000911c                __gtdf2
                0x000091cc                __aeabi_cdcmple
                0x000091b0                __aeabi_cdrcmple
                0x00009124                __ltdf2
                0x000091fc                __aeabi_dcmplt
                0x00009124                __ledf2
                0x00009244                __aeabi_dcmpgt
                0x0000922c                __aeabi_dcmpge
                0x0000912c                __nedf2
                0x000091e4                __aeabi_dcmpeq
                0x000091cc                __aeabi_cdcmpeq
                0x0000911c                __gedf2
 .text          0x0000925c       0x5c /cygdrive/c/GNUARM/bin/../lib/gcc/arm-elf/4.1.1/interwork/libgcc.a(_fixdfsi.o)
                0x0000925c                __fixdfsi
                0x0000925c                __aeabi_d2iz
 .text          0x000092b8       0x54 /cygdrive/c/GNUARM/bin/../lib/gcc/arm-elf/4.1.1/interwork/libgcc.a(_fixunsdfsi.o)
                0x000092b8                __fixunsdfsi
                0x000092b8                __aeabi_d2uiz
 .text          0x0000930c       0x30 /cygdrive/c/GNUARM/bin/../lib/gcc/arm-elf/4.1.1/../../../../arm-elf/lib/interwork/libc.a(atoi.o)
                0x0000930c                _atoi_r
                0x00009324                atoi
 .text          0x0000933c       0x10 /cygdrive/c/GNUARM/bin/../lib/gcc/arm-elf/4.1.1/../../../../arm-elf/lib/interwork/libc.a(errno.o)
                0x0000933c                __errno
 .text          0x0000934c        0x0 /cygdrive/c/GNUARM/bin/../lib/gcc/arm-elf/4.1.1/../../../../arm-elf/lib/interwork/libc.a(impure.o)
 .text          0x0000934c       0x98 /cygdrive/c/GNUARM/bin/../lib/gcc/arm-elf/4.1.1/../../../../arm-elf/lib/interwork/libc.a(memcmp.o)
                0x0000934c                memcmp
 .text          0x000093e4       0x9c /cygdrive/c/GNUARM/bin/../lib/gcc/arm-elf/4.1.1/../../../../arm-elf/lib/interwork/libc.a(memcpy.o)
                0x000093e4                memcpy
 .text          0x00009480       0x7c /cygdrive/c/GNUARM/bin/../lib/gcc/arm-elf/4.1.1/../../../../arm-elf/lib/interwork/libc.a(rand.o)
                0x0000949c                rand
                0x00009480                srand
 .text          0x000094fc      0x118 /cygdrive/c/GNUARM/bin/../lib/gcc/arm-elf/4.1.1/../../../../arm-elf/lib/interwork/libc.a(strchr.o)
                0x000094fc                strchr
 .text          0x00009614       0xa0 /cygdrive/c/GNUARM/bin/../lib/gcc/arm-elf/4.1.1/../../../../arm-elf/lib/interwork/libc.a(strcpy.o)
                0x00009614                strcpy
 .text          0x000096b4       0x90 /cygdrive/c/GNUARM/bin/../lib/gcc/arm-elf/4.1.1/../../../../arm-elf/lib/interwork/libc.a(strlen.o)
                0x000096b4                strlen
 .text          0x00009744      0x13c /cygdrive/c/GNUARM/bin/../lib/gcc/arm-elf/4.1.1/../../../../arm-elf/lib/interwork/libc.a(strncmp.o)
                0x00009744                strncmp
 .text          0x00009880      0x1f0 /cygdrive/c/GNUARM/bin/../lib/gcc/arm-elf/4.1.1/../../../../arm-elf/lib/interwork/libc.a(strtol.o)
                0x00009a44                strtol
                0x00009880                _strtol_r
 .text          0x00009a70        0x0 /cygdrive/c/GNUARM/bin/../lib/gcc/arm-elf/4.1.1/../../../../arm-elf/lib/interwork/libc.a(ctype_.o)
 *(.glue_7)
 .glue_7        0x00009a70        0x0 main.o
 .glue_7        0x00009a70        0x0 lcd.o
 .glue_7        0x00009a70        0x0 startupDisplay.o
 .glue_7        0x00009a70        0x0 key.o
 .glue_7        0x00009a70        0x0 select.o
 .glue_7        0x00009a70        0x0 uart.o
 .glue_7        0x00009a70        0x0 bt.o
 .glue_7        0x00009a70        0x0 snake.o
 .glue_7        0x00009a70        0x0 pong.o
 .glue_7        0x00009a70        0x0 eeprom.o
 .glue_7        0x00009a70        0x0 i2c.o
 .glue_7        0x00009a70        0x0 hw.o
 .glue_7        0x00009a70        0x0 Arrow.o
 .glue_7        0x00009a70        0x0 Reflexes.o
 .glue_7        0x00009a70        0x0 startup/libea_startup_thumb.a(consol.o)
 .glue_7        0x00009a70        0x0 startup/libea_startup_thumb.a(framework.o)
 .glue_7        0x00009a70        0x0 startup/libea_startup_thumb.a(startup.o)
 .glue_7        0x00009a70        0x0 irq_code/irqUart.a(irqUart.o)
 .glue_7        0x00009a70        0x0 libm.a(s_cos.o)
 .glue_7        0x00009a70        0x0 libm.a(s_round.o)
 .glue_7        0x00009a70        0x0 libm.a(s_sin.o)
 .glue_7        0x00009a70        0x0 libm.a(w_sqrt.o)
 .glue_7        0x00009a70        0x0 libm.a(e_rem_pio2.o)
 .glue_7        0x00009a70        0x0 libm.a(e_sqrt.o)
 .glue_7        0x00009a70        0x0 libm.a(k_cos.o)
 .glue_7        0x00009a70        0x0 libm.a(k_rem_pio2.o)
 .glue_7        0x00009a70        0x0 libm.a(k_sin.o)
 .glue_7        0x00009a70        0x0 libm.a(s_fabs.o)
 .glue_7        0x00009a70        0x0 libm.a(s_floor.o)
 .glue_7        0x00009a70        0x0 libm.a(s_isnan.o)
 .glue_7        0x00009a70        0x0 libm.a(s_lib_ver.o)
 .glue_7        0x00009a70        0x0 libm.a(s_matherr.o)
 .glue_7        0x00009a70        0x0 libm.a(s_scalbn.o)
 .glue_7        0x00009a70        0x0 libm.a(s_copysign.o)
 .glue_7        0x00009a70        0x0 pre_emptive_os/pre_emptive_os.a(kernel.o)
 .glue_7        0x00009a70        0x0 pre_emptive_os/pre_emptive_os.a(prioqueue.o)
 .glue_7        0x00009a70        0x0 pre_emptive_os/pre_emptive_os.a(count_sem.o)
 .glue_7        0x00009a70        0x0 pre_emptive_os/pre_emptive_os.a(timer.o)
 .glue_7        0x00009a70        0x0 pre_emptive_os/pre_emptive_os.a(stack_usage.o)
 .glue_7        0x00009a70        0x0 pre_emptive_os/pre_emptive_os.a(a7hal.o)
 .glue_7        0x00009a70        0x0 pre_emptive_os/pre_emptive_os.a(a7hal_a.o)
 .glue_7        0x00009a70        0x0 pre_emptive_os/pre_emptive_os.a(event.o)
 .glue_7        0x00009a70        0x0 /cygdrive/c/GNUARM/bin/../lib/gcc/arm-elf/4.1.1/interwork/libgcc.a(_udivsi3.o)
 .glue_7        0x00009a70        0x0 /cygdrive/c/GNUARM/bin/../lib/gcc/arm-elf/4.1.1/interwork/libgcc.a(_divsi3.o)
 .glue_7        0x00009a70        0x0 /cygdrive/c/GNUARM/bin/../lib/gcc/arm-elf/4.1.1/interwork/libgcc.a(_umodsi3.o)
 .glue_7        0x00009a70        0x0 /cygdrive/c/GNUARM/bin/../lib/gcc/arm-elf/4.1.1/interwork/libgcc.a(_modsi3.o)
 .glue_7        0x00009a70        0x0 /cygdrive/c/GNUARM/bin/../lib/gcc/arm-elf/4.1.1/interwork/libgcc.a(_dvmd_tls.o)
 .glue_7        0x00009a70        0x0 /cygdrive/c/GNUARM/bin/../lib/gcc/arm-elf/4.1.1/interwork/libgcc.a(_call_via_rX.o)
 .glue_7        0x00009a70        0x0 /cygdrive/c/GNUARM/bin/../lib/gcc/arm-elf/4.1.1/interwork/libgcc.a(_addsubdf3.o)
 .glue_7        0x00009a70        0x0 /cygdrive/c/GNUARM/bin/../lib/gcc/arm-elf/4.1.1/interwork/libgcc.a(_muldivdf3.o)
 .glue_7        0x00009a70        0x0 /cygdrive/c/GNUARM/bin/../lib/gcc/arm-elf/4.1.1/interwork/libgcc.a(_cmpdf2.o)
 .glue_7        0x00009a70        0x0 /cygdrive/c/GNUARM/bin/../lib/gcc/arm-elf/4.1.1/interwork/libgcc.a(_fixdfsi.o)
 .glue_7        0x00009a70        0x0 /cygdrive/c/GNUARM/bin/../lib/gcc/arm-elf/4.1.1/interwork/libgcc.a(_fixunsdfsi.o)
 .glue_7        0x00009a70        0x0 /cygdrive/c/GNUARM/bin/../lib/gcc/arm-elf/4.1.1/../../../../arm-elf/lib/interwork/libc.a(atoi.o)
 .glue_7        0x00009a70        0x0 /cygdrive/c/GNUARM/bin/../lib/gcc/arm-elf/4.1.1/../../../../arm-elf/lib/interwork/libc.a(errno.o)
 .glue_7        0x00009a70        0x0 /cygdrive/c/GNUARM/bin/../lib/gcc/arm-elf/4.1.1/../../../../arm-elf/lib/interwork/libc.a(impure.o)
 .glue_7        0x00009a70        0x0 /cygdrive/c/GNUARM/bin/../lib/gcc/arm-elf/4.1.1/../../../../arm-elf/lib/interwork/libc.a(memcmp.o)
 .glue_7        0x00009a70        0x0 /cygdrive/c/GNUARM/bin/../lib/gcc/arm-elf/4.1.1/../../../../arm-elf/lib/interwork/libc.a(memcpy.o)
 .glue_7        0x00009a70        0x0 /cygdrive/c/GNUARM/bin/../lib/gcc/arm-elf/4.1.1/../../../../arm-elf/lib/interwork/libc.a(rand.o)
 .glue_7        0x00009a70        0x0 /cygdrive/c/GNUARM/bin/../lib/gcc/arm-elf/4.1.1/../../../../arm-elf/lib/interwork/libc.a(strchr.o)
 .glue_7        0x00009a70        0x0 /cygdrive/c/GNUARM/bin/../lib/gcc/arm-elf/4.1.1/../../../../arm-elf/lib/interwork/libc.a(strcpy.o)
 .glue_7        0x00009a70        0x0 /cygdrive/c/GNUARM/bin/../lib/gcc/arm-elf/4.1.1/../../../../arm-elf/lib/interwork/libc.a(strlen.o)
 .glue_7        0x00009a70        0x0 /cygdrive/c/GNUARM/bin/../lib/gcc/arm-elf/4.1.1/../../../../arm-elf/lib/interwork/libc.a(strncmp.o)
 .glue_7        0x00009a70        0x0 /cygdrive/c/GNUARM/bin/../lib/gcc/arm-elf/4.1.1/../../../../arm-elf/lib/interwork/libc.a(strtol.o)
 .glue_7        0x00009a70       0x24 /cygdrive/c/GNUARM/bin/../lib/gcc/arm-elf/4.1.1/../../../../arm-elf/lib/interwork/libc.a(ctype_.o)
                0x00009a88                __osISRExit_from_arm
                0x00009a7c                __osTick_from_arm
                0x00009a70                __osSemGive_from_arm
 *(.glue_7t)
 .glue_7t       0x00009a94        0x0 main.o
 .glue_7t       0x00009a94        0x0 lcd.o
 .glue_7t       0x00009a94        0x0 startupDisplay.o
 .glue_7t       0x00009a94        0x0 key.o
 .glue_7t       0x00009a94        0x0 select.o
 .glue_7t       0x00009a94        0x0 uart.o
 .glue_7t       0x00009a94        0x0 bt.o
 .glue_7t       0x00009a94        0x0 snake.o
 .glue_7t       0x00009a94        0x0 pong.o
 .glue_7t       0x00009a94        0x0 eeprom.o
 .glue_7t       0x00009a94        0x0 i2c.o
 .glue_7t       0x00009a94        0x0 hw.o
 .glue_7t       0x00009a94        0x0 Arrow.o
 .glue_7t       0x00009a94        0x0 Reflexes.o
 .glue_7t       0x00009a94        0x0 startup/libea_startup_thumb.a(consol.o)
 .glue_7t       0x00009a94        0x0 startup/libea_startup_thumb.a(framework.o)
 .glue_7t       0x00009a94        0x0 startup/libea_startup_thumb.a(startup.o)
 .glue_7t       0x00009a94        0x0 irq_code/irqUart.a(irqUart.o)
 .glue_7t       0x00009a94        0x0 libm.a(s_cos.o)
 .glue_7t       0x00009a94        0x0 libm.a(s_round.o)
 .glue_7t       0x00009a94        0x0 libm.a(s_sin.o)
 .glue_7t       0x00009a94        0x0 libm.a(w_sqrt.o)
 .glue_7t       0x00009a94        0x0 libm.a(e_rem_pio2.o)
 .glue_7t       0x00009a94        0x0 libm.a(e_sqrt.o)
 .glue_7t       0x00009a94        0x0 libm.a(k_cos.o)
 .glue_7t       0x00009a94        0x0 libm.a(k_rem_pio2.o)
 .glue_7t       0x00009a94        0x0 libm.a(k_sin.o)
 .glue_7t       0x00009a94        0x0 libm.a(s_fabs.o)
 .glue_7t       0x00009a94        0x0 libm.a(s_floor.o)
 .glue_7t       0x00009a94        0x0 libm.a(s_isnan.o)
 .glue_7t       0x00009a94        0x0 libm.a(s_lib_ver.o)
 .glue_7t       0x00009a94        0x0 libm.a(s_matherr.o)
 .glue_7t       0x00009a94        0x0 libm.a(s_scalbn.o)
 .glue_7t       0x00009a94        0x0 libm.a(s_copysign.o)
 .glue_7t       0x00009a94        0x0 pre_emptive_os/pre_emptive_os.a(kernel.o)
 .glue_7t       0x00009a94        0x0 pre_emptive_os/pre_emptive_os.a(prioqueue.o)
 .glue_7t       0x00009a94        0x0 pre_emptive_os/pre_emptive_os.a(count_sem.o)
 .glue_7t       0x00009a94        0x0 pre_emptive_os/pre_emptive_os.a(timer.o)
 .glue_7t       0x00009a94        0x0 pre_emptive_os/pre_emptive_os.a(stack_usage.o)
 .glue_7t       0x00009a94        0x0 pre_emptive_os/pre_emptive_os.a(a7hal.o)
 .glue_7t       0x00009a94        0x0 pre_emptive_os/pre_emptive_os.a(a7hal_a.o)
 .glue_7t       0x00009a94        0x0 pre_emptive_os/pre_emptive_os.a(event.o)
 .glue_7t       0x00009a94        0x0 /cygdrive/c/GNUARM/bin/../lib/gcc/arm-elf/4.1.1/interwork/libgcc.a(_udivsi3.o)
 .glue_7t       0x00009a94        0x0 /cygdrive/c/GNUARM/bin/../lib/gcc/arm-elf/4.1.1/interwork/libgcc.a(_divsi3.o)
 .glue_7t       0x00009a94        0x0 /cygdrive/c/GNUARM/bin/../lib/gcc/arm-elf/4.1.1/interwork/libgcc.a(_umodsi3.o)
 .glue_7t       0x00009a94        0x0 /cygdrive/c/GNUARM/bin/../lib/gcc/arm-elf/4.1.1/interwork/libgcc.a(_modsi3.o)
 .glue_7t       0x00009a94        0x0 /cygdrive/c/GNUARM/bin/../lib/gcc/arm-elf/4.1.1/interwork/libgcc.a(_dvmd_tls.o)
 .glue_7t       0x00009a94        0x0 /cygdrive/c/GNUARM/bin/../lib/gcc/arm-elf/4.1.1/interwork/libgcc.a(_call_via_rX.o)
 .glue_7t       0x00009a94        0x0 /cygdrive/c/GNUARM/bin/../lib/gcc/arm-elf/4.1.1/interwork/libgcc.a(_addsubdf3.o)
 .glue_7t       0x00009a94        0x0 /cygdrive/c/GNUARM/bin/../lib/gcc/arm-elf/4.1.1/interwork/libgcc.a(_muldivdf3.o)
 .glue_7t       0x00009a94        0x0 /cygdrive/c/GNUARM/bin/../lib/gcc/arm-elf/4.1.1/interwork/libgcc.a(_cmpdf2.o)
 .glue_7t       0x00009a94        0x0 /cygdrive/c/GNUARM/bin/../lib/gcc/arm-elf/4.1.1/interwork/libgcc.a(_fixdfsi.o)
 .glue_7t       0x00009a94        0x0 /cygdrive/c/GNUARM/bin/../lib/gcc/arm-elf/4.1.1/interwork/libgcc.a(_fixunsdfsi.o)
 .glue_7t       0x00009a94        0x0 /cygdrive/c/GNUARM/bin/../lib/gcc/arm-elf/4.1.1/../../../../arm-elf/lib/interwork/libc.a(atoi.o)
 .glue_7t       0x00009a94        0x0 /cygdrive/c/GNUARM/bin/../lib/gcc/arm-elf/4.1.1/../../../../arm-elf/lib/interwork/libc.a(errno.o)
 .glue_7t       0x00009a94        0x0 /cygdrive/c/GNUARM/bin/../lib/gcc/arm-elf/4.1.1/../../../../arm-elf/lib/interwork/libc.a(impure.o)
 .glue_7t       0x00009a94        0x0 /cygdrive/c/GNUARM/bin/../lib/gcc/arm-elf/4.1.1/../../../../arm-elf/lib/interwork/libc.a(memcmp.o)
 .glue_7t       0x00009a94        0x0 /cygdrive/c/GNUARM/bin/../lib/gcc/arm-elf/4.1.1/../../../../arm-elf/lib/interwork/libc.a(memcpy.o)
 .glue_7t       0x00009a94        0x0 /cygdrive/c/GNUARM/bin/../lib/gcc/arm-elf/4.1.1/../../../../arm-elf/lib/interwork/libc.a(rand.o)
 .glue_7t       0x00009a94        0x0 /cygdrive/c/GNUARM/bin/../lib/gcc/arm-elf/4.1.1/../../../../arm-elf/lib/interwork/libc.a(strchr.o)
 .glue_7t       0x00009a94        0x0 /cygdrive/c/GNUARM/bin/../lib/gcc/arm-elf/4.1.1/../../../../arm-elf/lib/interwork/libc.a(strcpy.o)
 .glue_7t       0x00009a94        0x0 /cygdrive/c/GNUARM/bin/../lib/gcc/arm-elf/4.1.1/../../../../arm-elf/lib/interwork/libc.a(strlen.o)
 .glue_7t       0x00009a94        0x0 /cygdrive/c/GNUARM/bin/../lib/gcc/arm-elf/4.1.1/../../../../arm-elf/lib/interwork/libc.a(strncmp.o)
 .glue_7t       0x00009a94        0x0 /cygdrive/c/GNUARM/bin/../lib/gcc/arm-elf/4.1.1/../../../../arm-elf/lib/interwork/libc.a(strtol.o)
 .glue_7t       0x00009a94      0x128 /cygdrive/c/GNUARM/bin/../lib/gcc/arm-elf/4.1.1/../../../../arm-elf/lib/interwork/libc.a(ctype_.o)
                0x00009b10                __strcpy_change_to_arm
                0x00009af0                ____modsi3_change_to_arm
                0x00009b3c                ____gtdf2_from_thumb
                0x00009b2c                ____subdf3_from_thumb
                0x00009b50                ____ltdf2_change_to_arm
                0x00009b64                ____ledf2_from_thumb
                0x00009b8c                __halRestoreInterrupts_oshal_from_thumb
                0x00009b30                ____subdf3_change_to_arm
                0x00009ab8                __restoreIrq_change_to_arm
                0x00009b48                ____gedf2_change_to_arm
                0x00009ad0                __strchr_change_to_arm
                0x00009abc                __memcpy_from_thumb
                0x00009b9c                __ctxSwitch_oshal_from_thumb
                0x00009b98                __stkFrameInit_oshal_change_to_arm
                0x00009afc                __srand_from_thumb
                0x00009b08                __strncmp_change_to_arm
                0x00009bb0                __initTimer_oshal_change_to_arm
                0x00009b7c                ____eqdf2_from_thumb
                0x00009bb4                __startHighProc_oshal_from_thumb
                0x00009a98                ____umodsi3_change_to_arm
                0x00009b74                ____fixdfsi_from_thumb
                0x00009b58                ____divdf3_change_to_arm
                0x00009b0c                __strcpy_from_thumb
                0x00009b44                ____gedf2_from_thumb
                0x00009aec                ____modsi3_from_thumb
                0x00009ad8                ____udivsi3_change_to_arm
                0x00009bb8                __startHighProc_oshal_change_to_arm
                0x00009ba4                __ctxSwitchIsr_oshal_from_thumb
                0x00009acc                __strchr_from_thumb
                0x00009ab0                __disIrq_change_to_arm
                0x00009b24                ____fixunsdfsi_from_thumb
                0x00009b60                ____muldf3_change_to_arm
                0x00009b78                ____fixdfsi_change_to_arm
                0x00009aac                __disIrq_from_thumb
                0x00009b54                ____divdf3_from_thumb
                0x00009b90                __halRestoreInterrupts_oshal_change_to_arm
                0x00009aa8                __simplePrintf_change_to_arm
                0x00009b00                __srand_change_to_arm
                0x00009a94                ____umodsi3_from_thumb
                0x00009ae4                ____divsi3_from_thumb
                0x00009b28                ____fixunsdfsi_change_to_arm
                0x00009b20                ____adddf3_change_to_arm
                0x00009b40                ____gtdf2_change_to_arm
                0x00009ba0                __ctxSwitch_oshal_change_to_arm
                0x00009b14                ____floatsidf_from_thumb
                0x00009b4c                ____ltdf2_from_thumb
                0x00009b94                __stkFrameInit_oshal_from_thumb
                0x00009ad4                ____udivsi3_from_thumb
                0x00009a9c                __eaInit_from_thumb
                0x00009b38                ____nedf2_change_to_arm
                0x00009adc                __consolGetChar_from_thumb
                0x00009b1c                ____adddf3_from_thumb
                0x00009aa4                __simplePrintf_from_thumb
                0x00009bac                __initTimer_oshal_from_thumb
                0x00009aa0                __eaInit_change_to_arm
                0x00009ae0                __consolGetChar_change_to_arm
                0x00009b80                ____eqdf2_change_to_arm
                0x00009ba8                __ctxSwitchIsr_oshal_change_to_arm
                0x00009af4                __rand_from_thumb
                0x00009ac4                __memcmp_from_thumb
                0x00009ac8                __memcmp_change_to_arm
                0x00009b88                __halDisableInterrupts_oshal_change_to_arm
                0x00009b84                __halDisableInterrupts_oshal_from_thumb
                0x00009b70                ____errno_change_to_arm
                0x00009b5c                ____muldf3_from_thumb
                0x00009b6c                ____errno_from_thumb
                0x00009ab4                __restoreIrq_from_thumb
                0x00009b34                ____nedf2_from_thumb
                0x00009ac0                __memcpy_change_to_arm
                0x00009b68                ____ledf2_change_to_arm
                0x00009b04                __strncmp_from_thumb
                0x00009ae8                ____divsi3_change_to_arm
                0x00009b18                ____floatsidf_change_to_arm
                0x00009af8                __rand_change_to_arm
                0x00009bbc                . = ALIGN (0x4)

.rodata         0x00009bbc     0xbc94
 *(.rodata)
 .rodata        0x00009bbc     0x3ca8 main.o
                0x0000acec                _fire_2_100x40c
                0x0000c71a                _fire_5_100x40c
                0x0000a40a                _fire_1_100x40c
                0x0000b600                _fire_3_100x40c
                0x00009be4                _fire_0_100x40c
                0x0000bea8                _fire_4_100x40c
                0x0000cfba                _fire_6_100x40c
 .rodata        0x0000d864      0x55c lcd.o
                0x0000d864                charMap
 .rodata        0x0000ddc0     0x4c48 startupDisplay.o
                0x0000e244                _ea_97x60c
                0x0000e9a0                _future_128x39c
                0x000105a2                _fun_0_130x90c
                0x0000f4dc                _philips_122x25c
                0x0000fe88                _segger_85x40c
                0x000117ae                _fun_1_130x90c
 .rodata        0x00012a08       0x30 bt.o
 .rodata        0x00012a38       0x10 pong.o
 .rodata        0x00012a48       0x11 hw.o
 .rodata        0x00012a59     0x21e7 Arrow.o
                0x000132c9                _ArrowRight
                0x00012a59                _ArrowLeft
                0x00013b92                _ArrowUp
                0x0001440c                _ArrowDown
 .rodata        0x00014c40       0x10 startup/libea_startup_thumb.a(consol.o)
 .rodata        0x00014c50      0x188 libm.a(e_rem_pio2.o)
 .rodata        0x00014dd8       0x50 libm.a(k_rem_pio2.o)
 .rodata        0x00014e28        0x4 libm.a(s_lib_ver.o)
                0x00014e28                __fdlib_version
 .rodata        0x00014e2c        0x4 /cygdrive/c/GNUARM/bin/../lib/gcc/arm-elf/4.1.1/../../../../arm-elf/lib/interwork/libc.a(impure.o)
                0x00014e2c                _global_impure_ptr
 .rodata        0x00014e30      0x101 /cygdrive/c/GNUARM/bin/../lib/gcc/arm-elf/4.1.1/../../../../arm-elf/lib/interwork/libc.a(ctype_.o)
                0x00014e30                _ctype_
 *(.rodata*)
 *fill*         0x00014f31        0x3 00
 .rodata.str1.4
                0x00014f34      0x33d main.o
                                0x340 (size before relaxing)
 *fill*         0x00015271        0x3 00
 .rodata.str1.4
                0x00015274      0x32c bt.o
                                0x330 (size before relaxing)
 .rodata.str1.4
                0x000155a0       0x2d snake.o
                                 0x30 (size before relaxing)
 *fill*         0x000155cd        0x3 00
 .rodata.str1.4
                0x000155d0      0x183 pong.o
                                0x23c (size before relaxing)
 .rodata.str1.4
                0x00000000        0x8 Reflexes.o
 *fill*         0x00015753        0x1 00
 .rodata.str1.4
                0x00015754       0x18 startup/libea_startup_thumb.a(consol.o)
 .rodata.str1.4
                0x0001576c       0xd8 startup/libea_startup_thumb.a(framework.o)
 .rodata.str1.4
                0x00015844        0x5 libm.a(w_sqrt.o)
                                  0x8 (size before relaxing)
 *fill*         0x00015849        0x3 00
 .rodata.str1.4
                0x0001584c        0x4 /cygdrive/c/GNUARM/bin/../lib/gcc/arm-elf/4.1.1/../../../../arm-elf/lib/interwork/libc.a(impure.o)
                0x00015850                . = ALIGN (0x4)
                0x00015850                _etext = .
                0x00015850                PROVIDE (etext, .)

.data           0x40000080      0x470 load address 0x00015850
                0x40000080                _data = .
 *(.data)
 .data          0x40000080        0x1 main.o
 .data          0x40000081        0x0 lcd.o
 .data          0x40000081        0x0 startupDisplay.o
 .data          0x40000081        0x5 key.o
 .data          0x40000086        0x0 select.o
 .data          0x40000086        0x0 uart.o
 .data          0x40000086        0x0 bt.o
 .data          0x40000086        0x1 snake.o
 *fill*         0x40000087        0x1 00
 .data          0x40000088       0x60 pong.o
 .data          0x400000e8        0x0 eeprom.o
 .data          0x400000e8        0x0 i2c.o
 .data          0x400000e8        0x0 hw.o
 .data          0x400000e8        0x0 Arrow.o
 .data          0x400000e8        0x0 Reflexes.o
 .data          0x400000e8        0x0 startup/libea_startup_thumb.a(consol.o)
 .data          0x400000e8        0x0 startup/libea_startup_thumb.a(framework.o)
 .data          0x400000e8        0x0 startup/libea_startup_thumb.a(startup.o)
 .data          0x400000e8        0x0 irq_code/irqUart.a(irqUart.o)
 .data          0x400000e8        0x0 libm.a(s_cos.o)
 .data          0x400000e8        0x0 libm.a(s_round.o)
 .data          0x400000e8        0x0 libm.a(s_sin.o)
 .data          0x400000e8        0x0 libm.a(w_sqrt.o)
 .data          0x400000e8        0x0 libm.a(e_rem_pio2.o)
 .data          0x400000e8        0x0 libm.a(e_sqrt.o)
 .data          0x400000e8        0x0 libm.a(k_cos.o)
 .data          0x400000e8        0x0 libm.a(k_rem_pio2.o)
 .data          0x400000e8        0x0 libm.a(k_sin.o)
 .data          0x400000e8        0x0 libm.a(s_fabs.o)
 .data          0x400000e8        0x0 libm.a(s_floor.o)
 .data          0x400000e8        0x0 libm.a(s_isnan.o)
 .data          0x400000e8        0x0 libm.a(s_lib_ver.o)
 .data          0x400000e8        0x0 libm.a(s_matherr.o)
 .data          0x400000e8        0x0 libm.a(s_scalbn.o)
 .data          0x400000e8        0x0 libm.a(s_copysign.o)
 .data          0x400000e8        0x0 pre_emptive_os/pre_emptive_os.a(kernel.o)
 .data          0x400000e8        0x0 pre_emptive_os/pre_emptive_os.a(prioqueue.o)
 .data          0x400000e8        0x0 pre_emptive_os/pre_emptive_os.a(count_sem.o)
 .data          0x400000e8        0x0 pre_emptive_os/pre_emptive_os.a(timer.o)
 .data          0x400000e8        0x0 pre_emptive_os/pre_emptive_os.a(stack_usage.o)
 .data          0x400000e8        0x0 pre_emptive_os/pre_emptive_os.a(a7hal.o)
 .data          0x400000e8        0x0 pre_emptive_os/pre_emptive_os.a(a7hal_a.o)
 .data          0x400000e8        0x0 pre_emptive_os/pre_emptive_os.a(event.o)
 .data          0x400000e8        0x0 /cygdrive/c/GNUARM/bin/../lib/gcc/arm-elf/4.1.1/interwork/libgcc.a(_udivsi3.o)
 .data          0x400000e8        0x0 /cygdrive/c/GNUARM/bin/../lib/gcc/arm-elf/4.1.1/interwork/libgcc.a(_divsi3.o)
 .data          0x400000e8        0x0 /cygdrive/c/GNUARM/bin/../lib/gcc/arm-elf/4.1.1/interwork/libgcc.a(_umodsi3.o)
 .data          0x400000e8        0x0 /cygdrive/c/GNUARM/bin/../lib/gcc/arm-elf/4.1.1/interwork/libgcc.a(_modsi3.o)
 .data          0x400000e8        0x0 /cygdrive/c/GNUARM/bin/../lib/gcc/arm-elf/4.1.1/interwork/libgcc.a(_dvmd_tls.o)
 .data          0x400000e8        0x0 /cygdrive/c/GNUARM/bin/../lib/gcc/arm-elf/4.1.1/interwork/libgcc.a(_call_via_rX.o)
 .data          0x400000e8        0x0 /cygdrive/c/GNUARM/bin/../lib/gcc/arm-elf/4.1.1/interwork/libgcc.a(_addsubdf3.o)
 .data          0x400000e8        0x0 /cygdrive/c/GNUARM/bin/../lib/gcc/arm-elf/4.1.1/interwork/libgcc.a(_muldivdf3.o)
 .data          0x400000e8        0x0 /cygdrive/c/GNUARM/bin/../lib/gcc/arm-elf/4.1.1/interwork/libgcc.a(_cmpdf2.o)
 .data          0x400000e8        0x0 /cygdrive/c/GNUARM/bin/../lib/gcc/arm-elf/4.1.1/interwork/libgcc.a(_fixdfsi.o)
 .data          0x400000e8        0x0 /cygdrive/c/GNUARM/bin/../lib/gcc/arm-elf/4.1.1/interwork/libgcc.a(_fixunsdfsi.o)
 .data          0x400000e8        0x0 /cygdrive/c/GNUARM/bin/../lib/gcc/arm-elf/4.1.1/../../../../arm-elf/lib/interwork/libc.a(atoi.o)
 .data          0x400000e8        0x0 /cygdrive/c/GNUARM/bin/../lib/gcc/arm-elf/4.1.1/../../../../arm-elf/lib/interwork/libc.a(errno.o)
 .data          0x400000e8      0x404 /cygdrive/c/GNUARM/bin/../lib/gcc/arm-elf/4.1.1/../../../../arm-elf/lib/interwork/libc.a(impure.o)
                0x400000e8                _impure_ptr
 .data          0x400004ec        0x0 /cygdrive/c/GNUARM/bin/../lib/gcc/arm-elf/4.1.1/../../../../arm-elf/lib/interwork/libc.a(memcmp.o)
 .data          0x400004ec        0x0 /cygdrive/c/GNUARM/bin/../lib/gcc/arm-elf/4.1.1/../../../../arm-elf/lib/interwork/libc.a(memcpy.o)
 .data          0x400004ec        0x0 /cygdrive/c/GNUARM/bin/../lib/gcc/arm-elf/4.1.1/../../../../arm-elf/lib/interwork/libc.a(rand.o)
 .data          0x400004ec        0x0 /cygdrive/c/GNUARM/bin/../lib/gcc/arm-elf/4.1.1/../../../../arm-elf/lib/interwork/libc.a(strchr.o)
 .data          0x400004ec        0x0 /cygdrive/c/GNUARM/bin/../lib/gcc/arm-elf/4.1.1/../../../../arm-elf/lib/interwork/libc.a(strcpy.o)
 .data          0x400004ec        0x0 /cygdrive/c/GNUARM/bin/../lib/gcc/arm-elf/4.1.1/../../../../arm-elf/lib/interwork/libc.a(strlen.o)
 .data          0x400004ec        0x0 /cygdrive/c/GNUARM/bin/../lib/gcc/arm-elf/4.1.1/../../../../arm-elf/lib/interwork/libc.a(strncmp.o)
 .data          0x400004ec        0x0 /cygdrive/c/GNUARM/bin/../lib/gcc/arm-elf/4.1.1/../../../../arm-elf/lib/interwork/libc.a(strtol.o)
 .data          0x400004ec        0x4 /cygdrive/c/GNUARM/bin/../lib/gcc/arm-elf/4.1.1/../../../../arm-elf/lib/interwork/libc.a(ctype_.o)
                0x400004ec                __ctype_ptr
                0x400004f0                . = ALIGN (0x4)
                0x400004f0                _edata = .
                0x400004f0                PROVIDE (edata, .)

.bss            0x400004f0     0x19e0
                0x400004f0                _bss = .
                0x400004f0                __bss_start = .
                0x400004f0                __bss_start__ = .
 *(.bss)
 .bss           0x400004f0      0x57a main.o
 .bss           0x40000a6a        0x5 lcd.o
 .bss           0x40000a6f        0x0 startupDisplay.o
 .bss           0x40000a6f        0x7 key.o
 *fill*         0x40000a76        0x2 00
 .bss           0x40000a78       0x34 select.o
 .bss           0x40000aac       0x18 uart.o
                0x40000ab4                uart1TxRunning
                0x40000aac                uart1TxHead
                0x40000ab0                uart1TxTail
                0x40000ab8                uart1RxHead
                0x40000ac0                uart1RxInBuff
                0x40000abc                uart1RxTail
 .bss           0x40000ac4      0x404 bt.o
 .bss           0x40000ec8      0x288 snake.o
 .bss           0x40001150       0xd8 pong.o
 .bss           0x40001228        0x0 eeprom.o
 .bss           0x40001228       0x1c i2c.o
 .bss           0x40001244        0x2 hw.o
 .bss           0x40001246        0x0 Arrow.o
 .bss           0x40001246        0x0 Reflexes.o
 .bss           0x40001246        0x0 startup/libea_startup_thumb.a(consol.o)
 .bss           0x40001246        0x0 startup/libea_startup_thumb.a(framework.o)
 .bss           0x40001246        0x0 startup/libea_startup_thumb.a(startup.o)
 .bss           0x40001246        0x0 irq_code/irqUart.a(irqUart.o)
 .bss           0x40001246        0x0 libm.a(s_cos.o)
 .bss           0x40001246        0x0 libm.a(s_round.o)
 .bss           0x40001246        0x0 libm.a(s_sin.o)
 .bss           0x40001246        0x0 libm.a(w_sqrt.o)
 .bss           0x40001246        0x0 libm.a(e_rem_pio2.o)
 .bss           0x40001246        0x0 libm.a(e_sqrt.o)
 .bss           0x40001246        0x0 libm.a(k_cos.o)
 .bss           0x40001246        0x0 libm.a(k_rem_pio2.o)
 .bss           0x40001246        0x0 libm.a(k_sin.o)
 .bss           0x40001246        0x0 libm.a(s_fabs.o)
 .bss           0x40001246        0x0 libm.a(s_floor.o)
 .bss           0x40001246        0x0 libm.a(s_isnan.o)
 .bss           0x40001246        0x0 libm.a(s_lib_ver.o)
 .bss           0x40001246        0x0 libm.a(s_matherr.o)
 .bss           0x40001246        0x0 libm.a(s_scalbn.o)
 .bss           0x40001246        0x0 libm.a(s_copysign.o)
 *fill*         0x40001246        0x2 00
 .bss           0x40001248       0x2c pre_emptive_os/pre_emptive_os.a(kernel.o)
                0x40001248                osLockNesting
                0x4000124c                pNxtToRun
                0x40001250                pRunProc
                0x40001249                isrNesting
 .bss           0x40001274        0x0 pre_emptive_os/pre_emptive_os.a(prioqueue.o)
 .bss           0x40001274        0x0 pre_emptive_os/pre_emptive_os.a(count_sem.o)
 .bss           0x40001274      0x348 pre_emptive_os/pre_emptive_os.a(timer.o)
 .bss           0x400015bc        0x0 pre_emptive_os/pre_emptive_os.a(stack_usage.o)
 .bss           0x400015bc        0x0 pre_emptive_os/pre_emptive_os.a(a7hal.o)
 .bss           0x400015bc        0x0 pre_emptive_os/pre_emptive_os.a(a7hal_a.o)
 .bss           0x400015bc        0x0 pre_emptive_os/pre_emptive_os.a(event.o)
 .bss           0x400015bc        0x0 /cygdrive/c/GNUARM/bin/../lib/gcc/arm-elf/4.1.1/interwork/libgcc.a(_udivsi3.o)
 .bss           0x400015bc        0x0 /cygdrive/c/GNUARM/bin/../lib/gcc/arm-elf/4.1.1/interwork/libgcc.a(_divsi3.o)
 .bss           0x400015bc        0x0 /cygdrive/c/GNUARM/bin/../lib/gcc/arm-elf/4.1.1/interwork/libgcc.a(_umodsi3.o)
 .bss           0x400015bc        0x0 /cygdrive/c/GNUARM/bin/../lib/gcc/arm-elf/4.1.1/interwork/libgcc.a(_modsi3.o)
 .bss           0x400015bc        0x0 /cygdrive/c/GNUARM/bin/../lib/gcc/arm-elf/4.1.1/interwork/libgcc.a(_dvmd_tls.o)
 .bss           0x400015bc        0x0 /cygdrive/c/GNUARM/bin/../lib/gcc/arm-elf/4.1.1/interwork/libgcc.a(_call_via_rX.o)
 .bss           0x400015bc        0x0 /cygdrive/c/GNUARM/bin/../lib/gcc/arm-elf/4.1.1/interwork/libgcc.a(_addsubdf3.o)
 .bss           0x400015bc        0x0 /cygdrive/c/GNUARM/bin/../lib/gcc/arm-elf/4.1.1/interwork/libgcc.a(_muldivdf3.o)
 .bss           0x400015bc        0x0 /cygdrive/c/GNUARM/bin/../lib/gcc/arm-elf/4.1.1/interwork/libgcc.a(_cmpdf2.o)
 .bss           0x400015bc        0x0 /cygdrive/c/GNUARM/bin/../lib/gcc/arm-elf/4.1.1/interwork/libgcc.a(_fixdfsi.o)
 .bss           0x400015bc        0x0 /cygdrive/c/GNUARM/bin/../lib/gcc/arm-elf/4.1.1/interwork/libgcc.a(_fixunsdfsi.o)
 .bss           0x400015bc        0x0 /cygdrive/c/GNUARM/bin/../lib/gcc/arm-elf/4.1.1/../../../../arm-elf/lib/interwork/libc.a(atoi.o)
 .bss           0x400015bc        0x0 /cygdrive/c/GNUARM/bin/../lib/gcc/arm-elf/4.1.1/../../../../arm-elf/lib/interwork/libc.a(errno.o)
 .bss           0x400015bc        0x0 /cygdrive/c/GNUARM/bin/../lib/gcc/arm-elf/4.1.1/../../../../arm-elf/lib/interwork/libc.a(impure.o)
 .bss           0x400015bc        0x0 /cygdrive/c/GNUARM/bin/../lib/gcc/arm-elf/4.1.1/../../../../arm-elf/lib/interwork/libc.a(memcmp.o)
 .bss           0x400015bc        0x0 /cygdrive/c/GNUARM/bin/../lib/gcc/arm-elf/4.1.1/../../../../arm-elf/lib/interwork/libc.a(memcpy.o)
 .bss           0x400015bc        0x0 /cygdrive/c/GNUARM/bin/../lib/gcc/arm-elf/4.1.1/../../../../arm-elf/lib/interwork/libc.a(rand.o)
 .bss           0x400015bc        0x0 /cygdrive/c/GNUARM/bin/../lib/gcc/arm-elf/4.1.1/../../../../arm-elf/lib/interwork/libc.a(strchr.o)
 .bss           0x400015bc        0x0 /cygdrive/c/GNUARM/bin/../lib/gcc/arm-elf/4.1.1/../../../../arm-elf/lib/interwork/libc.a(strcpy.o)
 .bss           0x400015bc        0x0 /cygdrive/c/GNUARM/bin/../lib/gcc/arm-elf/4.1.1/../../../../arm-elf/lib/interwork/libc.a(strlen.o)
 .bss           0x400015bc        0x0 /cygdrive/c/GNUARM/bin/../lib/gcc/arm-elf/4.1.1/../../../../arm-elf/lib/interwork/libc.a(strncmp.o)
 .bss           0x400015bc        0x0 /cygdrive/c/GNUARM/bin/../lib/gcc/arm-elf/4.1.1/../../../../arm-elf/lib/interwork/libc.a(strtol.o)
 .bss           0x400015bc        0x0 /cygdrive/c/GNUARM/bin/../lib/gcc/arm-elf/4.1.1/../../../../arm-elf/lib/interwork/libc.a(ctype_.o)
 *(COMMON)
 COMMON         0x400015bc        0x6 main.o
                0x400015bc                ms
                0x400015c0                ver1_1
                0x400015c1                ver1_0
 *fill*         0x400015c2        0x2 00
 COMMON         0x400015c4      0x51c uart.o
                0x400015c4                uart1RxBuf
                0x400019c4                receiveSem
                0x400019e0                uart1TxBuf
 COMMON         0x40001ae0      0x320 snake.o
                0x40001ae0                snake
 COMMON         0x40001e00        0x8 startup/libea_startup_thumb.a(framework.o)
                0x40001e00                pHeapEnd
                0x40001e04                pHeapStart
 COMMON         0x40001e08       0xc8 pre_emptive_os/pre_emptive_os.a(kernel.o)
                0x40001e08                processControlBlocks
                0x40001ed0                . = ALIGN (0x4)
                0x40001ed0                . = ALIGN (0x4)
                0x40001ed0                __bss_end = .
                0x40001ed0                __bss_end__ = .
                0x40001ed0                _end = .
                0x40001ed0                PROVIDE (end, .)

.stab           0x00000000      0x600
 *(.stab)
 .stab          0x00000000      0x3c0 startup/libea_startup_thumb.a(startup.o)
 .stab          0x000003c0      0x240 pre_emptive_os/pre_emptive_os.a(a7hal_a.o)
                                0x24c (size before relaxing)

.stabstr        0x00000000       0x9a
 *(.stabstr)
 .stabstr       0x00000000       0x9a startup/libea_startup_thumb.a(startup.o)

.stab.excl
 *(.stab.excl)

.stab.exclstr
 *(.stab.exclstr)

.stab.index
 *(.stab.index)

.stab.indexstr
 *(.stab.indexstr)

.comment        0x00000000      0x3a8
 *(.comment)
 .comment       0x00000000       0x12 main.o
 .comment       0x00000012       0x12 lcd.o
 .comment       0x00000024       0x12 startupDisplay.o
 .comment       0x00000036       0x12 key.o
 .comment       0x00000048       0x12 select.o
 .comment       0x0000005a       0x12 uart.o
 .comment       0x0000006c       0x12 bt.o
 .comment       0x0000007e       0x12 snake.o
 .comment       0x00000090       0x12 pong.o
 .comment       0x000000a2       0x12 eeprom.o
 .comment       0x000000b4       0x12 i2c.o
 .comment       0x000000c6       0x12 hw.o
 .comment       0x000000d8       0x12 Arrow.o
 .comment       0x000000ea       0x12 Reflexes.o
 .comment       0x000000fc       0x12 startup/libea_startup_thumb.a(consol.o)
 .comment       0x0000010e       0x12 startup/libea_startup_thumb.a(framework.o)
 .comment       0x00000120       0x12 irq_code/irqUart.a(irqUart.o)
 .comment       0x00000132       0x12 libm.a(s_cos.o)
 .comment       0x00000144       0x12 libm.a(s_round.o)
 .comment       0x00000156       0x12 libm.a(s_sin.o)
 .comment       0x00000168       0x12 libm.a(w_sqrt.o)
 .comment       0x0000017a       0x12 libm.a(e_rem_pio2.o)
 .comment       0x0000018c       0x12 libm.a(e_sqrt.o)
 .comment       0x0000019e       0x12 libm.a(k_cos.o)
 .comment       0x000001b0       0x12 libm.a(k_rem_pio2.o)
 .comment       0x000001c2       0x12 libm.a(k_sin.o)
 .comment       0x000001d4       0x12 libm.a(s_fabs.o)
 .comment       0x000001e6       0x12 libm.a(s_floor.o)
 .comment       0x000001f8       0x12 libm.a(s_isnan.o)
 .comment       0x0000020a       0x12 libm.a(s_lib_ver.o)
 .comment       0x0000021c       0x12 libm.a(s_matherr.o)
 .comment       0x0000022e       0x12 libm.a(s_scalbn.o)
 .comment       0x00000240       0x12 libm.a(s_copysign.o)
 .comment       0x00000252       0x12 pre_emptive_os/pre_emptive_os.a(kernel.o)
 .comment       0x00000264       0x12 pre_emptive_os/pre_emptive_os.a(prioqueue.o)
 .comment       0x00000276       0x12 pre_emptive_os/pre_emptive_os.a(count_sem.o)
 .comment       0x00000288       0x12 pre_emptive_os/pre_emptive_os.a(timer.o)
 .comment       0x0000029a       0x12 pre_emptive_os/pre_emptive_os.a(stack_usage.o)
 .comment       0x000002ac       0x12 pre_emptive_os/pre_emptive_os.a(a7hal.o)
 .comment       0x000002be       0x12 pre_emptive_os/pre_emptive_os.a(event.o)
 .comment       0x000002d0       0x12 /cygdrive/c/GNUARM/bin/../lib/gcc/arm-elf/4.1.1/../../../../arm-elf/lib/interwork/libc.a(atoi.o)
 .comment       0x000002e2       0x12 /cygdrive/c/GNUARM/bin/../lib/gcc/arm-elf/4.1.1/../../../../arm-elf/lib/interwork/libc.a(errno.o)
 .comment       0x000002f4       0x12 /cygdrive/c/GNUARM/bin/../lib/gcc/arm-elf/4.1.1/../../../../arm-elf/lib/interwork/libc.a(impure.o)
 .comment       0x00000306       0x12 /cygdrive/c/GNUARM/bin/../lib/gcc/arm-elf/4.1.1/../../../../arm-elf/lib/interwork/libc.a(memcmp.o)
 .comment       0x00000318       0x12 /cygdrive/c/GNUARM/bin/../lib/gcc/arm-elf/4.1.1/../../../../arm-elf/lib/interwork/libc.a(memcpy.o)
 .comment       0x0000032a       0x12 /cygdrive/c/GNUARM/bin/../lib/gcc/arm-elf/4.1.1/../../../../arm-elf/lib/interwork/libc.a(rand.o)
 .comment       0x0000033c       0x12 /cygdrive/c/GNUARM/bin/../lib/gcc/arm-elf/4.1.1/../../../../arm-elf/lib/interwork/libc.a(strchr.o)
 .comment       0x0000034e       0x12 /cygdrive/c/GNUARM/bin/../lib/gcc/arm-elf/4.1.1/../../../../arm-elf/lib/interwork/libc.a(strcpy.o)
 .comment       0x00000360       0x12 /cygdrive/c/GNUARM/bin/../lib/gcc/arm-elf/4.1.1/../../../../arm-elf/lib/interwork/libc.a(strlen.o)
 .comment       0x00000372       0x12 /cygdrive/c/GNUARM/bin/../lib/gcc/arm-elf/4.1.1/../../../../arm-elf/lib/interwork/libc.a(strncmp.o)
 .comment       0x00000384       0x12 /cygdrive/c/GNUARM/bin/../lib/gcc/arm-elf/4.1.1/../../../../arm-elf/lib/interwork/libc.a(strtol.o)
 .comment       0x00000396       0x12 /cygdrive/c/GNUARM/bin/../lib/gcc/arm-elf/4.1.1/../../../../arm-elf/lib/interwork/libc.a(ctype_.o)

.debug
 *(.debug)

.line
 *(.line)

.debug_srcinfo
 *(.debug_srcinfo)

.debug_sfnames
 *(.debug_sfnames)

.debug_aranges  0x00000000      0x780
 *(.debug_aranges)
 .debug_aranges
                0x00000000       0x20 main.o
 .debug_aranges
                0x00000020       0x20 lcd.o
 .debug_aranges
                0x00000040       0x20 startupDisplay.o
 .debug_aranges
                0x00000060       0x20 key.o
 .debug_aranges
                0x00000080       0x20 select.o
 .debug_aranges
                0x000000a0       0x20 uart.o
 .debug_aranges
                0x000000c0       0x20 bt.o
 .debug_aranges
                0x000000e0       0x20 snake.o
 .debug_aranges
                0x00000100       0x20 pong.o
 .debug_aranges
                0x00000120       0x20 eeprom.o
 .debug_aranges
                0x00000140       0x20 i2c.o
 .debug_aranges
                0x00000160       0x20 hw.o
 .debug_aranges
                0x00000180       0x20 Arrow.o
 .debug_aranges
                0x000001a0       0x20 Reflexes.o
 .debug_aranges
                0x000001c0       0x20 startup/libea_startup_thumb.a(consol.o)
 .debug_aranges
                0x000001e0       0x20 startup/libea_startup_thumb.a(framework.o)
 .debug_aranges
                0x00000200       0x20 irq_code/irqUart.a(irqUart.o)
 .debug_aranges
                0x00000220       0x20 libm.a(s_cos.o)
 .debug_aranges
                0x00000240       0x20 libm.a(s_round.o)
 .debug_aranges
                0x00000260       0x20 libm.a(s_sin.o)
 .debug_aranges
                0x00000280       0x20 libm.a(w_sqrt.o)
 .debug_aranges
                0x000002a0       0x20 libm.a(e_rem_pio2.o)
 .debug_aranges
                0x000002c0       0x20 libm.a(e_sqrt.o)
 .debug_aranges
                0x000002e0       0x20 libm.a(k_cos.o)
 .debug_aranges
                0x00000300       0x20 libm.a(k_rem_pio2.o)
 .debug_aranges
                0x00000320       0x20 libm.a(k_sin.o)
 .debug_aranges
                0x00000340       0x20 libm.a(s_fabs.o)
 .debug_aranges
                0x00000360       0x20 libm.a(s_floor.o)
 .debug_aranges
                0x00000380       0x20 libm.a(s_isnan.o)
 .debug_aranges
                0x000003a0       0x20 libm.a(s_matherr.o)
 .debug_aranges
                0x000003c0       0x20 libm.a(s_scalbn.o)
 .debug_aranges
                0x000003e0       0x20 libm.a(s_copysign.o)
 .debug_aranges
                0x00000400       0x20 pre_emptive_os/pre_emptive_os.a(kernel.o)
 .debug_aranges
                0x00000420       0x20 pre_emptive_os/pre_emptive_os.a(prioqueue.o)
 .debug_aranges
                0x00000440       0x20 pre_emptive_os/pre_emptive_os.a(count_sem.o)
 .debug_aranges
                0x00000460       0x20 pre_emptive_os/pre_emptive_os.a(timer.o)
 .debug_aranges
                0x00000480       0x20 pre_emptive_os/pre_emptive_os.a(stack_usage.o)
 .debug_aranges
                0x000004a0       0x20 pre_emptive_os/pre_emptive_os.a(a7hal.o)
 .debug_aranges
                0x000004c0       0x20 pre_emptive_os/pre_emptive_os.a(event.o)
 .debug_aranges
                0x000004e0       0x20 /cygdrive/c/GNUARM/bin/../lib/gcc/arm-elf/4.1.1/interwork/libgcc.a(_udivsi3.o)
 .debug_aranges
                0x00000500       0x20 /cygdrive/c/GNUARM/bin/../lib/gcc/arm-elf/4.1.1/interwork/libgcc.a(_divsi3.o)
 .debug_aranges
                0x00000520       0x20 /cygdrive/c/GNUARM/bin/../lib/gcc/arm-elf/4.1.1/interwork/libgcc.a(_umodsi3.o)
 .debug_aranges
                0x00000540       0x20 /cygdrive/c/GNUARM/bin/../lib/gcc/arm-elf/4.1.1/interwork/libgcc.a(_modsi3.o)
 .debug_aranges
                0x00000560       0x20 /cygdrive/c/GNUARM/bin/../lib/gcc/arm-elf/4.1.1/interwork/libgcc.a(_dvmd_tls.o)
 .debug_aranges
                0x00000580       0x20 /cygdrive/c/GNUARM/bin/../lib/gcc/arm-elf/4.1.1/interwork/libgcc.a(_call_via_rX.o)
 .debug_aranges
                0x000005a0       0x20 /cygdrive/c/GNUARM/bin/../lib/gcc/arm-elf/4.1.1/interwork/libgcc.a(_addsubdf3.o)
 .debug_aranges
                0x000005c0       0x20 /cygdrive/c/GNUARM/bin/../lib/gcc/arm-elf/4.1.1/interwork/libgcc.a(_muldivdf3.o)
 .debug_aranges
                0x000005e0       0x20 /cygdrive/c/GNUARM/bin/../lib/gcc/arm-elf/4.1.1/interwork/libgcc.a(_cmpdf2.o)
 .debug_aranges
                0x00000600       0x20 /cygdrive/c/GNUARM/bin/../lib/gcc/arm-elf/4.1.1/interwork/libgcc.a(_fixdfsi.o)
 .debug_aranges
                0x00000620       0x20 /cygdrive/c/GNUARM/bin/../lib/gcc/arm-elf/4.1.1/interwork/libgcc.a(_fixunsdfsi.o)
 .debug_aranges
                0x00000640       0x20 /cygdrive/c/GNUARM/bin/../lib/gcc/arm-elf/4.1.1/../../../../arm-elf/lib/interwork/libc.a(atoi.o)
 .debug_aranges
                0x00000660       0x20 /cygdrive/c/GNUARM/bin/../lib/gcc/arm-elf/4.1.1/../../../../arm-elf/lib/interwork/libc.a(errno.o)
 .debug_aranges
                0x00000680       0x20 /cygdrive/c/GNUARM/bin/../lib/gcc/arm-elf/4.1.1/../../../../arm-elf/lib/interwork/libc.a(memcmp.o)
 .debug_aranges
                0x000006a0       0x20 /cygdrive/c/GNUARM/bin/../lib/gcc/arm-elf/4.1.1/../../../../arm-elf/lib/interwork/libc.a(memcpy.o)
 .debug_aranges
                0x000006c0       0x20 /cygdrive/c/GNUARM/bin/../lib/gcc/arm-elf/4.1.1/../../../../arm-elf/lib/interwork/libc.a(rand.o)
 .debug_aranges
                0x000006e0       0x20 /cygdrive/c/GNUARM/bin/../lib/gcc/arm-elf/4.1.1/../../../../arm-elf/lib/interwork/libc.a(strchr.o)
 .debug_aranges
                0x00000700       0x20 /cygdrive/c/GNUARM/bin/../lib/gcc/arm-elf/4.1.1/../../../../arm-elf/lib/interwork/libc.a(strcpy.o)
 .debug_aranges
                0x00000720       0x20 /cygdrive/c/GNUARM/bin/../lib/gcc/arm-elf/4.1.1/../../../../arm-elf/lib/interwork/libc.a(strlen.o)
 .debug_aranges
                0x00000740       0x20 /cygdrive/c/GNUARM/bin/../lib/gcc/arm-elf/4.1.1/../../../../arm-elf/lib/interwork/libc.a(strncmp.o)
 .debug_aranges
                0x00000760       0x20 /cygdrive/c/GNUARM/bin/../lib/gcc/arm-elf/4.1.1/../../../../arm-elf/lib/interwork/libc.a(strtol.o)

.debug_pubnames
                0x00000000     0x108f
 *(.debug_pubnames)
 .debug_pubnames
                0x00000000       0xd0 main.o
 .debug_pubnames
                0x000000d0       0xfb lcd.o
 .debug_pubnames
                0x000001cb       0x9e startupDisplay.o
 .debug_pubnames
                0x00000269       0x51 key.o
 .debug_pubnames
                0x000002ba       0x1f select.o
 .debug_pubnames
                0x000002d9      0x12d uart.o
 .debug_pubnames
                0x00000406       0x67 bt.o
 .debug_pubnames
                0x0000046d       0x2a snake.o
 .debug_pubnames
                0x00000497       0x1f pong.o
 .debug_pubnames
                0x000004b6       0x71 eeprom.o
 .debug_pubnames
                0x00000527       0xee i2c.o
 .debug_pubnames
                0x00000615       0xa8 hw.o
 .debug_pubnames
                0x000006bd       0x90 Arrow.o
 .debug_pubnames
                0x0000074d       0x1e Reflexes.o
 .debug_pubnames
                0x0000076b       0xda startup/libea_startup_thumb.a(consol.o)
 .debug_pubnames
                0x00000845       0x63 startup/libea_startup_thumb.a(framework.o)
 .debug_pubnames
                0x000008a8       0x39 irq_code/irqUart.a(irqUart.o)
 .debug_pubnames
                0x000008e1       0x1a libm.a(s_cos.o)
 .debug_pubnames
                0x000008fb       0x1c libm.a(s_round.o)
 .debug_pubnames
                0x00000917       0x1a libm.a(s_sin.o)
 .debug_pubnames
                0x00000931       0x1b libm.a(w_sqrt.o)
 .debug_pubnames
                0x0000094c       0x29 libm.a(e_rem_pio2.o)
 .debug_pubnames
                0x00000975       0x25 libm.a(e_sqrt.o)
 .debug_pubnames
                0x0000099a       0x23 libm.a(k_cos.o)
 .debug_pubnames
                0x000009bd       0x28 libm.a(k_rem_pio2.o)
 .debug_pubnames
                0x000009e5       0x23 libm.a(k_sin.o)
 .debug_pubnames
                0x00000a08       0x1b libm.a(s_fabs.o)
 .debug_pubnames
                0x00000a23       0x1c libm.a(s_floor.o)
 .debug_pubnames
                0x00000a3f       0x1c libm.a(s_isnan.o)
 .debug_pubnames
                0x00000a5b       0x26 libm.a(s_lib_ver.o)
 .debug_pubnames
                0x00000a81       0x1e libm.a(s_matherr.o)
 .debug_pubnames
                0x00000a9f       0x1d libm.a(s_scalbn.o)
 .debug_pubnames
                0x00000abc       0x1f libm.a(s_copysign.o)
 .debug_pubnames
                0x00000adb      0x17f pre_emptive_os/pre_emptive_os.a(kernel.o)
 .debug_pubnames
                0x00000c5a       0x76 pre_emptive_os/pre_emptive_os.a(prioqueue.o)
 .debug_pubnames
                0x00000cd0       0x4d pre_emptive_os/pre_emptive_os.a(count_sem.o)
 .debug_pubnames
                0x00000d1d       0x55 pre_emptive_os/pre_emptive_os.a(timer.o)
 .debug_pubnames
                0x00000d72       0x4e pre_emptive_os/pre_emptive_os.a(stack_usage.o)
 .debug_pubnames
                0x00000dc0       0xc1 pre_emptive_os/pre_emptive_os.a(a7hal.o)
 .debug_pubnames
                0x00000e81       0x63 pre_emptive_os/pre_emptive_os.a(event.o)
 .debug_pubnames
                0x00000ee4       0x27 /cygdrive/c/GNUARM/bin/../lib/gcc/arm-elf/4.1.1/../../../../arm-elf/lib/interwork/libc.a(atoi.o)
 .debug_pubnames
                0x00000f0b       0x1e /cygdrive/c/GNUARM/bin/../lib/gcc/arm-elf/4.1.1/../../../../arm-elf/lib/interwork/libc.a(errno.o)
 .debug_pubnames
                0x00000f29       0x39 /cygdrive/c/GNUARM/bin/../lib/gcc/arm-elf/4.1.1/../../../../arm-elf/lib/interwork/libc.a(impure.o)
 .debug_pubnames
                0x00000f62       0x1d /cygdrive/c/GNUARM/bin/../lib/gcc/arm-elf/4.1.1/../../../../arm-elf/lib/interwork/libc.a(memcmp.o)
 .debug_pubnames
                0x00000f7f       0x1d /cygdrive/c/GNUARM/bin/../lib/gcc/arm-elf/4.1.1/../../../../arm-elf/lib/interwork/libc.a(memcpy.o)
 .debug_pubnames
                0x00000f9c       0x25 /cygdrive/c/GNUARM/bin/../lib/gcc/arm-elf/4.1.1/../../../../arm-elf/lib/interwork/libc.a(rand.o)
 .debug_pubnames
                0x00000fc1       0x1d /cygdrive/c/GNUARM/bin/../lib/gcc/arm-elf/4.1.1/../../../../arm-elf/lib/interwork/libc.a(strchr.o)
 .debug_pubnames
                0x00000fde       0x1d /cygdrive/c/GNUARM/bin/../lib/gcc/arm-elf/4.1.1/../../../../arm-elf/lib/interwork/libc.a(strcpy.o)
 .debug_pubnames
                0x00000ffb       0x1d /cygdrive/c/GNUARM/bin/../lib/gcc/arm-elf/4.1.1/../../../../arm-elf/lib/interwork/libc.a(strlen.o)
 .debug_pubnames
                0x00001018       0x1e /cygdrive/c/GNUARM/bin/../lib/gcc/arm-elf/4.1.1/../../../../arm-elf/lib/interwork/libc.a(strncmp.o)
 .debug_pubnames
                0x00001036       0x2b /cygdrive/c/GNUARM/bin/../lib/gcc/arm-elf/4.1.1/../../../../arm-elf/lib/interwork/libc.a(strtol.o)
 .debug_pubnames
                0x00001061       0x2e /cygdrive/c/GNUARM/bin/../lib/gcc/arm-elf/4.1.1/../../../../arm-elf/lib/interwork/libc.a(ctype_.o)

.debug_info     0x00000000     0xb30e
 *(.debug_info .gnu.linkonce.wi.*)
 .debug_info    0x00000000      0x383 main.o
 .debug_info    0x00000383      0x5c5 lcd.o
 .debug_info    0x00000948      0x1b4 startupDisplay.o
 .debug_info    0x00000afc      0x1d6 key.o
 .debug_info    0x00000cd2      0x203 select.o
 .debug_info    0x00000ed5      0x499 uart.o
 .debug_info    0x0000136e      0xc68 bt.o
 .debug_info    0x00001fd6      0x3e0 snake.o
 .debug_info    0x000023b6      0xa8e pong.o
 .debug_info    0x00002e44      0x30f eeprom.o
 .debug_info    0x00003153      0x648 i2c.o
 .debug_info    0x0000379b      0x2d7 hw.o
 .debug_info    0x00003a72      0x14b Arrow.o
 .debug_info    0x00003bbd       0x91 Reflexes.o
 .debug_info    0x00003c4e      0x584 startup/libea_startup_thumb.a(consol.o)
 .debug_info    0x000041d2      0x1e3 startup/libea_startup_thumb.a(framework.o)
 .debug_info    0x000043b5      0x35b irq_code/irqUart.a(irqUart.o)
 .debug_info    0x00004710       0xee libm.a(s_cos.o)
 .debug_info    0x000047fe      0x1af libm.a(s_round.o)
 .debug_info    0x000049ad       0xee libm.a(s_sin.o)
 .debug_info    0x00004a9b      0x172 libm.a(w_sqrt.o)
 .debug_info    0x00004c0d      0x390 libm.a(e_rem_pio2.o)
 .debug_info    0x00004f9d      0x211 libm.a(e_sqrt.o)
 .debug_info    0x000051ae      0x20c libm.a(k_cos.o)
 .debug_info    0x000053ba      0x2c0 libm.a(k_rem_pio2.o)
 .debug_info    0x0000567a      0x18b libm.a(k_sin.o)
 .debug_info    0x00005805      0x151 libm.a(s_fabs.o)
 .debug_info    0x00005956      0x1a0 libm.a(s_floor.o)
 .debug_info    0x00005af6      0x147 libm.a(s_isnan.o)
 .debug_info    0x00005c3d       0xbe libm.a(s_lib_ver.o)
 .debug_info    0x00005cfb      0x125 libm.a(s_matherr.o)
 .debug_info    0x00005e20      0x1f4 libm.a(s_scalbn.o)
 .debug_info    0x00006014      0x14a libm.a(s_copysign.o)
 .debug_info    0x0000615e      0x5fe pre_emptive_os/pre_emptive_os.a(kernel.o)
 .debug_info    0x0000675c      0x2e8 pre_emptive_os/pre_emptive_os.a(prioqueue.o)
 .debug_info    0x00006a44      0x32b pre_emptive_os/pre_emptive_os.a(count_sem.o)
 .debug_info    0x00006d6f      0x4b8 pre_emptive_os/pre_emptive_os.a(timer.o)
 .debug_info    0x00007227      0x2cf pre_emptive_os/pre_emptive_os.a(stack_usage.o)
 .debug_info    0x000074f6      0x189 pre_emptive_os/pre_emptive_os.a(a7hal.o)
 .debug_info    0x0000767f      0x2ee pre_emptive_os/pre_emptive_os.a(event.o)
 .debug_info    0x0000796d       0x68 /cygdrive/c/GNUARM/bin/../lib/gcc/arm-elf/4.1.1/interwork/libgcc.a(_udivsi3.o)
 .debug_info    0x000079d5       0x68 /cygdrive/c/GNUARM/bin/../lib/gcc/arm-elf/4.1.1/interwork/libgcc.a(_divsi3.o)
 .debug_info    0x00007a3d       0x68 /cygdrive/c/GNUARM/bin/../lib/gcc/arm-elf/4.1.1/interwork/libgcc.a(_umodsi3.o)
 .debug_info    0x00007aa5       0x68 /cygdrive/c/GNUARM/bin/../lib/gcc/arm-elf/4.1.1/interwork/libgcc.a(_modsi3.o)
 .debug_info    0x00007b0d       0x68 /cygdrive/c/GNUARM/bin/../lib/gcc/arm-elf/4.1.1/interwork/libgcc.a(_dvmd_tls.o)
 .debug_info    0x00007b75       0x68 /cygdrive/c/GNUARM/bin/../lib/gcc/arm-elf/4.1.1/interwork/libgcc.a(_call_via_rX.o)
 .debug_info    0x00007bdd       0x67 /cygdrive/c/GNUARM/bin/../lib/gcc/arm-elf/4.1.1/interwork/libgcc.a(_addsubdf3.o)
 .debug_info    0x00007c44       0x67 /cygdrive/c/GNUARM/bin/../lib/gcc/arm-elf/4.1.1/interwork/libgcc.a(_muldivdf3.o)
 .debug_info    0x00007cab       0x67 /cygdrive/c/GNUARM/bin/../lib/gcc/arm-elf/4.1.1/interwork/libgcc.a(_cmpdf2.o)
 .debug_info    0x00007d12       0x67 /cygdrive/c/GNUARM/bin/../lib/gcc/arm-elf/4.1.1/interwork/libgcc.a(_fixdfsi.o)
 .debug_info    0x00007d79       0x67 /cygdrive/c/GNUARM/bin/../lib/gcc/arm-elf/4.1.1/interwork/libgcc.a(_fixunsdfsi.o)
 .debug_info    0x00007de0      0x949 /cygdrive/c/GNUARM/bin/../lib/gcc/arm-elf/4.1.1/../../../../arm-elf/lib/interwork/libc.a(atoi.o)
 .debug_info    0x00008729      0x913 /cygdrive/c/GNUARM/bin/../lib/gcc/arm-elf/4.1.1/../../../../arm-elf/lib/interwork/libc.a(errno.o)
 .debug_info    0x0000903c      0x922 /cygdrive/c/GNUARM/bin/../lib/gcc/arm-elf/4.1.1/../../../../arm-elf/lib/interwork/libc.a(impure.o)
 .debug_info    0x0000995e      0x110 /cygdrive/c/GNUARM/bin/../lib/gcc/arm-elf/4.1.1/../../../../arm-elf/lib/interwork/libc.a(memcmp.o)
 .debug_info    0x00009a6e      0x10a /cygdrive/c/GNUARM/bin/../lib/gcc/arm-elf/4.1.1/../../../../arm-elf/lib/interwork/libc.a(memcpy.o)
 .debug_info    0x00009b78      0x934 /cygdrive/c/GNUARM/bin/../lib/gcc/arm-elf/4.1.1/../../../../arm-elf/lib/interwork/libc.a(rand.o)
 .debug_info    0x0000a4ac      0x10f /cygdrive/c/GNUARM/bin/../lib/gcc/arm-elf/4.1.1/../../../../arm-elf/lib/interwork/libc.a(strchr.o)
 .debug_info    0x0000a5bb      0x107 /cygdrive/c/GNUARM/bin/../lib/gcc/arm-elf/4.1.1/../../../../arm-elf/lib/interwork/libc.a(strcpy.o)
 .debug_info    0x0000a6c2       0xd4 /cygdrive/c/GNUARM/bin/../lib/gcc/arm-elf/4.1.1/../../../../arm-elf/lib/interwork/libc.a(strlen.o)
 .debug_info    0x0000a796       0xf0 /cygdrive/c/GNUARM/bin/../lib/gcc/arm-elf/4.1.1/../../../../arm-elf/lib/interwork/libc.a(strncmp.o)
 .debug_info    0x0000a886      0xa0f /cygdrive/c/GNUARM/bin/../lib/gcc/arm-elf/4.1.1/../../../../arm-elf/lib/interwork/libc.a(strtol.o)
 .debug_info    0x0000b295       0x79 /cygdrive/c/GNUARM/bin/../lib/gcc/arm-elf/4.1.1/../../../../arm-elf/lib/interwork/libc.a(ctype_.o)

.debug_abbrev   0x00000000     0x384d
 *(.debug_abbrev)
 .debug_abbrev  0x00000000      0x18a main.o
 .debug_abbrev  0x0000018a      0x1bf lcd.o
 .debug_abbrev  0x00000349       0xa1 startupDisplay.o
 .debug_abbrev  0x000003ea       0xce key.o
 .debug_abbrev  0x000004b8       0xe5 select.o
 .debug_abbrev  0x0000059d      0x132 uart.o
 .debug_abbrev  0x000006cf      0x278 bt.o
 .debug_abbrev  0x00000947      0x199 snake.o
 .debug_abbrev  0x00000ae0      0x2b0 pong.o
 .debug_abbrev  0x00000d90       0xfd eeprom.o
 .debug_abbrev  0x00000e8d      0x1fa i2c.o
 .debug_abbrev  0x00001087      0x13c hw.o
 .debug_abbrev  0x000011c3       0x69 Arrow.o
 .debug_abbrev  0x0000122c       0x64 Reflexes.o
 .debug_abbrev  0x00001290      0x2a4 startup/libea_startup_thumb.a(consol.o)
 .debug_abbrev  0x00001534       0xbb startup/libea_startup_thumb.a(framework.o)
 .debug_abbrev  0x000015ef      0x13e irq_code/irqUart.a(irqUart.o)
 .debug_abbrev  0x0000172d       0x8b libm.a(s_cos.o)
 .debug_abbrev  0x000017b8       0xdb libm.a(s_round.o)
 .debug_abbrev  0x00001893       0x8b libm.a(s_sin.o)
 .debug_abbrev  0x0000191e       0xc7 libm.a(w_sqrt.o)
 .debug_abbrev  0x000019e5      0x128 libm.a(e_rem_pio2.o)
 .debug_abbrev  0x00001b0d      0x104 libm.a(e_sqrt.o)
 .debug_abbrev  0x00001c11       0xea libm.a(k_cos.o)
 .debug_abbrev  0x00001cfb       0xe6 libm.a(k_rem_pio2.o)
 .debug_abbrev  0x00001de1       0x93 libm.a(k_sin.o)
 .debug_abbrev  0x00001e74       0xd0 libm.a(s_fabs.o)
 .debug_abbrev  0x00001f44       0xe8 libm.a(s_floor.o)
 .debug_abbrev  0x0000202c       0xd4 libm.a(s_isnan.o)
 .debug_abbrev  0x00002100       0x5a libm.a(s_lib_ver.o)
 .debug_abbrev  0x0000215a       0x95 libm.a(s_matherr.o)
 .debug_abbrev  0x000021ef       0xe8 libm.a(s_scalbn.o)
 .debug_abbrev  0x000022d7       0xc5 libm.a(s_copysign.o)
 .debug_abbrev  0x0000239c      0x1b8 pre_emptive_os/pre_emptive_os.a(kernel.o)
 .debug_abbrev  0x00002554      0x11e pre_emptive_os/pre_emptive_os.a(prioqueue.o)
 .debug_abbrev  0x00002672      0x101 pre_emptive_os/pre_emptive_os.a(count_sem.o)
 .debug_abbrev  0x00002773      0x154 pre_emptive_os/pre_emptive_os.a(timer.o)
 .debug_abbrev  0x000028c7      0x170 pre_emptive_os/pre_emptive_os.a(stack_usage.o)
 .debug_abbrev  0x00002a37       0xf2 pre_emptive_os/pre_emptive_os.a(a7hal.o)
 .debug_abbrev  0x00002b29      0x103 pre_emptive_os/pre_emptive_os.a(event.o)
 .debug_abbrev  0x00002c2c       0x14 /cygdrive/c/GNUARM/bin/../lib/gcc/arm-elf/4.1.1/interwork/libgcc.a(_udivsi3.o)
 .debug_abbrev  0x00002c40       0x14 /cygdrive/c/GNUARM/bin/../lib/gcc/arm-elf/4.1.1/interwork/libgcc.a(_divsi3.o)
 .debug_abbrev  0x00002c54       0x14 /cygdrive/c/GNUARM/bin/../lib/gcc/arm-elf/4.1.1/interwork/libgcc.a(_umodsi3.o)
 .debug_abbrev  0x00002c68       0x14 /cygdrive/c/GNUARM/bin/../lib/gcc/arm-elf/4.1.1/interwork/libgcc.a(_modsi3.o)
 .debug_abbrev  0x00002c7c       0x14 /cygdrive/c/GNUARM/bin/../lib/gcc/arm-elf/4.1.1/interwork/libgcc.a(_dvmd_tls.o)
 .debug_abbrev  0x00002c90       0x14 /cygdrive/c/GNUARM/bin/../lib/gcc/arm-elf/4.1.1/interwork/libgcc.a(_call_via_rX.o)
 .debug_abbrev  0x00002ca4       0x14 /cygdrive/c/GNUARM/bin/../lib/gcc/arm-elf/4.1.1/interwork/libgcc.a(_addsubdf3.o)
 .debug_abbrev  0x00002cb8       0x14 /cygdrive/c/GNUARM/bin/../lib/gcc/arm-elf/4.1.1/interwork/libgcc.a(_muldivdf3.o)
 .debug_abbrev  0x00002ccc       0x14 /cygdrive/c/GNUARM/bin/../lib/gcc/arm-elf/4.1.1/interwork/libgcc.a(_cmpdf2.o)
 .debug_abbrev  0x00002ce0       0x14 /cygdrive/c/GNUARM/bin/../lib/gcc/arm-elf/4.1.1/interwork/libgcc.a(_fixdfsi.o)
 .debug_abbrev  0x00002cf4       0x14 /cygdrive/c/GNUARM/bin/../lib/gcc/arm-elf/4.1.1/interwork/libgcc.a(_fixunsdfsi.o)
 .debug_abbrev  0x00002d08      0x176 /cygdrive/c/GNUARM/bin/../lib/gcc/arm-elf/4.1.1/../../../../arm-elf/lib/interwork/libc.a(atoi.o)
 .debug_abbrev  0x00002e7e      0x15f /cygdrive/c/GNUARM/bin/../lib/gcc/arm-elf/4.1.1/../../../../arm-elf/lib/interwork/libc.a(errno.o)
 .debug_abbrev  0x00002fdd      0x157 /cygdrive/c/GNUARM/bin/../lib/gcc/arm-elf/4.1.1/../../../../arm-elf/lib/interwork/libc.a(impure.o)
 .debug_abbrev  0x00003134       0x7c /cygdrive/c/GNUARM/bin/../lib/gcc/arm-elf/4.1.1/../../../../arm-elf/lib/interwork/libc.a(memcmp.o)
 .debug_abbrev  0x000031b0       0xa6 /cygdrive/c/GNUARM/bin/../lib/gcc/arm-elf/4.1.1/../../../../arm-elf/lib/interwork/libc.a(memcpy.o)
 .debug_abbrev  0x00003256      0x185 /cygdrive/c/GNUARM/bin/../lib/gcc/arm-elf/4.1.1/../../../../arm-elf/lib/interwork/libc.a(rand.o)
 .debug_abbrev  0x000033db       0x9e /cygdrive/c/GNUARM/bin/../lib/gcc/arm-elf/4.1.1/../../../../arm-elf/lib/interwork/libc.a(strchr.o)
 .debug_abbrev  0x00003479       0xad /cygdrive/c/GNUARM/bin/../lib/gcc/arm-elf/4.1.1/../../../../arm-elf/lib/interwork/libc.a(strcpy.o)
 .debug_abbrev  0x00003526       0x8b /cygdrive/c/GNUARM/bin/../lib/gcc/arm-elf/4.1.1/../../../../arm-elf/lib/interwork/libc.a(strlen.o)
 .debug_abbrev  0x000035b1       0x8d /cygdrive/c/GNUARM/bin/../lib/gcc/arm-elf/4.1.1/../../../../arm-elf/lib/interwork/libc.a(strncmp.o)
 .debug_abbrev  0x0000363e      0x1bd /cygdrive/c/GNUARM/bin/../lib/gcc/arm-elf/4.1.1/../../../../arm-elf/lib/interwork/libc.a(strtol.o)
 .debug_abbrev  0x000037fb       0x52 /cygdrive/c/GNUARM/bin/../lib/gcc/arm-elf/4.1.1/../../../../arm-elf/lib/interwork/libc.a(ctype_.o)

.debug_line     0x00000000     0x3d6c
 *(.debug_line)
 .debug_line    0x00000000      0x18e main.o
 .debug_line    0x0000018e      0x18b lcd.o
 .debug_line    0x00000319      0x1ec startupDisplay.o
 .debug_line    0x00000505       0xb2 key.o
 .debug_line    0x000005b7       0xa6 select.o
 .debug_line    0x0000065d      0x112 uart.o
 .debug_line    0x0000076f      0x374 bt.o
 .debug_line    0x00000ae3      0x140 snake.o
 .debug_line    0x00000c23      0x37d pong.o
 .debug_line    0x00000fa0      0x135 eeprom.o
 .debug_line    0x000010d5      0x162 i2c.o
 .debug_line    0x00001237      0x12f hw.o
 .debug_line    0x00001366       0x83 Arrow.o
 .debug_line    0x000013e9       0x7b Reflexes.o
 .debug_line    0x00001464      0x18a startup/libea_startup_thumb.a(consol.o)
 .debug_line    0x000015ee       0xb3 startup/libea_startup_thumb.a(framework.o)
 .debug_line    0x000016a1       0xd2 irq_code/irqUart.a(irqUart.o)
 .debug_line    0x00001773       0xc2 libm.a(s_cos.o)
 .debug_line    0x00001835       0xdc libm.a(s_round.o)
 .debug_line    0x00001911       0xc2 libm.a(s_sin.o)
 .debug_line    0x000019d3       0xbf libm.a(w_sqrt.o)
 .debug_line    0x00001a92      0x17c libm.a(e_rem_pio2.o)
 .debug_line    0x00001c0e      0x166 libm.a(e_sqrt.o)
 .debug_line    0x00001d74      0x115 libm.a(k_cos.o)
 .debug_line    0x00001e89      0x17d libm.a(k_rem_pio2.o)
 .debug_line    0x00002006       0xbc libm.a(k_sin.o)
 .debug_line    0x000020c2       0xf3 libm.a(s_fabs.o)
 .debug_line    0x000021b5      0x12a libm.a(s_floor.o)
 .debug_line    0x000022df       0xfb libm.a(s_isnan.o)
 .debug_line    0x000023da       0x96 libm.a(s_lib_ver.o)
 .debug_line    0x00002470       0xa6 libm.a(s_matherr.o)
 .debug_line    0x00002516       0xe1 libm.a(s_scalbn.o)
 .debug_line    0x000025f7       0xba libm.a(s_copysign.o)
 .debug_line    0x000026b1      0x177 pre_emptive_os/pre_emptive_os.a(kernel.o)
 .debug_line    0x00002828       0xbb pre_emptive_os/pre_emptive_os.a(prioqueue.o)
 .debug_line    0x000028e3       0xd9 pre_emptive_os/pre_emptive_os.a(count_sem.o)
 .debug_line    0x000029bc      0x109 pre_emptive_os/pre_emptive_os.a(timer.o)
 .debug_line    0x00002ac5       0x97 pre_emptive_os/pre_emptive_os.a(stack_usage.o)
 .debug_line    0x00002b5c       0x8c pre_emptive_os/pre_emptive_os.a(a7hal.o)
 .debug_line    0x00002be8       0xaf pre_emptive_os/pre_emptive_os.a(event.o)
 .debug_line    0x00002c97       0x84 /cygdrive/c/GNUARM/bin/../lib/gcc/arm-elf/4.1.1/interwork/libgcc.a(_udivsi3.o)
 .debug_line    0x00002d1b       0x90 /cygdrive/c/GNUARM/bin/../lib/gcc/arm-elf/4.1.1/interwork/libgcc.a(_divsi3.o)
 .debug_line    0x00002dab       0x6e /cygdrive/c/GNUARM/bin/../lib/gcc/arm-elf/4.1.1/interwork/libgcc.a(_umodsi3.o)
 .debug_line    0x00002e19       0x74 /cygdrive/c/GNUARM/bin/../lib/gcc/arm-elf/4.1.1/interwork/libgcc.a(_modsi3.o)
 .debug_line    0x00002e8d       0x5d /cygdrive/c/GNUARM/bin/../lib/gcc/arm-elf/4.1.1/interwork/libgcc.a(_dvmd_tls.o)
 .debug_line    0x00002eea       0x6b /cygdrive/c/GNUARM/bin/../lib/gcc/arm-elf/4.1.1/interwork/libgcc.a(_call_via_rX.o)
 .debug_line    0x00002f55      0x165 /cygdrive/c/GNUARM/bin/../lib/gcc/arm-elf/4.1.1/interwork/libgcc.a(_addsubdf3.o)
 .debug_line    0x000030ba      0x17a /cygdrive/c/GNUARM/bin/../lib/gcc/arm-elf/4.1.1/interwork/libgcc.a(_muldivdf3.o)
 .debug_line    0x00003234       0xa7 /cygdrive/c/GNUARM/bin/../lib/gcc/arm-elf/4.1.1/interwork/libgcc.a(_cmpdf2.o)
 .debug_line    0x000032db       0x72 /cygdrive/c/GNUARM/bin/../lib/gcc/arm-elf/4.1.1/interwork/libgcc.a(_fixdfsi.o)
 .debug_line    0x0000334d       0x70 /cygdrive/c/GNUARM/bin/../lib/gcc/arm-elf/4.1.1/interwork/libgcc.a(_fixunsdfsi.o)
 .debug_line    0x000033bd       0xf9 /cygdrive/c/GNUARM/bin/../lib/gcc/arm-elf/4.1.1/../../../../arm-elf/lib/interwork/libc.a(atoi.o)
 .debug_line    0x000034b6       0xf2 /cygdrive/c/GNUARM/bin/../lib/gcc/arm-elf/4.1.1/../../../../arm-elf/lib/interwork/libc.a(errno.o)
 .debug_line    0x000035a8       0xe3 /cygdrive/c/GNUARM/bin/../lib/gcc/arm-elf/4.1.1/../../../../arm-elf/lib/interwork/libc.a(impure.o)
 .debug_line    0x0000368b       0xc7 /cygdrive/c/GNUARM/bin/../lib/gcc/arm-elf/4.1.1/../../../../arm-elf/lib/interwork/libc.a(memcmp.o)
 .debug_line    0x00003752       0xc8 /cygdrive/c/GNUARM/bin/../lib/gcc/arm-elf/4.1.1/../../../../arm-elf/lib/interwork/libc.a(memcpy.o)
 .debug_line    0x0000381a       0xf9 /cygdrive/c/GNUARM/bin/../lib/gcc/arm-elf/4.1.1/../../../../arm-elf/lib/interwork/libc.a(rand.o)
 .debug_line    0x00003913       0x81 /cygdrive/c/GNUARM/bin/../lib/gcc/arm-elf/4.1.1/../../../../arm-elf/lib/interwork/libc.a(strchr.o)
 .debug_line    0x00003994       0x7c /cygdrive/c/GNUARM/bin/../lib/gcc/arm-elf/4.1.1/../../../../arm-elf/lib/interwork/libc.a(strcpy.o)
 .debug_line    0x00003a10       0xaf /cygdrive/c/GNUARM/bin/../lib/gcc/arm-elf/4.1.1/../../../../arm-elf/lib/interwork/libc.a(strlen.o)
 .debug_line    0x00003abf       0xdf /cygdrive/c/GNUARM/bin/../lib/gcc/arm-elf/4.1.1/../../../../arm-elf/lib/interwork/libc.a(strncmp.o)
 .debug_line    0x00003b9e      0x173 /cygdrive/c/GNUARM/bin/../lib/gcc/arm-elf/4.1.1/../../../../arm-elf/lib/interwork/libc.a(strtol.o)
 .debug_line    0x00003d11       0x5b /cygdrive/c/GNUARM/bin/../lib/gcc/arm-elf/4.1.1/../../../../arm-elf/lib/interwork/libc.a(ctype_.o)

.debug_frame    0x00000000     0x186c
 *(.debug_frame)
 .debug_frame   0x00000000       0xb0 main.o
 .debug_frame   0x000000b0      0x1b8 lcd.o
 .debug_frame   0x00000268       0x2c startupDisplay.o
 .debug_frame   0x00000294       0x4c key.o
 .debug_frame   0x000002e0       0x54 select.o
 .debug_frame   0x00000334       0xe8 uart.o
 .debug_frame   0x0000041c      0x19c bt.o
 .debug_frame   0x000005b8       0x98 snake.o
 .debug_frame   0x00000650      0x164 pong.o
 .debug_frame   0x000007b4       0xc4 eeprom.o
 .debug_frame   0x00000878      0x140 i2c.o
 .debug_frame   0x000009b8       0xf8 hw.o
 .debug_frame   0x00000ab0       0x70 Arrow.o
 .debug_frame   0x00000b20       0x28 Reflexes.o
 .debug_frame   0x00000b48      0x150 startup/libea_startup_thumb.a(consol.o)
 .debug_frame   0x00000c98       0xd8 startup/libea_startup_thumb.a(framework.o)
 .debug_frame   0x00000d70       0x4c irq_code/irqUart.a(irqUart.o)
 .debug_frame   0x00000dbc       0x30 libm.a(s_cos.o)
 .debug_frame   0x00000dec       0x30 libm.a(s_round.o)
 .debug_frame   0x00000e1c       0x30 libm.a(s_sin.o)
 .debug_frame   0x00000e4c       0x38 libm.a(w_sqrt.o)
 .debug_frame   0x00000e84       0x3c libm.a(e_rem_pio2.o)
 .debug_frame   0x00000ec0       0x3c libm.a(e_sqrt.o)
 .debug_frame   0x00000efc       0x38 libm.a(k_cos.o)
 .debug_frame   0x00000f34       0x40 libm.a(k_rem_pio2.o)
 .debug_frame   0x00000f74       0x30 libm.a(k_sin.o)
 .debug_frame   0x00000fa4       0x28 libm.a(s_fabs.o)
 .debug_frame   0x00000fcc       0x38 libm.a(s_floor.o)
 .debug_frame   0x00001004       0x28 libm.a(s_isnan.o)
 .debug_frame   0x0000102c       0x20 libm.a(s_matherr.o)
 .debug_frame   0x0000104c       0x34 libm.a(s_scalbn.o)
 .debug_frame   0x00001080       0x2c libm.a(s_copysign.o)
 .debug_frame   0x000010ac      0x1e8 pre_emptive_os/pre_emptive_os.a(kernel.o)
 .debug_frame   0x00001294       0x8c pre_emptive_os/pre_emptive_os.a(prioqueue.o)
 .debug_frame   0x00001320       0x84 pre_emptive_os/pre_emptive_os.a(count_sem.o)
 .debug_frame   0x000013a4       0xb8 pre_emptive_os/pre_emptive_os.a(timer.o)
 .debug_frame   0x0000145c       0x58 pre_emptive_os/pre_emptive_os.a(stack_usage.o)
 .debug_frame   0x000014b4       0xa0 pre_emptive_os/pre_emptive_os.a(a7hal.o)
 .debug_frame   0x00001554       0x94 pre_emptive_os/pre_emptive_os.a(event.o)
 .debug_frame   0x000015e8       0x2c /cygdrive/c/GNUARM/bin/../lib/gcc/arm-elf/4.1.1/interwork/libgcc.a(_udivsi3.o)
 .debug_frame   0x00001614       0x2c /cygdrive/c/GNUARM/bin/../lib/gcc/arm-elf/4.1.1/interwork/libgcc.a(_divsi3.o)
 .debug_frame   0x00001640       0x2c /cygdrive/c/GNUARM/bin/../lib/gcc/arm-elf/4.1.1/interwork/libgcc.a(_umodsi3.o)
 .debug_frame   0x0000166c       0x2c /cygdrive/c/GNUARM/bin/../lib/gcc/arm-elf/4.1.1/interwork/libgcc.a(_modsi3.o)
 .debug_frame   0x00001698       0x40 /cygdrive/c/GNUARM/bin/../lib/gcc/arm-elf/4.1.1/../../../../arm-elf/lib/interwork/libc.a(atoi.o)
 .debug_frame   0x000016d8       0x20 /cygdrive/c/GNUARM/bin/../lib/gcc/arm-elf/4.1.1/../../../../arm-elf/lib/interwork/libc.a(errno.o)
 .debug_frame   0x000016f8       0x28 /cygdrive/c/GNUARM/bin/../lib/gcc/arm-elf/4.1.1/../../../../arm-elf/lib/interwork/libc.a(memcmp.o)
 .debug_frame   0x00001720       0x28 /cygdrive/c/GNUARM/bin/../lib/gcc/arm-elf/4.1.1/../../../../arm-elf/lib/interwork/libc.a(memcpy.o)
 .debug_frame   0x00001748       0x3c /cygdrive/c/GNUARM/bin/../lib/gcc/arm-elf/4.1.1/../../../../arm-elf/lib/interwork/libc.a(rand.o)
 .debug_frame   0x00001784       0x28 /cygdrive/c/GNUARM/bin/../lib/gcc/arm-elf/4.1.1/../../../../arm-elf/lib/interwork/libc.a(strchr.o)
 .debug_frame   0x000017ac       0x28 /cygdrive/c/GNUARM/bin/../lib/gcc/arm-elf/4.1.1/../../../../arm-elf/lib/interwork/libc.a(strcpy.o)
 .debug_frame   0x000017d4       0x20 /cygdrive/c/GNUARM/bin/../lib/gcc/arm-elf/4.1.1/../../../../arm-elf/lib/interwork/libc.a(strlen.o)
 .debug_frame   0x000017f4       0x28 /cygdrive/c/GNUARM/bin/../lib/gcc/arm-elf/4.1.1/../../../../arm-elf/lib/interwork/libc.a(strncmp.o)
 .debug_frame   0x0000181c       0x50 /cygdrive/c/GNUARM/bin/../lib/gcc/arm-elf/4.1.1/../../../../arm-elf/lib/interwork/libc.a(strtol.o)

.debug_str      0x00000000     0x25ed
 *(.debug_str)
 .debug_str     0x00000000      0x161 main.o
                                0x18c (size before relaxing)
 .debug_str     0x00000161      0x142 lcd.o
                                0x1ea (size before relaxing)
 .debug_str     0x000002a3       0xab startupDisplay.o
                                0x14a (size before relaxing)
 .debug_str     0x0000034e       0xd6 key.o
                                0x16f (size before relaxing)
 .debug_str     0x00000424       0x98 select.o
                                0x18b (size before relaxing)
 .debug_str     0x000004bc      0x219 uart.o
                                0x2c9 (size before relaxing)
 .debug_str     0x000006d5      0x20e bt.o
                                0x48e (size before relaxing)
 .debug_str     0x000008e3       0x9c snake.o
                                0x212 (size before relaxing)
 .debug_str     0x0000097f      0x225 pong.o
                                0x447 (size before relaxing)
 .debug_str     0x00000ba4       0x82 eeprom.o
                                0x110 (size before relaxing)
 .debug_str     0x00000c26       0xb1 i2c.o
                                0x25a (size before relaxing)
 .debug_str     0x00000cd7       0xf7 hw.o
                                0x19e (size before relaxing)
 .debug_str     0x00000dce       0x66 Arrow.o
                                 0xeb (size before relaxing)
 .debug_str     0x00000e34       0x1c Reflexes.o
                                 0xa1 (size before relaxing)
 .debug_str     0x00000e50      0x17e startup/libea_startup_thumb.a(consol.o)
                                0x23e (size before relaxing)
 .debug_str     0x00000fce       0xdd startup/libea_startup_thumb.a(framework.o)
                                0x13a (size before relaxing)
 .debug_str     0x000010ab       0x84 irq_code/irqUart.a(irqUart.o)
                                0x265 (size before relaxing)
 .debug_str     0x0000112f       0x93 libm.a(s_cos.o)
                                0x11d (size before relaxing)
 .debug_str     0x000011c2       0xdc libm.a(s_round.o)
                                0x182 (size before relaxing)
 .debug_str     0x0000129e       0x3c libm.a(s_sin.o)
                                0x11d (size before relaxing)
 .debug_str     0x000012da       0xb8 libm.a(w_sqrt.o)
                                0x199 (size before relaxing)
 .debug_str     0x00001392       0xc7 libm.a(e_rem_pio2.o)
                                0x1d6 (size before relaxing)
 .debug_str     0x00001459       0x51 libm.a(e_sqrt.o)
                                0x16f (size before relaxing)
 .debug_str     0x000014aa       0x49 libm.a(k_cos.o)
                                0x15d (size before relaxing)
 .debug_str     0x000014f3       0x82 libm.a(k_rem_pio2.o)
                                0x16e (size before relaxing)
 .debug_str     0x00001575       0x49 libm.a(k_sin.o)
                                0x12f (size before relaxing)
 .debug_str     0x000015be       0x42 libm.a(s_fabs.o)
                                0x156 (size before relaxing)
 .debug_str     0x00001600       0x49 libm.a(s_floor.o)
                                0x162 (size before relaxing)
 .debug_str     0x00001649       0x44 libm.a(s_isnan.o)
                                0x158 (size before relaxing)
 .debug_str     0x0000168d       0x42 libm.a(s_lib_ver.o)
                                0x176 (size before relaxing)
 .debug_str     0x000016cf       0x4a libm.a(s_matherr.o)
                                0x148 (size before relaxing)
 .debug_str     0x00001719       0x55 libm.a(s_scalbn.o)
                                0x17a (size before relaxing)
 .debug_str     0x0000176e       0x4c libm.a(s_copysign.o)
                                0x158 (size before relaxing)
 .debug_str     0x000017ba      0x220 pre_emptive_os/pre_emptive_os.a(kernel.o)
                                0x359 (size before relaxing)
 .debug_str     0x000019da       0x7d pre_emptive_os/pre_emptive_os.a(prioqueue.o)
                                0x241 (size before relaxing)
 .debug_str     0x00001a57       0x51 pre_emptive_os/pre_emptive_os.a(count_sem.o)
                                0x256 (size before relaxing)
 .debug_str     0x00001aa8       0xe2 pre_emptive_os/pre_emptive_os.a(timer.o)
                                0x2f2 (size before relaxing)
 .debug_str     0x00001b8a       0x70 pre_emptive_os/pre_emptive_os.a(stack_usage.o)
                                0x226 (size before relaxing)
 .debug_str     0x00001bfa      0x153 pre_emptive_os/pre_emptive_os.a(a7hal.o)
                                0x1d8 (size before relaxing)
 .debug_str     0x00001d4d       0x51 pre_emptive_os/pre_emptive_os.a(event.o)
                                0x260 (size before relaxing)
 .debug_str     0x00001d9e      0x402 /cygdrive/c/GNUARM/bin/../lib/gcc/arm-elf/4.1.1/../../../../arm-elf/lib/interwork/libc.a(atoi.o)
                                0x49e (size before relaxing)
 .debug_str     0x000021a0       0x7a /cygdrive/c/GNUARM/bin/../lib/gcc/arm-elf/4.1.1/../../../../arm-elf/lib/interwork/libc.a(errno.o)
                                0x4a4 (size before relaxing)
 .debug_str     0x0000221a       0x92 /cygdrive/c/GNUARM/bin/../lib/gcc/arm-elf/4.1.1/../../../../arm-elf/lib/interwork/libc.a(impure.o)
                                0x4bc (size before relaxing)
 .debug_str     0x000022ac       0x83 /cygdrive/c/GNUARM/bin/../lib/gcc/arm-elf/4.1.1/../../../../arm-elf/lib/interwork/libc.a(memcmp.o)
                                0x10c (size before relaxing)
 .debug_str     0x0000232f       0x6a /cygdrive/c/GNUARM/bin/../lib/gcc/arm-elf/4.1.1/../../../../arm-elf/lib/interwork/libc.a(memcpy.o)
                                 0xd6 (size before relaxing)
 .debug_str     0x00002399       0x40 /cygdrive/c/GNUARM/bin/../lib/gcc/arm-elf/4.1.1/../../../../arm-elf/lib/interwork/libc.a(rand.o)
                                0x4ad (size before relaxing)
 .debug_str     0x000023d9       0x50 /cygdrive/c/GNUARM/bin/../lib/gcc/arm-elf/4.1.1/../../../../arm-elf/lib/interwork/libc.a(strchr.o)
                                0x117 (size before relaxing)
 .debug_str     0x00002429       0x43 /cygdrive/c/GNUARM/bin/../lib/gcc/arm-elf/4.1.1/../../../../arm-elf/lib/interwork/libc.a(strcpy.o)
                                0x127 (size before relaxing)
 .debug_str     0x0000246c       0x49 /cygdrive/c/GNUARM/bin/../lib/gcc/arm-elf/4.1.1/../../../../arm-elf/lib/interwork/libc.a(strlen.o)
                                0x11f (size before relaxing)
 .debug_str     0x000024b5       0x45 /cygdrive/c/GNUARM/bin/../lib/gcc/arm-elf/4.1.1/../../../../arm-elf/lib/interwork/libc.a(strncmp.o)
                                0x10e (size before relaxing)
 .debug_str     0x000024fa       0x78 /cygdrive/c/GNUARM/bin/../lib/gcc/arm-elf/4.1.1/../../../../arm-elf/lib/interwork/libc.a(strtol.o)
                                0x4e0 (size before relaxing)
 .debug_str     0x00002572       0x7b /cygdrive/c/GNUARM/bin/../lib/gcc/arm-elf/4.1.1/../../../../arm-elf/lib/interwork/libc.a(ctype_.o)
                                 0xaa (size before relaxing)

.debug_loc      0x00000000     0x3c01
 *(.debug_loc)
 .debug_loc     0x00000000      0x1be main.o
 .debug_loc     0x000001be      0x783 lcd.o
 .debug_loc     0x00000941       0x54 startupDisplay.o
 .debug_loc     0x00000995       0x3d key.o
 .debug_loc     0x000009d2       0x9d select.o
 .debug_loc     0x00000a6f      0x274 uart.o
 .debug_loc     0x00000ce3      0x818 bt.o