Archive member included because of file (symbol)

startup/libea_startup_thumb.a(consol.o)
                              bt.o (consolGetChar)
startup/libea_startup_thumb.a(framework.o)
                              main.o (eaInit)
startup/libea_startup_thumb.a(startup.o)
                              (_startup)
irq_code/irqUart.a(irqUart.o)
                              uart.o (disIrq)
libm.a(s_cos.o)               pong.o (cos)
libm.a(s_round.o)             pong.o (round)
libm.a(s_sin.o)               pong.o (sin)
libm.a(w_sqrt.o)              pong.o (sqrt)
libm.a(e_rem_pio2.o)          libm.a(s_cos.o) (__ieee754_rem_pio2)
libm.a(e_sqrt.o)              libm.a(w_sqrt.o) (__ieee754_sqrt)
libm.a(k_cos.o)               libm.a(s_cos.o) (__kernel_cos)
libm.a(k_rem_pio2.o)          libm.a(e_rem_pio2.o) (__kernel_rem_pio2)
libm.a(k_sin.o)               libm.a(s_cos.o) (__kernel_sin)
libm.a(s_fabs.o)              libm.a(e_rem_pio2.o) (fabs)
libm.a(s_floor.o)             libm.a(k_rem_pio2.o) (floor)
libm.a(s_isnan.o)             libm.a(w_sqrt.o) (isnan)
libm.a(s_lib_ver.o)           libm.a(w_sqrt.o) (__fdlib_version)
libm.a(s_matherr.o)           libm.a(w_sqrt.o) (matherr)
libm.a(s_scalbn.o)            libm.a(k_rem_pio2.o) (scalbn)
libm.a(s_copysign.o)          libm.a(s_scalbn.o) (copysign)
pre_emptive_os/pre_emptive_os.a(kernel.o)
                              main.o (osInit)
pre_emptive_os/pre_emptive_os.a(prioqueue.o)
                              pre_emptive_os/pre_emptive_os.a(kernel.o) (initPrioQueue)
pre_emptive_os/pre_emptive_os.a(count_sem.o)
                              uart.o (osSemInit)
pre_emptive_os/pre_emptive_os.a(timer.o)
                              pre_emptive_os/pre_emptive_os.a(kernel.o) (timerTick)
pre_emptive_os/pre_emptive_os.a(stack_usage.o)
                              pre_emptive_os/pre_emptive_os.a(kernel.o) (createStackPattern)
pre_emptive_os/pre_emptive_os.a(a7hal.o)
                              pre_emptive_os/pre_emptive_os.a(kernel.o) (stkFrameInit_oshal)
pre_emptive_os/pre_emptive_os.a(a7hal_a.o)
                              pre_emptive_os/pre_emptive_os.a(kernel.o) (startHighProc_oshal)
pre_emptive_os/pre_emptive_os.a(event.o)
                              pre_emptive_os/pre_emptive_os.a(count_sem.o) (eventInit)
/cygdrive/c/GNUARM/bin/../lib/gcc/arm-elf/4.1.1/interwork/libgcc.a(_udivsi3.o)
                              bt.o (__udivsi3)
/cygdrive/c/GNUARM/bin/../lib/gcc/arm-elf/4.1.1/interwork/libgcc.a(_divsi3.o)
                              snake.o (__divsi3)
/cygdrive/c/GNUARM/bin/../lib/gcc/arm-elf/4.1.1/interwork/libgcc.a(_umodsi3.o)
                              main.o (__umodsi3)
/cygdrive/c/GNUARM/bin/../lib/gcc/arm-elf/4.1.1/interwork/libgcc.a(_modsi3.o)
                              snake.o (__modsi3)
/cygdrive/c/GNUARM/bin/../lib/gcc/arm-elf/4.1.1/interwork/libgcc.a(_dvmd_tls.o)
                              /cygdrive/c/GNUARM/bin/../lib/gcc/arm-elf/4.1.1/interwork/libgcc.a(_udivsi3.o) (__div0)
/cygdrive/c/GNUARM/bin/../lib/gcc/arm-elf/4.1.1/interwork/libgcc.a(_call_via_rX.o)
                              pre_emptive_os/pre_emptive_os.a(timer.o) (_call_via_r4)
/cygdrive/c/GNUARM/bin/../lib/gcc/arm-elf/4.1.1/interwork/libgcc.a(_addsubdf3.o)
                              pong.o (__subdf3)
/cygdrive/c/GNUARM/bin/../lib/gcc/arm-elf/4.1.1/interwork/libgcc.a(_muldivdf3.o)
                              pong.o (__muldf3)
/cygdrive/c/GNUARM/bin/../lib/gcc/arm-elf/4.1.1/interwork/libgcc.a(_cmpdf2.o)
                              pong.o (__gtdf2)
/cygdrive/c/GNUARM/bin/../lib/gcc/arm-elf/4.1.1/interwork/libgcc.a(_fixdfsi.o)
                              libm.a(e_rem_pio2.o) (__fixdfsi)
/cygdrive/c/GNUARM/bin/../lib/gcc/arm-elf/4.1.1/interwork/libgcc.a(_fixunsdfsi.o)
                              pong.o (__fixunsdfsi)
/cygdrive/c/GNUARM/bin/../lib/gcc/arm-elf/4.1.1/../../../../arm-elf/lib/interwork/libc.a(atoi.o)
                              startup/libea_startup_thumb.a(consol.o) (atoi)
/cygdrive/c/GNUARM/bin/../lib/gcc/arm-elf/4.1.1/../../../../arm-elf/lib/interwork/libc.a(errno.o)
                              libm.a(w_sqrt.o) (__errno)
/cygdrive/c/GNUARM/bin/../lib/gcc/arm-elf/4.1.1/../../../../arm-elf/lib/interwork/libc.a(impure.o)
                              /cygdrive/c/GNUARM/bin/../lib/gcc/arm-elf/4.1.1/../../../../arm-elf/lib/interwork/libc.a(errno.o) (_impure_ptr)
/cygdrive/c/GNUARM/bin/../lib/gcc/arm-elf/4.1.1/../../../../arm-elf/lib/interwork/libc.a(memcmp.o)
                              bt.o (memcmp)
/cygdrive/c/GNUARM/bin/../lib/gcc/arm-elf/4.1.1/../../../../arm-elf/lib/interwork/libc.a(memcpy.o)
                              bt.o (memcpy)
/cygdrive/c/GNUARM/bin/../lib/gcc/arm-elf/4.1.1/../../../../arm-elf/lib/interwork/libc.a(rand.o)
                              snake.o (srand)
/cygdrive/c/GNUARM/bin/../lib/gcc/arm-elf/4.1.1/../../../../arm-elf/lib/interwork/libc.a(strchr.o)
                              bt.o (strchr)
[...]
Memory Configuration

Name             Origin             Length             Attributes
FLASH            0x00000000         0x00020000         xr
RAM              0x40000000         0x00004000         rw
*default*        0x00000000         0xffffffff

Linker script and memory map

LOAD main.o
LOAD lcd.o
LOAD startupDisplay.o
LOAD key.o
LOAD select.o
LOAD uart.o
LOAD bt.o
LOAD snake.o
LOAD pong.o
LOAD eeprom.o
LOAD i2c.o
LOAD hw.o
LOAD Arrow.o
LOAD startup/libea_startup_thumb.a
LOAD irq_code/irqUart.a
LOAD chess/chess.a
LOAD libm.a
LOAD pre_emptive_os/pre_emptive_os.a
START GROUP
LOAD /cygdrive/c/GNUARM/bin/../lib/gcc/arm-elf/4.1.1/interwork/libgcc.a
LOAD /cygdrive/c/GNUARM/bin/../lib/gcc/arm-elf/4.1.1/../../../../arm-elf/lib/interwork/libc.a
END GROUP

.text           0x00000000     0x9b58
 *startup.o(.text)
 .text          0x00000000      0x1d8 startup/libea_startup_thumb.a(startup.o)
                0x00000000                _startup
 *(.text)
 .text          0x000001d8      0x38c main.o
                0x000001d8                appTick
                0x000001fc                main
 .text          0x00000564      0x570 lcd.o
                0x00000564                lcdColor
                0x00000730                lcdWindow
                0x00000970                lcdClrscr
                0x00000838                lcdRectBrd
                0x000006b4                lcdPutchar
                0x0000094c                lcdContrast
                0x000009c4                lcdOff
                0x000009e0                lcdInit
                0x00000788                lcdIcon
                0x000005ec                lcdData
                0x00000578                lcdWrdata
                0x000008e8                lcdRect
                0x00000588                lcdWrcmd
                0x00000718                lcdPuts
                0x00000760                lcdGotoxy
 .text          0x00000ad4      0x884 startupDisplay.o
                0x00000ad4                displayStartupSequence
 .text          0x00001358      0x190 key.o
                0x00001368                checkKey2
                0x00001374                sampleKey
                0x00001358                checkKey
 .text          0x000014e8      0x160 select.o
                0x00001558                drawMenu
 .text          0x00001648      0x280 uart.o
                0x000016f8                uart1SendChar
                0x0000177c                uart1SendChars
                0x000017c0                uart1SendString
                0x000017a4                uart1SendCh
                0x000017d8                initUart1
                0x000016b0                uart1GetChSem
                0x00001648                uart1GetChar
                0x000016dc                uart1GetCh
 .text          0x000018c8     0x1138 bt.o
                0x00001e40                handleBt
                0x000028c0                initBtProc
                0x00001928                activateBtProc
                0x000018c8                blockBtProc
 .text          0x00002a00      0x528 snake.o
                0x00002ce0                playSnake
 .text          0x00002f28     0x172c pong.o
                0x00003848                playPong
 .text          0x00004654      0x378 eeprom.o
                0x000047e8                lm75Read
                0x000046f4                pca9532
                0x00004868                eepromWrite
                0x00004974                eepromPoll
                0x000048f4                eepromPageRead
                0x00004654                eepromStartRead
 .text          0x000049cc      0x3e0 i2c.o
                0x00004b90                i2cInit
                0x00004c04                getI2cLock
                0x00004c6c                i2cRead
                0x00004b08                i2cWriteWithWait
                0x000049e4                i2cStart
                0x00004a30                i2cStop
                0x000049cc                i2cCheckStatus
                0x00004a84                i2cGetChar
                0x00004c20                i2cRepeatStart
                0x00004d0c                i2cWrite
                0x00004adc                i2cWaitTransmit
                0x00004b38                i2cMyWrite
                0x00004a58                i2cPutChar
                0x00004bec                releaseI2cLock
 .text          0x00004dac      0x44c hw.o
                0x00004e10                sendToLCD
                0x00005050                resetBT
                0x00004dac                setBuzzer
                0x00004e8c                initSpiForLcd
                0x0000513c                immediateIoInit
                0x000050cc                resetLCD
                0x00004f94                setLED
                0x00004ee4                getKeys
                0x00004dd0                selectLCD
 .text          0x000051f8       0x9c Arrow.o
                0x00005270                getUpArrow
                0x000051f8                getLeftArrow
                0x00005248                getDownArrow
                0x00005220                getRightArrow
 .text          0x00005294      0x680 startup/libea_startup_thumb.a(consol.o)
                0x00005750                consolGetIntNum
                0x0000538c                consolSendCh
                0x00005558                consolGetString
                0x000053fc                consolSendNumber
                0x00005514                consolGetCh
                0x0000536c                consolSendChar
                0x000055d0                simplePrintf
                0x000053d0                consolSendString
                0x00005830                consolScanf
                0x00005534                consolGetChar
                0x00005318                consolInit
 .text          0x00005914      0x2bc startup/libea_startup_thumb.a(framework.o)
                0x00005a3c                eaInit
                0x0000598c                lowLevelInit
                0x00005914                exceptionHandlerInit
 .text          0x00005bd0      0x2bc irq_code/irqUart.a(irqUart.o)
                0x00005bf8                uart1ISR
                0x00005bf0                restoreIrq
                0x00005bd0                disIrq
 .text          0x00005e8c       0xb4 libm.a(s_cos.o)
                0x00005e8c                cos
 .text          0x00005f40       0xb0 libm.a(s_round.o)
                0x00005f40                round
 .text          0x00005ff0       0xbc libm.a(s_sin.o)
                0x00005ff0                sin
 .text          0x000060ac       0xc8 libm.a(w_sqrt.o)
                0x000060ac                sqrt
 .text          0x00006174      0x4a0 libm.a(e_rem_pio2.o)
                0x00006174                __ieee754_rem_pio2
 .text          0x00006614      0x1e8 libm.a(e_sqrt.o)
                0x00006614                __ieee754_sqrt
 .text          0x000067fc      0x1e8 libm.a(k_cos.o)
                0x000067fc                __kernel_cos
 .text          0x000069e4      0x7ec libm.a(k_rem_pio2.o)
                0x000069e4                __kernel_rem_pio2
 .text          0x000071d0      0x15c libm.a(k_sin.o)
                0x000071d0                __kernel_sin
 .text          0x0000732c       0x20 libm.a(s_fabs.o)
                0x0000732c                fabs
 .text          0x0000734c      0x144 libm.a(s_floor.o)
                0x0000734c                floor
 .text          0x00007490       0x28 libm.a(s_isnan.o)
                0x00007490                isnan
 .text          0x000074b8        0x0 libm.a(s_lib_ver.o)
 .text          0x000074b8        0x4 libm.a(s_matherr.o)
                0x000074b8                matherr
 .text          0x000074bc      0x120 libm.a(s_scalbn.o)
                0x000074bc                scalbn
 .text          0x000075dc       0x1c libm.a(s_copysign.o)
                0x000075dc                copysign
 .text          0x000075f8      0x4f8 pre_emptive_os/pre_emptive_os.a(kernel.o)
                0x00007974                osTick
                0x00007a38                rmvFromRdyList
                0x00007794                osGetHighPrioProc
                0x00007a54                osSuspend
                0x000076a8                osInit
                0x00007a88                osDeleteProcess
                0x000076d4                osISREnter
                0x000077b0                schedule
                0x000076f8                osCreateProcess
                0x000078f4                addToRdyList
                0x00007644                addToTimeList
                0x00007908                osResume
                0x000075f8                osPid
                0x00007ab8                osSleep
                0x0000781c                osISRExit
                0x00007884                osStart
                0x000078b0                rmvFromTimeList
                0x000079d0                osStartProcess
 .text          0x00007af0      0x124 pre_emptive_os/pre_emptive_os.a(prioqueue.o)
                0x00007af0                initPrioQueue
                0x00007b58                rmvFromPrioQueue
                0x00007b10                addToPrioQueue
                0x00007bf4                isEmptyPrioQueue
                0x00007bbc                getHighPrioQueue
 .text          0x00007c14      0x144 pre_emptive_os/pre_emptive_os.a(count_sem.o)
                0x00007cb4                osSemGive
                0x00007d18                osSemTryTake
                0x00007c14                osSemInit
                0x00007c28                osSemTake
 .text          0x00007d58      0x218 pre_emptive_os/pre_emptive_os.a(timer.o)
                0x00007d58                timerTick
                0x00007ecc                osInitTimers
                0x00007e68                osDeleteTimer
                0x00007e3c                osCreateTimer
 .text          0x00007f70       0xa4 pre_emptive_os/pre_emptive_os.a(stack_usage.o)
                0x00007f70                osStackUsage
                0x00007fb4                createStackPattern
                0x00007fd4                checkStackLimit
 .text          0x00008014      0x1ec pre_emptive_os/pre_emptive_os.a(a7hal.o)
                0x0000804c                stkFrameInit_oshal
                0x00008014                timerIsr_oshal
                0x0000812c                halRestoreInterrupts_oshal
                0x00008134                initTimer_oshal
                0x0000811c                halEnableInterrupts_oshal
                0x000081cc                handleIRQs_oshal
                0x000080fc                halDisableInterrupts_oshal
 .text          0x00008200       0xc4 pre_emptive_os/pre_emptive_os.a(a7hal_a.o)
                0x0000820c                startHighProc_oshal
                0x00008234                ctxSwitchIsr_oshal
                0x00008214                ctxSwitch_oshal
                0x00008254                generalIRQ_oshal
 .text          0x000082c4       0xd8 pre_emptive_os/pre_emptive_os.a(event.o)
                0x000082d4                eventWait
                0x000082c4                eventInit
                0x0000833c                eventIsEmpty
                0x0000830c                eventWaitReturn
                0x0000834c                eventSignal
 .text          0x0000839c      0x114 /cygdrive/c/GNUARM/bin/../lib/gcc/arm-elf/4.1.1/interwork/libgcc.a(_udivsi3.o)
                0x0000839c                __udivsi3
                0x0000839c                __aeabi_uidiv
                0x00008498                __aeabi_uidivmod
 .text          0x000084b0      0x144 /cygdrive/c/GNUARM/bin/../lib/gcc/arm-elf/4.1.1/interwork/libgcc.a(_divsi3.o)
                0x000084b0                __aeabi_idiv
                0x000084b0                __divsi3
                0x000085dc                __aeabi_idivmod
 .text          0x000085f4       0xd0 /cygdrive/c/GNUARM/bin/../lib/gcc/arm-elf/4.1.1/interwork/libgcc.a(_umodsi3.o)
                0x000085f4                __umodsi3
 .text          0x000086c4       0xe8 /cygdrive/c/GNUARM/bin/../lib/gcc/arm-elf/4.1.1/interwork/libgcc.a(_modsi3.o)
                0x000086c4                __modsi3
 .text          0x000087ac        0x4 /cygdrive/c/GNUARM/bin/../lib/gcc/arm-elf/4.1.1/interwork/libgcc.a(_dvmd_tls.o)
                0x000087ac                __aeabi_ldiv0
                0x000087ac                __div0
                0x000087ac                __aeabi_idiv0
 .text          0x000087b0       0x3c /cygdrive/c/GNUARM/bin/../lib/gcc/arm-elf/4.1.1/interwork/libgcc.a(_call_via_rX.o)
                0x000087b8                _call_via_r2
                0x000087c8                _call_via_r6
                0x000087c4                _call_via_r5
                0x000087bc                _call_via_r3
                0x000087dc                _call_via_fp
                0x000087d0                _call_via_r8
                0x000087cc                _call_via_r7
                0x000087b0                _call_via_r0
                0x000087d8                _call_via_sl
                0x000087e4                _call_via_sp
                0x000087d4                _call_via_r9
                0x000087c0                _call_via_r4
                0x000087b4                _call_via_r1
                0x000087e0                _call_via_ip
                0x000087e8                _call_via_lr
 .text          0x000087ec      0x430 /cygdrive/c/GNUARM/bin/../lib/gcc/arm-elf/4.1.1/interwork/libgcc.a(_addsubdf3.o)
                0x00008bb0                __floatdidf
                0x00008b30                __floatsidf
                0x00008b08                __aeabi_ui2d
                0x000087ec                __aeabi_drsub
                0x00008b5c                __extendsfdf2
                0x000087f8                __adddf3
                0x00008b08                __floatunsidf
                0x000087f8                __aeabi_dadd
                0x00008b9c                __aeabi_ul2d
                0x000087f4                __aeabi_dsub
                0x00008b9c                __floatundidf
                0x00008b30                __aeabi_i2d
                0x00008bb0                __aeabi_l2d
                0x00008b5c                __aeabi_f2d
                0x000087f4                __subdf3
 .text          0x00008c1c      0x49c /cygdrive/c/GNUARM/bin/../lib/gcc/arm-elf/4.1.1/interwork/libgcc.a(_muldivdf3.o)
                0x00008eac                __aeabi_ddiv
                0x00008c1c                __aeabi_dmul
                0x00008eac                __divdf3
                0x00008c1c                __muldf3
 .text          0x000090b8      0x140 /cygdrive/c/GNUARM/bin/../lib/gcc/arm-elf/4.1.1/interwork/libgcc.a(_cmpdf2.o)
                0x000091b0                __aeabi_dcmple
                0x000090c8                __cmpdf2
                0x000090c8                __eqdf2
                0x000090b8                __gtdf2
                0x00009168                __aeabi_cdcmple
                0x0000914c                __aeabi_cdrcmple
                0x000090c0                __ltdf2
                0x00009198                __aeabi_dcmplt
                0x000090c0                __ledf2
                0x000091e0                __aeabi_dcmpgt
                0x000091c8                __aeabi_dcmpge
                0x000090c8                __nedf2
                0x00009180                __aeabi_dcmpeq
                0x00009168                __aeabi_cdcmpeq
                0x000090b8                __gedf2
 .text          0x000091f8       0x5c /cygdrive/c/GNUARM/bin/../lib/gcc/arm-elf/4.1.1/interwork/libgcc.a(_fixdfsi.o)
                0x000091f8                __fixdfsi
                0x000091f8                __aeabi_d2iz
 .text          0x00009254       0x54 /cygdrive/c/GNUARM/bin/../lib/gcc/arm-elf/4.1.1/interwork/libgcc.a(_fixunsdfsi.o)
                0x00009254                __fixunsdfsi
                0x00009254                __aeabi_d2uiz
 .text          0x000092a8       0x30 /cygdrive/c/GNUARM/bin/../lib/gcc/arm-elf/4.1.1/../../../../arm-elf/lib/interwork/libc.a(atoi.o)
                0x000092a8                _atoi_r
                0x000092c0                atoi
 .text          0x000092d8       0x10 /cygdrive/c/GNUARM/bin/../lib/gcc/arm-elf/4.1.1/../../../../arm-elf/lib/interwork/libc.a(errno.o)
                0x000092d8                __errno
 .text          0x000092e8        0x0 /cygdrive/c/GNUARM/bin/../lib/gcc/arm-elf/4.1.1/../../../../arm-elf/lib/interwork/libc.a(impure.o)
 .text          0x000092e8       0x98 /cygdrive/c/GNUARM/bin/../lib/gcc/arm-elf/4.1.1/../../../../arm-elf/lib/interwork/libc.a(memcmp.o)
                0x000092e8                memcmp
 .text          0x00009380       0x9c /cygdrive/c/GNUARM/bin/../lib/gcc/arm-elf/4.1.1/../../../../arm-elf/lib/interwork/libc.a(memcpy.o)
                0x00009380                memcpy
 .text          0x0000941c       0x7c /cygdrive/c/GNUARM/bin/../lib/gcc/arm-elf/4.1.1/../../../../arm-elf/lib/interwork/libc.a(rand.o)
                0x00009438                rand
                0x0000941c                srand
 .text          0x00009498      0x118 /cygdrive/c/GNUARM/bin/../lib/gcc/arm-elf/4.1.1/../../../../arm-elf/lib/interwork/libc.a(strchr.o)
                0x00009498                strchr
 .text          0x000095b0       0xa0 /cygdrive/c/GNUARM/bin/../lib/gcc/arm-elf/4.1.1/../../../../arm-elf/lib/interwork/libc.a(strcpy.o)
                0x000095b0                strcpy
 .text          0x00009650       0x90 /cygdrive/c/GNUARM/bin/../lib/gcc/arm-elf/4.1.1/../../../../arm-elf/lib/interwork/libc.a(strlen.o)
                0x00009650                strlen
 .text          0x000096e0      0x13c /cygdrive/c/GNUARM/bin/../lib/gcc/arm-elf/4.1.1/../../../../arm-elf/lib/interwork/libc.a(strncmp.o)
                0x000096e0                strncmp
 .text          0x0000981c      0x1f0 /cygdrive/c/GNUARM/bin/../lib/gcc/arm-elf/4.1.1/../../../../arm-elf/lib/interwork/libc.a(strtol.o)
                0x000099e0                strtol
                0x0000981c                _strtol_r
 .text          0x00009a0c        0x0 /cygdrive/c/GNUARM/bin/../lib/gcc/arm-elf/4.1.1/../../../../arm-elf/lib/interwork/libc.a(ctype_.o)
 *(.glue_7)
 .glue_7        0x00009a0c        0x0 main.o
 .glue_7        0x00009a0c        0x0 lcd.o
 .glue_7        0x00009a0c        0x0 startupDisplay.o
 .glue_7        0x00009a0c        0x0 key.o
 .glue_7        0x00009a0c        0x0 select.o
 .glue_7        0x00009a0c        0x0 uart.o
 .glue_7        0x00009a0c        0x0 bt.o
 .glue_7        0x00009a0c        0x0 snake.o
 .glue_7        0x00009a0c        0x0 pong.o
 .glue_7        0x00009a0c        0x0 eeprom.o
 .glue_7        0x00009a0c        0x0 i2c.o
 .glue_7        0x00009a0c        0x0 hw.o
 .glue_7        0x00009a0c        0x0 Arrow.o
 .glue_7        0x00009a0c        0x0 startup/libea_startup_thumb.a(consol.o)
 .glue_7        0x00009a0c        0x0 startup/libea_startup_thumb.a(framework.o)
 .glue_7        0x00009a0c        0x0 startup/libea_startup_thumb.a(startup.o)
 .glue_7        0x00009a0c        0x0 irq_code/irqUart.a(irqUart.o)
 .glue_7        0x00009a0c        0x0 libm.a(s_cos.o)
 .glue_7        0x00009a0c        0x0 libm.a(s_round.o)
 .glue_7        0x00009a0c        0x0 libm.a(s_sin.o)
 .glue_7        0x00009a0c        0x0 libm.a(w_sqrt.o)
 .glue_7        0x00009a0c        0x0 libm.a(e_rem_pio2.o)
 .glue_7        0x00009a0c        0x0 libm.a(e_sqrt.o)
 .glue_7        0x00009a0c        0x0 libm.a(k_cos.o)
 .glue_7        0x00009a0c        0x0 libm.a(k_rem_pio2.o)
 .glue_7        0x00009a0c        0x0 libm.a(k_sin.o)
 .glue_7        0x00009a0c        0x0 libm.a(s_fabs.o)
 .glue_7        0x00009a0c        0x0 libm.a(s_floor.o)
 .glue_7        0x00009a0c        0x0 libm.a(s_isnan.o)
 .glue_7        0x00009a0c        0x0 libm.a(s_lib_ver.o)
 .glue_7        0x00009a0c        0x0 libm.a(s_matherr.o)
 .glue_7        0x00009a0c        0x0 libm.a(s_scalbn.o)
 .glue_7        0x00009a0c        0x0 libm.a(s_copysign.o)
 .glue_7        0x00009a0c        0x0 pre_emptive_os/pre_emptive_os.a(kernel.o)
 .glue_7        0x00009a0c        0x0 pre_emptive_os/pre_emptive_os.a(prioqueue.o)
 .glue_7        0x00009a0c        0x0 pre_emptive_os/pre_emptive_os.a(count_sem.o)
 .glue_7        0x00009a0c        0x0 pre_emptive_os/pre_emptive_os.a(timer.o)
 .glue_7        0x00009a0c        0x0 pre_emptive_os/pre_emptive_os.a(stack_usage.o)
 .glue_7        0x00009a0c        0x0 pre_emptive_os/pre_emptive_os.a(a7hal.o)
 .glue_7        0x00009a0c        0x0 pre_emptive_os/pre_emptive_os.a(a7hal_a.o)
 .glue_7        0x00009a0c        0x0 pre_emptive_os/pre_emptive_os.a(event.o)
 .glue_7        0x00009a0c        0x0 /cygdrive/c/GNUARM/bin/../lib/gcc/arm-elf/4.1.1/interwork/libgcc.a(_udivsi3.o)
 .glue_7        0x00009a0c        0x0 /cygdrive/c/GNUARM/bin/../lib/gcc/arm-elf/4.1.1/interwork/libgcc.a(_divsi3.o)
 .glue_7        0x00009a0c        0x0 /cygdrive/c/GNUARM/bin/../lib/gcc/arm-elf/4.1.1/interwork/libgcc.a(_umodsi3.o)
 .glue_7        0x00009a0c        0x0 /cygdrive/c/GNUARM/bin/../lib/gcc/arm-elf/4.1.1/interwork/libgcc.a(_modsi3.o)
 .glue_7        0x00009a0c        0x0 /cygdrive/c/GNUARM/bin/../lib/gcc/arm-elf/4.1.1/interwork/libgcc.a(_dvmd_tls.o)
 .glue_7        0x00009a0c        0x0 /cygdrive/c/GNUARM/bin/../lib/gcc/arm-elf/4.1.1/interwork/libgcc.a(_call_via_rX.o)
 .glue_7        0x00009a0c        0x0 /cygdrive/c/GNUARM/bin/../lib/gcc/arm-elf/4.1.1/interwork/libgcc.a(_addsubdf3.o)
 .glue_7        0x00009a0c        0x0 /cygdrive/c/GNUARM/bin/../lib/gcc/arm-elf/4.1.1/interwork/libgcc.a(_muldivdf3.o)
 .glue_7        0x00009a0c        0x0 /cygdrive/c/GNUARM/bin/../lib/gcc/arm-elf/4.1.1/interwork/libgcc.a(_cmpdf2.o)
 .glue_7        0x00009a0c        0x0 /cygdrive/c/GNUARM/bin/../lib/gcc/arm-elf/4.1.1/interwork/libgcc.a(_fixdfsi.o)
 .glue_7        0x00009a0c        0x0 /cygdrive/c/GNUARM/bin/../lib/gcc/arm-elf/4.1.1/interwork/libgcc.a(_fixunsdfsi.o)
 .glue_7        0x00009a0c        0x0 /cygdrive/c/GNUARM/bin/../lib/gcc/arm-elf/4.1.1/../../../../arm-elf/lib/interwork/libc.a(atoi.o)
 .glue_7        0x00009a0c        0x0 /cygdrive/c/GNUARM/bin/../lib/gcc/arm-elf/4.1.1/../../../../arm-elf/lib/interwork/libc.a(errno.o)
 .glue_7        0x00009a0c        0x0 /cygdrive/c/GNUARM/bin/../lib/gcc/arm-elf/4.1.1/../../../../arm-elf/lib/interwork/libc.a(impure.o)
 .glue_7        0x00009a0c        0x0 /cygdrive/c/GNUARM/bin/../lib/gcc/arm-elf/4.1.1/../../../../arm-elf/lib/interwork/libc.a(memcmp.o)
 .glue_7        0x00009a0c        0x0 /cygdrive/c/GNUARM/bin/../lib/gcc/arm-elf/4.1.1/../../../../arm-elf/lib/interwork/libc.a(memcpy.o)
 .glue_7        0x00009a0c        0x0 /cygdrive/c/GNUARM/bin/../lib/gcc/arm-elf/4.1.1/../../../../arm-elf/lib/interwork/libc.a(rand.o)
 .glue_7        0x00009a0c        0x0 /cygdrive/c/GNUARM/bin/../lib/gcc/arm-elf/4.1.1/../../../../arm-elf/lib/interwork/libc.a(strchr.o)
 .glue_7        0x00009a0c        0x0 /cygdrive/c/GNUARM/bin/../lib/gcc/arm-elf/4.1.1/../../../../arm-elf/lib/interwork/libc.a(strcpy.o)
 .glue_7        0x00009a0c        0x0 /cygdrive/c/GNUARM/bin/../lib/gcc/arm-elf/4.1.1/../../../../arm-elf/lib/interwork/libc.a(strlen.o)
 .glue_7        0x00009a0c        0x0 /cygdrive/c/GNUARM/bin/../lib/gcc/arm-elf/4.1.1/../../../../arm-elf/lib/interwork/libc.a(strncmp.o)
 .glue_7        0x00009a0c        0x0 /cygdrive/c/GNUARM/bin/../lib/gcc/arm-elf/4.1.1/../../../../arm-elf/lib/interwork/libc.a(strtol.o)
 .glue_7        0x00009a0c       0x24 /cygdrive/c/GNUARM/bin/../lib/gcc/arm-elf/4.1.1/../../../../arm-elf/lib/interwork/libc.a(ctype_.o)
                0x00009a24                __osISRExit_from_arm
                0x00009a18                __osTick_from_arm
                0x00009a0c                __osSemGive_from_arm
 *(.glue_7t)
 .glue_7t       0x00009a30        0x0 main.o
 .glue_7t       0x00009a30        0x0 lcd.o
 .glue_7t       0x00009a30        0x0 startupDisplay.o
 .glue_7t       0x00009a30        0x0 key.o
 .glue_7t       0x00009a30        0x0 select.o
 .glue_7t       0x00009a30        0x0 uart.o
 .glue_7t       0x00009a30        0x0 bt.o
 .glue_7t       0x00009a30        0x0 snake.o
 .glue_7t       0x00009a30        0x0 pong.o
 .glue_7t       0x00009a30        0x0 eeprom.o
 .glue_7t       0x00009a30        0x0 i2c.o
 .glue_7t       0x00009a30        0x0 hw.o
 .glue_7t       0x00009a30        0x0 Arrow.o
 .glue_7t       0x00009a30        0x0 startup/libea_startup_thumb.a(consol.o)
 .glue_7t       0x00009a30        0x0 startup/libea_startup_thumb.a(framework.o)
 .glue_7t       0x00009a30        0x0 startup/libea_startup_thumb.a(startup.o)
 .glue_7t       0x00009a30        0x0 irq_code/irqUart.a(irqUart.o)
 .glue_7t       0x00009a30        0x0 libm.a(s_cos.o)
 .glue_7t       0x00009a30        0x0 libm.a(s_round.o)
 .glue_7t       0x00009a30        0x0 libm.a(s_sin.o)
 .glue_7t       0x00009a30        0x0 libm.a(w_sqrt.o)
 .glue_7t       0x00009a30        0x0 libm.a(e_rem_pio2.o)
 .glue_7t       0x00009a30        0x0 libm.a(e_sqrt.o)
 .glue_7t       0x00009a30        0x0 libm.a(k_cos.o)
 .glue_7t       0x00009a30        0x0 libm.a(k_rem_pio2.o)
 .glue_7t       0x00009a30        0x0 libm.a(k_sin.o)
 .glue_7t       0x00009a30        0x0 libm.a(s_fabs.o)
 .glue_7t       0x00009a30        0x0 libm.a(s_floor.o)
 .glue_7t       0x00009a30        0x0 libm.a(s_isnan.o)
 .glue_7t       0x00009a30        0x0 libm.a(s_lib_ver.o)
 .glue_7t       0x00009a30        0x0 libm.a(s_matherr.o)
 .glue_7t       0x00009a30        0x0 libm.a(s_scalbn.o)
 .glue_7t       0x00009a30        0x0 libm.a(s_copysign.o)
 .glue_7t       0x00009a30        0x0 pre_emptive_os/pre_emptive_os.a(kernel.o)
 .glue_7t       0x00009a30        0x0 pre_emptive_os/pre_emptive_os.a(prioqueue.o)
 .glue_7t       0x00009a30        0x0 pre_emptive_os/pre_emptive_os.a(count_sem.o)
 .glue_7t       0x00009a30        0x0 pre_emptive_os/pre_emptive_os.a(timer.o)
 .glue_7t       0x00009a30        0x0 pre_emptive_os/pre_emptive_os.a(stack_usage.o)
 .glue_7t       0x00009a30        0x0 pre_emptive_os/pre_emptive_os.a(a7hal.o)
 .glue_7t       0x00009a30        0x0 pre_emptive_os/pre_emptive_os.a(a7hal_a.o)
 .glue_7t       0x00009a30        0x0 pre_emptive_os/pre_emptive_os.a(event.o)
 .glue_7t       0x00009a30        0x0 /cygdrive/c/GNUARM/bin/../lib/gcc/arm-elf/4.1.1/interwork/libgcc.a(_udivsi3.o)
 .glue_7t       0x00009a30        0x0 /cygdrive/c/GNUARM/bin/../lib/gcc/arm-elf/4.1.1/interwork/libgcc.a(_divsi3.o)
 .glue_7t       0x00009a30        0x0 /cygdrive/c/GNUARM/bin/../lib/gcc/arm-elf/4.1.1/interwork/libgcc.a(_umodsi3.o)
 .glue_7t       0x00009a30        0x0 /cygdrive/c/GNUARM/bin/../lib/gcc/arm-elf/4.1.1/interwork/libgcc.a(_modsi3.o)
 .glue_7t       0x00009a30        0x0 /cygdrive/c/GNUARM/bin/../lib/gcc/arm-elf/4.1.1/interwork/libgcc.a(_dvmd_tls.o)
 .glue_7t       0x00009a30        0x0 /cygdrive/c/GNUARM/bin/../lib/gcc/arm-elf/4.1.1/interwork/libgcc.a(_call_via_rX.o)
 .glue_7t       0x00009a30        0x0 /cygdrive/c/GNUARM/bin/../lib/gcc/arm-elf/4.1.1/interwork/libgcc.a(_addsubdf3.o)
 .glue_7t       0x00009a30        0x0 /cygdrive/c/GNUARM/bin/../lib/gcc/arm-elf/4.1.1/interwork/libgcc.a(_muldivdf3.o)
 .glue_7t       0x00009a30        0x0 /cygdrive/c/GNUARM/bin/../lib/gcc/arm-elf/4.1.1/interwork/libgcc.a(_cmpdf2.o)
 .glue_7t       0x00009a30        0x0 /cygdrive/c/GNUARM/bin/../lib/gcc/arm-elf/4.1.1/interwork/libgcc.a(_fixdfsi.o)
 .glue_7t       0x00009a30        0x0 /cygdrive/c/GNUARM/bin/../lib/gcc/arm-elf/4.1.1/interwork/libgcc.a(_fixunsdfsi.o)
 .glue_7t       0x00009a30        0x0 /cygdrive/c/GNUARM/bin/../lib/gcc/arm-elf/4.1.1/../../../../arm-elf/lib/interwork/libc.a(atoi.o)
 .glue_7t       0x00009a30        0x0 /cygdrive/c/GNUARM/bin/../lib/gcc/arm-elf/4.1.1/../../../../arm-elf/lib/interwork/libc.a(errno.o)
 .glue_7t       0x00009a30        0x0 /cygdrive/c/GNUARM/bin/../lib/gcc/arm-elf/4.1.1/../../../../arm-elf/lib/interwork/libc.a(impure.o)
 .glue_7t       0x00009a30        0x0 /cygdrive/c/GNUARM/bin/../lib/gcc/arm-elf/4.1.1/../../../../arm-elf/lib/interwork/libc.a(memcmp.o)
 .glue_7t       0x00009a30        0x0 /cygdrive/c/GNUARM/bin/../lib/gcc/arm-elf/4.1.1/../../../../arm-elf/lib/interwork/libc.a(memcpy.o)
 .glue_7t       0x00009a30        0x0 /cygdrive/c/GNUARM/bin/../lib/gcc/arm-elf/4.1.1/../../../../arm-elf/lib/interwork/libc.a(rand.o)
 .glue_7t       0x00009a30        0x0 /cygdrive/c/GNUARM/bin/../lib/gcc/arm-elf/4.1.1/../../../../arm-elf/lib/interwork/libc.a(strchr.o)
 .glue_7t       0x00009a30        0x0 /cygdrive/c/GNUARM/bin/../lib/gcc/arm-elf/4.1.1/../../../../arm-elf/lib/interwork/libc.a(strcpy.o)
 .glue_7t       0x00009a30        0x0 /cygdrive/c/GNUARM/bin/../lib/gcc/arm-elf/4.1.1/../../../../arm-elf/lib/interwork/libc.a(strlen.o)
 .glue_7t       0x00009a30        0x0 /cygdrive/c/GNUARM/bin/../lib/gcc/arm-elf/4.1.1/../../../../arm-elf/lib/interwork/libc.a(strncmp.o)
 .glue_7t       0x00009a30        0x0 /cygdrive/c/GNUARM/bin/../lib/gcc/arm-elf/4.1.1/../../../../arm-elf/lib/interwork/libc.a(strtol.o)
 .glue_7t       0x00009a30      0x128 /cygdrive/c/GNUARM/bin/../lib/gcc/arm-elf/4.1.1/../../../../arm-elf/lib/interwork/libc.a(ctype_.o)
                0x00009aac                __strcpy_change_to_arm
                0x00009a8c                ____modsi3_change_to_arm
                0x00009ad8                ____gtdf2_from_thumb
                0x00009ac8                ____subdf3_from_thumb
                0x00009aec                ____ltdf2_change_to_arm
                0x00009b00                ____ledf2_from_thumb
                0x00009b28                __halRestoreInterrupts_oshal_from_thumb
                0x00009acc                ____subdf3_change_to_arm
                0x00009a54                __restoreIrq_change_to_arm
                0x00009ae4                ____gedf2_change_to_arm
                0x00009a6c                __strchr_change_to_arm
                0x00009a58                __memcpy_from_thumb
                0x00009b38                __ctxSwitch_oshal_from_thumb
                0x00009b34                __stkFrameInit_oshal_change_to_arm
                0x00009a98                __srand_from_thumb
                0x00009aa4                __strncmp_change_to_arm
                0x00009b4c                __initTimer_oshal_change_to_arm
                0x00009b18                ____eqdf2_from_thumb
                0x00009b50                __startHighProc_oshal_from_thumb
                0x00009a34                ____umodsi3_change_to_arm
                0x00009b10                ____fixdfsi_from_thumb
                0x00009af4                ____divdf3_change_to_arm
                0x00009aa8                __strcpy_from_thumb
                0x00009ae0                ____gedf2_from_thumb
                0x00009a88                ____modsi3_from_thumb
                0x00009a74                ____udivsi3_change_to_arm
                0x00009b54                __startHighProc_oshal_change_to_arm
                0x00009b40                __ctxSwitchIsr_oshal_from_thumb
                0x00009a68                __strchr_from_thumb
                0x00009a4c                __disIrq_change_to_arm
                0x00009ac0                ____fixunsdfsi_from_thumb
                0x00009afc                ____muldf3_change_to_arm
                0x00009b14                ____fixdfsi_change_to_arm
                0x00009a48                __disIrq_from_thumb
                0x00009af0                ____divdf3_from_thumb
                0x00009b2c                __halRestoreInterrupts_oshal_change_to_arm
                0x00009a44                __simplePrintf_change_to_arm
                0x00009a9c                __srand_change_to_arm
                0x00009a30                ____umodsi3_from_thumb
                0x00009a80                ____divsi3_from_thumb
                0x00009ac4                ____fixunsdfsi_change_to_arm
                0x00009abc                ____adddf3_change_to_arm
                0x00009adc                ____gtdf2_change_to_arm
                0x00009b3c                __ctxSwitch_oshal_change_to_arm
                0x00009ab0                ____floatsidf_from_thumb
                0x00009ae8                ____ltdf2_from_thumb
                0x00009b30                __stkFrameInit_oshal_from_thumb
                0x00009a70                ____udivsi3_from_thumb
                0x00009a38                __eaInit_from_thumb
                0x00009ad4                ____nedf2_change_to_arm
                0x00009a78                __consolGetChar_from_thumb
                0x00009ab8                ____adddf3_from_thumb
                0x00009a40                __simplePrintf_from_thumb
                0x00009b48                __initTimer_oshal_from_thumb
                0x00009a3c                __eaInit_change_to_arm
                0x00009a7c                __consolGetChar_change_to_arm
                0x00009b1c                ____eqdf2_change_to_arm
                0x00009b44                __ctxSwitchIsr_oshal_change_to_arm
                0x00009a90                __rand_from_thumb
                0x00009a60                __memcmp_from_thumb
                0x00009a64                __memcmp_change_to_arm
                0x00009b24                __halDisableInterrupts_oshal_change_to_arm
                0x00009b20                __halDisableInterrupts_oshal_from_thumb
                0x00009b0c                ____errno_change_to_arm
                0x00009af8                ____muldf3_from_thumb
                0x00009b08                ____errno_from_thumb
                0x00009a50                __restoreIrq_from_thumb
                0x00009ad0                ____nedf2_from_thumb
                0x00009a5c                __memcpy_change_to_arm
                0x00009b04                ____ledf2_change_to_arm
                0x00009aa0                __strncmp_from_thumb
                0x00009a84                ____divsi3_change_to_arm
                0x00009ab4                ____floatsidf_change_to_arm
                0x00009a94                __rand_change_to_arm
                0x00009b58                . = ALIGN (0x4)

.rodata         0x00009b58    0x125f4
 *(.rodata)
 .rodata        0x00009b58     0x4918 main.o
                0x0000b8f8                _fire_2_100x40c
                0x0000d326                _fire_5_100x40c
                0x0000b016                _fire_1_100x40c
                0x0000c20c                _fire_3_100x40c
                0x00009b80                _ArrowUp
                0x0000a7f0                _fire_0_100x40c
                0x0000cab4                _fire_4_100x40c
                0x0000dbc6                _fire_6_100x40c
 .rodata        0x0000e470      0x55c lcd.o
                0x0000e470                charMap
 .rodata        0x0000e9cc     0x4c48 startupDisplay.o
                0x0000ee50                _ea_97x60c
                0x0000f5ac                _future_128x39c
                0x000111ae                _fun_0_130x90c
                0x000100e8                _philips_122x25c
                0x00010a94                _segger_85x40c
                0x000123ba                _fun_1_130x90c
 .rodata        0x00013614       0x30 bt.o
 .rodata        0x00013644       0x10 pong.o
 .rodata        0x00013654       0x11 hw.o
 *fill*         0x00013665        0x1 00
 .rodata        0x00013666     0x7ed6 Arrow.o
                0x00015ce0                _ArrowRight
                0x00013666                _ArrowLeft
                0x00019126                _ArrowDown
 .rodata        0x0001b53c       0x10 startup/libea_startup_thumb.a(consol.o)
 .rodata        0x0001b54c      0x188 libm.a(e_rem_pio2.o)
 .rodata        0x0001b6d4       0x50 libm.a(k_rem_pio2.o)
 .rodata        0x0001b724        0x4 libm.a(s_lib_ver.o)
                0x0001b724                __fdlib_version
 .rodata        0x0001b728        0x4 /cygdrive/c/GNUARM/bin/../lib/gcc/arm-elf/4.1.1/../../../../arm-elf/lib/interwork/libc.a(impure.o)
                0x0001b728                _global_impure_ptr
 .rodata        0x0001b72c      0x101 /cygdrive/c/GNUARM/bin/../lib/gcc/arm-elf/4.1.1/../../../../arm-elf/lib/interwork/libc.a(ctype_.o)
                0x0001b72c                _ctype_
 *(.rodata*)
 *fill*         0x0001b82d        0x3 00
 .rodata.str1.4
                0x0001b830      0x33d main.o
                                0x340 (size before relaxing)
 *fill*         0x0001bb6d        0x3 00
 .rodata.str1.4
                0x0001bb70      0x32c bt.o
                                0x330 (size before relaxing)
 .rodata.str1.4
                0x0001be9c       0x2d snake.o
                                 0x30 (size before relaxing)
 *fill*         0x0001bec9        0x3 00
 .rodata.str1.4
                0x0001becc      0x183 pong.o
                                0x23c (size before relaxing)
 *fill*         0x0001c04f        0x1 00
 .rodata.str1.4
                0x0001c050       0x18 startup/libea_startup_thumb.a(consol.o)
 .rodata.str1.4
                0x0001c068       0xd8 startup/libea_startup_thumb.a(framework.o)
 .rodata.str1.4
                0x0001c140        0x5 libm.a(w_sqrt.o)
                                  0x8 (size before relaxing)
 *fill*         0x0001c145        0x3 00
 .rodata.str1.4
                0x0001c148        0x4 /cygdrive/c/GNUARM/bin/../lib/gcc/arm-elf/4.1.1/../../../../arm-elf/lib/interwork/libc.a(impure.o)
                0x0001c14c                . = ALIGN (0x4)
                0x0001c14c                _etext = .
                0x0001c14c                PROVIDE (etext, .)

.data           0x40000080      0x470 load address 0x0001c14c
                0x40000080                _data = .
 *(.data)
 .data          0x40000080        0x1 main.o
 .data          0x40000081        0x0 lcd.o
 .data          0x40000081        0x0 startupDisplay.o
 .data          0x40000081        0x5 key.o
 .data          0x40000086        0x0 select.o
 .data          0x40000086        0x0 uart.o
 .data          0x40000086        0x0 bt.o
 .data          0x40000086        0x1 snake.o
 *fill*         0x40000087        0x1 00
 .data          0x40000088       0x60 pong.o
 .data          0x400000e8        0x0 eeprom.o
 .data          0x400000e8        0x0 i2c.o
 .data          0x400000e8        0x0 hw.o
 .data          0x400000e8        0x0 Arrow.o
 .data          0x400000e8        0x0 startup/libea_startup_thumb.a(consol.o)
 .data          0x400000e8        0x0 startup/libea_startup_thumb.a(framework.o)
 .data          0x400000e8        0x0 startup/libea_startup_thumb.a(startup.o)
 .data          0x400000e8        0x0 irq_code/irqUart.a(irqUart.o)
 .data          0x400000e8        0x0 libm.a(s_cos.o)
 .data          0x400000e8        0x0 libm.a(s_round.o)
 .data          0x400000e8        0x0 libm.a(s_sin.o)
 .data          0x400000e8        0x0 libm.a(w_sqrt.o)
 .data          0x400000e8        0x0 libm.a(e_rem_pio2.o)
 .data          0x400000e8        0x0 libm.a(e_sqrt.o)
 .data          0x400000e8        0x0 libm.a(k_cos.o)
 .data          0x400000e8        0x0 libm.a(k_rem_pio2.o)
 .data          0x400000e8        0x0 libm.a(k_sin.o)
 .data          0x400000e8        0x0 libm.a(s_fabs.o)
 .data          0x400000e8        0x0 libm.a(s_floor.o)
 .data          0x400000e8        0x0 libm.a(s_isnan.o)
 .data          0x400000e8        0x0 libm.a(s_lib_ver.o)
 .data          0x400000e8        0x0 libm.a(s_matherr.o)
 .data          0x400000e8        0x0 libm.a(s_scalbn.o)
 .data          0x400000e8        0x0 libm.a(s_copysign.o)
 .data          0x400000e8        0x0 pre_emptive_os/pre_emptive_os.a(kernel.o)
 .data          0x400000e8        0x0 pre_emptive_os/pre_emptive_os.a(prioqueue.o)
 .data          0x400000e8        0x0 pre_emptive_os/pre_emptive_os.a(count_sem.o)
 .data          0x400000e8        0x0 pre_emptive_os/pre_emptive_os.a(timer.o)
 .data          0x400000e8        0x0 pre_emptive_os/pre_emptive_os.a(stack_usage.o)
 .data          0x400000e8        0x0 pre_emptive_os/pre_emptive_os.a(a7hal.o)
 .data          0x400000e8        0x0 pre_emptive_os/pre_emptive_os.a(a7hal_a.o)
 .data          0x400000e8        0x0 pre_emptive_os/pre_emptive_os.a(event.o)
 .data          0x400000e8        0x0 /cygdrive/c/GNUARM/bin/../lib/gcc/arm-elf/4.1.1/interwork/libgcc.a(_udivsi3.o)
 .data          0x400000e8        0x0 /cygdrive/c/GNUARM/bin/../lib/gcc/arm-elf/4.1.1/interwork/libgcc.a(_divsi3.o)
 .data          0x400000e8        0x0 /cygdrive/c/GNUARM/bin/../lib/gcc/arm-elf/4.1.1/interwork/libgcc.a(_umodsi3.o)
 .data          0x400000e8        0x0 /cygdrive/c/GNUARM/bin/../lib/gcc/arm-elf/4.1.1/interwork/libgcc.a(_modsi3.o)
 .data          0x400000e8        0x0 /cygdrive/c/GNUARM/bin/../lib/gcc/arm-elf/4.1.1/interwork/libgcc.a(_dvmd_tls.o)
 .data          0x400000e8        0x0 /cygdrive/c/GNUARM/bin/../lib/gcc/arm-elf/4.1.1/interwork/libgcc.a(_call_via_rX.o)
 .data          0x400000e8        0x0 /cygdrive/c/GNUARM/bin/../lib/gcc/arm-elf/4.1.1/interwork/libgcc.a(_addsubdf3.o)
 .data          0x400000e8        0x0 /cygdrive/c/GNUARM/bin/../lib/gcc/arm-elf/4.1.1/interwork/libgcc.a(_muldivdf3.o)
 .data          0x400000e8        0x0 /cygdrive/c/GNUARM/bin/../lib/gcc/arm-elf/4.1.1/interwork/libgcc.a(_cmpdf2.o)
 .data          0x400000e8        0x0 /cygdrive/c/GNUARM/bin/../lib/gcc/arm-elf/4.1.1/interwork/libgcc.a(_fixdfsi.o)
 .data          0x400000e8        0x0 /cygdrive/c/GNUARM/bin/../lib/gcc/arm-elf/4.1.1/interwork/libgcc.a(_fixunsdfsi.o)
 .data          0x400000e8        0x0 /cygdrive/c/GNUARM/bin/../lib/gcc/arm-elf/4.1.1/../../../../arm-elf/lib/interwork/libc.a(atoi.o)
 .data          0x400000e8        0x0 /cygdrive/c/GNUARM/bin/../lib/gcc/arm-elf/4.1.1/../../../../arm-elf/lib/interwork/libc.a(errno.o)
 .data          0x400000e8      0x404 /cygdrive/c/GNUARM/bin/../lib/gcc/arm-elf/4.1.1/../../../../arm-elf/lib/interwork/libc.a(impure.o)
                0x400000e8                _impure_ptr
 .data          0x400004ec        0x0 /cygdrive/c/GNUARM/bin/../lib/gcc/arm-elf/4.1.1/../../../../arm-elf/lib/interwork/libc.a(memcmp.o)
 .data          0x400004ec        0x0 /cygdrive/c/GNUARM/bin/../lib/gcc/arm-elf/4.1.1/../../../../arm-elf/lib/interwork/libc.a(memcpy.o)
 .data          0x400004ec        0x0 /cygdrive/c/GNUARM/bin/../lib/gcc/arm-elf/4.1.1/../../../../arm-elf/lib/interwork/libc.a(rand.o)
 .data          0x400004ec        0x0 /cygdrive/c/GNUARM/bin/../lib/gcc/arm-elf/4.1.1/../../../../arm-elf/lib/interwork/libc.a(strchr.o)
 .data          0x400004ec        0x0 /cygdrive/c/GNUARM/bin/../lib/gcc/arm-elf/4.1.1/../../../../arm-elf/lib/interwork/libc.a(strcpy.o)
 .data          0x400004ec        0x0 /cygdrive/c/GNUARM/bin/../lib/gcc/arm-elf/4.1.1/../../../../arm-elf/lib/interwork/libc.a(strlen.o)
 .data          0x400004ec        0x0 /cygdrive/c/GNUARM/bin/../lib/gcc/arm-elf/4.1.1/../../../../arm-elf/lib/interwork/libc.a(strncmp.o)
 .data          0x400004ec        0x0 /cygdrive/c/GNUARM/bin/../lib/gcc/arm-elf/4.1.1/../../../../arm-elf/lib/interwork/libc.a(strtol.o)
 .data          0x400004ec        0x4 /cygdrive/c/GNUARM/bin/../lib/gcc/arm-elf/4.1.1/../../../../arm-elf/lib/interwork/libc.a(ctype_.o)
                0x400004ec                __ctype_ptr
                0x400004f0                . = ALIGN (0x4)
                0x400004f0                _edata = .
                0x400004f0                PROVIDE (edata, .)

.bss            0x400004f0     0x19e0
                0x400004f0                _bss = .
                0x400004f0                __bss_start = .
                0x400004f0                __bss_start__ = .
 *(.bss)
 .bss           0x400004f0      0x57a main.o
 .bss           0x40000a6a        0x5 lcd.o
 .bss           0x40000a6f        0x0 startupDisplay.o
 .bss           0x40000a6f        0x7 key.o
 *fill*         0x40000a76        0x2 00
 .bss           0x40000a78       0x34 select.o
 .bss           0x40000aac       0x18 uart.o
                0x40000ab4                uart1TxRunning
                0x40000aac                uart1TxHead
                0x40000ab0                uart1TxTail
                0x40000ab8                uart1RxHead
                0x40000ac0                uart1RxInBuff
                0x40000abc                uart1RxTail
 .bss           0x40000ac4      0x404 bt.o
 .bss           0x40000ec8      0x288 snake.o
 .bss           0x40001150       0xd8 pong.o
 .bss           0x40001228        0x0 eeprom.o
 .bss           0x40001228       0x1c i2c.o
 .bss           0x40001244        0x2 hw.o
 .bss           0x40001246        0x0 Arrow.o
 .bss           0x40001246        0x0 startup/libea_startup_thumb.a(consol.o)
 .bss           0x40001246        0x0 startup/libea_startup_thumb.a(framework.o)
 .bss           0x40001246        0x0 startup/libea_startup_thumb.a(startup.o)
 .bss           0x40001246        0x0 irq_code/irqUart.a(irqUart.o)
 .bss           0x40001246        0x0 libm.a(s_cos.o)
 .bss           0x40001246        0x0 libm.a(s_round.o)
 .bss           0x40001246        0x0 libm.a(s_sin.o)
 .bss           0x40001246        0x0 libm.a(w_sqrt.o)
 .bss           0x40001246        0x0 libm.a(e_rem_pio2.o)
 .bss           0x40001246        0x0 libm.a(e_sqrt.o)
 .bss           0x40001246        0x0 libm.a(k_cos.o)
 .bss           0x40001246        0x0 libm.a(k_rem_pio2.o)
 .bss           0x40001246        0x0 libm.a(k_sin.o)
 .bss           0x40001246        0x0 libm.a(s_fabs.o)
 .bss           0x40001246        0x0 libm.a(s_floor.o)
 .bss           0x40001246        0x0 libm.a(s_isnan.o)
 .bss           0x40001246        0x0 libm.a(s_lib_ver.o)
 .bss           0x40001246        0x0 libm.a(s_matherr.o)
 .bss           0x40001246        0x0 libm.a(s_scalbn.o)
 .bss           0x40001246        0x0 libm.a(s_copysign.o)
 *fill*         0x40001246        0x2 00
 .bss           0x40001248       0x2c pre_emptive_os/pre_emptive_os.a(kernel.o)
                0x40001248                osLockNesting
                0x4000124c                pNxtToRun
                0x40001250                pRunProc
                0x40001249                isrNesting
 .bss           0x40001274        0x0 pre_emptive_os/pre_emptive_os.a(prioqueue.o)
 .bss           0x40001274        0x0 pre_emptive_os/pre_emptive_os.a(count_sem.o)
 .bss           0x40001274      0x348 pre_emptive_os/pre_emptive_os.a(timer.o)
 .bss           0x400015bc        0x0 pre_emptive_os/pre_emptive_os.a(stack_usage.o)
 .bss           0x400015bc        0x0 pre_emptive_os/pre_emptive_os.a(a7hal.o)
 .bss           0x400015bc        0x0 pre_emptive_os/pre_emptive_os.a(a7hal_a.o)
 .bss           0x400015bc        0x0 pre_emptive_os/pre_emptive_os.a(event.o)
 .bss           0x400015bc        0x0 /cygdrive/c/GNUARM/bin/../lib/gcc/arm-elf/4.1.1/interwork/libgcc.a(_udivsi3.o)
 .bss           0x400015bc        0x0 /cygdrive/c/GNUARM/bin/../lib/gcc/arm-elf/4.1.1/interwork/libgcc.a(_divsi3.o)
 .bss           0x400015bc        0x0 /cygdrive/c/GNUARM/bin/../lib/gcc/arm-elf/4.1.1/interwork/libgcc.a(_umodsi3.o)
 .bss           0x400015bc        0x0 /cygdrive/c/GNUARM/bin/../lib/gcc/arm-elf/4.1.1/interwork/libgcc.a(_modsi3.o)
 .bss           0x400015bc        0x0 /cygdrive/c/GNUARM/bin/../lib/gcc/arm-elf/4.1.1/interwork/libgcc.a(_dvmd_tls.o)
 .bss           0x400015bc        0x0 /cygdrive/c/GNUARM/bin/../lib/gcc/arm-elf/4.1.1/interwork/libgcc.a(_call_via_rX.o)
 .bss           0x400015bc        0x0 /cygdrive/c/GNUARM/bin/../lib/gcc/arm-elf/4.1.1/interwork/libgcc.a(_addsubdf3.o)
 .bss           0x400015bc        0x0 /cygdrive/c/GNUARM/bin/../lib/gcc/arm-elf/4.1.1/interwork/libgcc.a(_muldivdf3.o)
 .bss           0x400015bc        0x0 /cygdrive/c/GNUARM/bin/../lib/gcc/arm-elf/4.1.1/interwork/libgcc.a(_cmpdf2.o)
 .bss           0x400015bc        0x0 /cygdrive/c/GNUARM/bin/../lib/gcc/arm-elf/4.1.1/interwork/libgcc.a(_fixdfsi.o)
 .bss           0x400015bc        0x0 /cygdrive/c/GNUARM/bin/../lib/gcc/arm-elf/4.1.1/interwork/libgcc.a(_fixunsdfsi.o)
 .bss           0x400015bc        0x0 /cygdrive/c/GNUARM/bin/../lib/gcc/arm-elf/4.1.1/../../../../arm-elf/lib/interwork/libc.a(atoi.o)
 .bss           0x400015bc        0x0 /cygdrive/c/GNUARM/bin/../lib/gcc/arm-elf/4.1.1/../../../../arm-elf/lib/interwork/libc.a(errno.o)
 .bss           0x400015bc        0x0 /cygdrive/c/GNUARM/bin/../lib/gcc/arm-elf/4.1.1/../../../../arm-elf/lib/interwork/libc.a(impure.o)
 .bss           0x400015bc        0x0 /cygdrive/c/GNUARM/bin/../lib/gcc/arm-elf/4.1.1/../../../../arm-elf/lib/interwork/libc.a(memcmp.o)
 .bss           0x400015bc        0x0 /cygdrive/c/GNUARM/bin/../lib/gcc/arm-elf/4.1.1/../../../../arm-elf/lib/interwork/libc.a(memcpy.o)
 .bss           0x400015bc        0x0 /cygdrive/c/GNUARM/bin/../lib/gcc/arm-elf/4.1.1/../../../../arm-elf/lib/interwork/libc.a(rand.o)
 .bss           0x400015bc        0x0 /cygdrive/c/GNUARM/bin/../lib/gcc/arm-elf/4.1.1/../../../../arm-elf/lib/interwork/libc.a(strchr.o)
 .bss           0x400015bc        0x0 /cygdrive/c/GNUARM/bin/../lib/gcc/arm-elf/4.1.1/../../../../arm-elf/lib/interwork/libc.a(strcpy.o)
 .bss           0x400015bc        0x0 /cygdrive/c/GNUARM/bin/../lib/gcc/arm-elf/4.1.1/../../../../arm-elf/lib/interwork/libc.a(strlen.o)
 .bss           0x400015bc        0x0 /cygdrive/c/GNUARM/bin/../lib/gcc/arm-elf/4.1.1/../../../../arm-elf/lib/interwork/libc.a(strncmp.o)
 .bss           0x400015bc        0x0 /cygdrive/c/GNUARM/bin/../lib/gcc/arm-elf/4.1.1/../../../../arm-elf/lib/interwork/libc.a(strtol.o)
 .bss           0x400015bc        0x0 /cygdrive/c/GNUARM/bin/../lib/gcc/arm-elf/4.1.1/../../../../arm-elf/lib/interwork/libc.a(ctype_.o)
 *(COMMON)
 COMMON         0x400015bc        0x6 main.o
                0x400015bc                ms
                0x400015c0                ver1_1
                0x400015c1                ver1_0
 *fill*         0x400015c2        0x2 00
 COMMON         0x400015c4      0x51c uart.o
                0x400015c4                uart1RxBuf
                0x400019c4                receiveSem
                0x400019e0                uart1TxBuf
 COMMON         0x40001ae0      0x320 snake.o
                0x40001ae0                snake
 COMMON         0x40001e00        0x8 startup/libea_startup_thumb.a(framework.o)
                0x40001e00                pHeapEnd
                0x40001e04                pHeapStart
 COMMON         0x40001e08       0xc8 pre_emptive_os/pre_emptive_os.a(kernel.o)
                0x40001e08                processControlBlocks
                0x40001ed0                . = ALIGN (0x4)
                0x40001ed0                . = ALIGN (0x4)
                0x40001ed0                __bss_end = .
                0x40001ed0                __bss_end__ = .
                0x40001ed0                _end = .
                0x40001ed0                PROVIDE (end, .)

.stab           0x00000000      0x600
 *(.stab)
 .stab          0x00000000      0x3c0 startup/libea_startup_thumb.a(startup.o)
 .stab          0x000003c0      0x240 pre_emptive_os/pre_emptive_os.a(a7hal_a.o)
                                0x24c (size before relaxing)

.stabstr        0x00000000       0x9a
 *(.stabstr)
 .stabstr       0x00000000       0x9a startup/libea_startup_thumb.a(startup.o)

.stab.excl
 *(.stab.excl)

.stab.exclstr
 *(.stab.exclstr)

.stab.index
 *(.stab.index)

.stab.indexstr
 *(.stab.indexstr)

.comment        0x00000000      0x396
 *(.comment)
 .comment       0x00000000       0x12 main.o
 .comment       0x00000012       0x12 lcd.o
 .comment       0x00000024       0x12 startupDisplay.o
 .comment       0x00000036       0x12 key.o
 .comment       0x00000048       0x12 select.o
 .comment       0x0000005a       0x12 uart.o
 .comment       0x0000006c       0x12 bt.o
 .comment       0x0000007e       0x12 snake.o
 .comment       0x00000090       0x12 pong.o
 .comment       0x000000a2       0x12 eeprom.o
 .comment       0x000000b4       0x12 i2c.o
 .comment       0x000000c6       0x12 hw.o
 .comment       0x000000d8       0x12 Arrow.o
 .comment       0x000000ea       0x12 startup/libea_startup_thumb.a(consol.o)
 .comment       0x000000fc       0x12 startup/libea_startup_thumb.a(framework.o)
 .comment       0x0000010e       0x12 irq_code/irqUart.a(irqUart.o)
 .comment       0x00000120       0x12 libm.a(s_cos.o)
 .comment       0x00000132       0x12 libm.a(s_round.o)
 .comment       0x00000144       0x12 libm.a(s_sin.o)
 .comment       0x00000156       0x12 libm.a(w_sqrt.o)
 .comment       0x00000168       0x12 libm.a(e_rem_pio2.o)
 .comment       0x0000017a       0x12 libm.a(e_sqrt.o)
 .comment       0x0000018c       0x12 libm.a(k_cos.o)
 .comment       0x0000019e       0x12 libm.a(k_rem_pio2.o)
 .comment       0x000001b0       0x12 libm.a(k_sin.o)
 .comment       0x000001c2       0x12 libm.a(s_fabs.o)
 .comment       0x000001d4       0x12 libm.a(s_floor.o)
 .comment       0x000001e6       0x12 libm.a(s_isnan.o)
 .comment       0x000001f8       0x12 libm.a(s_lib_ver.o)
 .comment       0x0000020a       0x12 libm.a(s_matherr.o)
 .comment       0x0000021c       0x12 libm.a(s_scalbn.o)
 .comment       0x0000022e       0x12 libm.a(s_copysign.o)
 .comment       0x00000240       0x12 pre_emptive_os/pre_emptive_os.a(kernel.o)
 .comment       0x00000252       0x12 pre_emptive_os/pre_emptive_os.a(prioqueue.o)
 .comment       0x00000264       0x12 pre_emptive_os/pre_emptive_os.a(count_sem.o)
 .comment       0x00000276       0x12 pre_emptive_os/pre_emptive_os.a(timer.o)
 .comment       0x00000288       0x12 pre_emptive_os/pre_emptive_os.a(stack_usage.o)
 .comment       0x0000029a       0x12 pre_emptive_os/pre_emptive_os.a(a7hal.o)
 .comment       0x000002ac       0x12 pre_emptive_os/pre_emptive_os.a(event.o)
 .comment       0x000002be       0x12 /cygdrive/c/GNUARM/bin/../lib/gcc/arm-elf/4.1.1/../../../../arm-elf/lib/interwork/libc.a(atoi.o)
 .comment       0x000002d0       0x12 /cygdrive/c/GNUARM/bin/../lib/gcc/arm-elf/4.1.1/../../../../arm-elf/lib/interwork/libc.a(errno.o)
 .comment       0x000002e2       0x12 /cygdrive/c/GNUARM/bin/../lib/gcc/arm-elf/4.1.1/../../../../arm-elf/lib/interwork/libc.a(impure.o)
 .comment       0x000002f4       0x12 /cygdrive/c/GNUARM/bin/../lib/gcc/arm-elf/4.1.1/../../../../arm-elf/lib/interwork/libc.a(memcmp.o)
 .comment       0x00000306       0x12 /cygdrive/c/GNUARM/bin/../lib/gcc/arm-elf/4.1.1/../../../../arm-elf/lib/interwork/libc.a(memcpy.o)
 .comment       0x00000318       0x12 /cygdrive/c/GNUARM/bin/../lib/gcc/arm-elf/4.1.1/../../../../arm-elf/lib/interwork/libc.a(rand.o)
 .comment       0x0000032a       0x12 /cygdrive/c/GNUARM/bin/../lib/gcc/arm-elf/4.1.1/../../../../arm-elf/lib/interwork/libc.a(strchr.o)
 .comment       0x0000033c       0x12 /cygdrive/c/GNUARM/bin/../lib/gcc/arm-elf/4.1.1/../../../../arm-elf/lib/interwork/libc.a(strcpy.o)
 .comment       0x0000034e       0x12 /cygdrive/c/GNUARM/bin/../lib/gcc/arm-elf/4.1.1/../../../../arm-elf/lib/interwork/libc.a(strlen.o)
 .comment       0x00000360       0x12 /cygdrive/c/GNUARM/bin/../lib/gcc/arm-elf/4.1.1/../../../../arm-elf/lib/interwork/libc.a(strncmp.o)
 .comment       0x00000372       0x12 /cygdrive/c/GNUARM/bin/../lib/gcc/arm-elf/4.1.1/../../../../arm-elf/lib/interwork/libc.a(strtol.o)
 .comment       0x00000384       0x12 /cygdrive/c/GNUARM/bin/../lib/gcc/arm-elf/4.1.1/../../../../arm-elf/lib/interwork/libc.a(ctype_.o)

.debug
 *(.debug)

.line
 *(.line)

.debug_srcinfo
 *(.debug_srcinfo)

.debug_sfnames
 *(.debug_sfnames)

.debug_aranges  0x00000000      0x760
 *(.debug_aranges)
 .debug_aranges
                0x00000000       0x20 main.o
 .debug_aranges
                0x00000020       0x20 lcd.o
 .debug_aranges
                0x00000040       0x20 startupDisplay.o
 .debug_aranges
                0x00000060       0x20 key.o
 .debug_aranges
                0x00000080       0x20 select.o
 .debug_aranges
                0x000000a0       0x20 uart.o
 .debug_aranges
                0x000000c0       0x20 bt.o
 .debug_aranges
                0x000000e0       0x20 snake.o
 .debug_aranges
                0x00000100       0x20 pong.o
 .debug_aranges
                0x00000120       0x20 eeprom.o
 .debug_aranges
                0x00000140       0x20 i2c.o
 .debug_aranges
                0x00000160       0x20 hw.o
 .debug_aranges
                0x00000180       0x20 Arrow.o
 .debug_aranges
                0x000001a0       0x20 startup/libea_startup_thumb.a(consol.o)
 .debug_aranges
                0x000001c0       0x20 startup/libea_startup_thumb.a(framework.o)
 .debug_aranges
                0x000001e0       0x20 irq_code/irqUart.a(irqUart.o)
 .debug_aranges
                0x00000200       0x20 libm.a(s_cos.o)
 .debug_aranges
                0x00000220       0x20 libm.a(s_round.o)
 .debug_aranges
                0x00000240       0x20 libm.a(s_sin.o)
 .debug_aranges
                0x00000260       0x20 libm.a(w_sqrt.o)
 .debug_aranges
                0x00000280       0x20 libm.a(e_rem_pio2.o)
 .debug_aranges
                0x000002a0       0x20 libm.a(e_sqrt.o)
 .debug_aranges
                0x000002c0       0x20 libm.a(k_cos.o)
 .debug_aranges
                0x000002e0       0x20 libm.a(k_rem_pio2.o)
 .debug_aranges
                0x00000300       0x20 libm.a(k_sin.o)
 .debug_aranges
                0x00000320       0x20 libm.a(s_fabs.o)
 .debug_aranges
                0x00000340       0x20 libm.a(s_floor.o)
 .debug_aranges
                0x00000360       0x20 libm.a(s_isnan.o)
 .debug_aranges
                0x00000380       0x20 libm.a(s_matherr.o)
 .debug_aranges
                0x000003a0       0x20 libm.a(s_scalbn.o)
 .debug_aranges
                0x000003c0       0x20 libm.a(s_copysign.o)
 .debug_aranges
                0x000003e0       0x20 pre_emptive_os/pre_emptive_os.a(kernel.o)
 .debug_aranges
                0x00000400       0x20 pre_emptive_os/pre_emptive_os.a(prioqueue.o)
 .debug_aranges
                0x00000420       0x20 pre_emptive_os/pre_emptive_os.a(count_sem.o)
 .debug_aranges
                0x00000440       0x20 pre_emptive_os/pre_emptive_os.a(timer.o)
 .debug_aranges
                0x00000460       0x20 pre_emptive_os/pre_emptive_os.a(stack_usage.o)
 .debug_aranges
                0x00000480       0x20 pre_emptive_os/pre_emptive_os.a(a7hal.o)
 .debug_aranges
                0x000004a0       0x20 pre_emptive_os/pre_emptive_os.a(event.o)
 .debug_aranges
                0x000004c0       0x20 /cygdrive/c/GNUARM/bin/../lib/gcc/arm-elf/4.1.1/interwork/libgcc.a(_udivsi3.o)
 .debug_aranges
                0x000004e0       0x20 /cygdrive/c/GNUARM/bin/../lib/gcc/arm-elf/4.1.1/interwork/libgcc.a(_divsi3.o)
 .debug_aranges
                0x00000500       0x20 /cygdrive/c/GNUARM/bin/../lib/gcc/arm-elf/4.1.1/interwork/libgcc.a(_umodsi3.o)
 .debug_aranges
                0x00000520       0x20 /cygdrive/c/GNUARM/bin/../lib/gcc/arm-elf/4.1.1/interwork/libgcc.a(_modsi3.o)
 .debug_aranges
                0x00000540       0x20 /cygdrive/c/GNUARM/bin/../lib/gcc/arm-elf/4.1.1/interwork/libgcc.a(_dvmd_tls.o)
 .debug_aranges
                0x00000560       0x20 /cygdrive/c/GNUARM/bin/../lib/gcc/arm-elf/4.1.1/interwork/libgcc.a(_call_via_rX.o)
 .debug_aranges
                0x00000580       0x20 /cygdrive/c/GNUARM/bin/../lib/gcc/arm-elf/4.1.1/interwork/libgcc.a(_addsubdf3.o)
 .debug_aranges
                0x000005a0       0x20 /cygdrive/c/GNUARM/bin/../lib/gcc/arm-elf/4.1.1/interwork/libgcc.a(_muldivdf3.o)
 .debug_aranges
                0x000005c0       0x20 /cygdrive/c/GNUARM/bin/../lib/gcc/arm-elf/4.1.1/interwork/libgcc.a(_cmpdf2.o)
 .debug_aranges
                0x000005e0       0x20 /cygdrive/c/GNUARM/bin/../lib/gcc/arm-elf/4.1.1/interwork/libgcc.a(_fixdfsi.o)
 .debug_aranges
                0x00000600       0x20 /cygdrive/c/GNUARM/bin/../lib/gcc/arm-elf/4.1.1/interwork/libgcc.a(_fixunsdfsi.o)
 .debug_aranges
                0x00000620       0x20 /cygdrive/c/GNUARM/bin/../lib/gcc/arm-elf/4.1.1/../../../../arm-elf/lib/interwork/libc.a(atoi.o)
 .debug_aranges
                0x00000640       0x20 /cygdrive/c/GNUARM/bin/../lib/gcc/arm-elf/4.1.1/../../../../arm-elf/lib/interwork/libc.a(errno.o)
 .debug_aranges
                0x00000660       0x20 /cygdrive/c/GNUARM/bin/../lib/gcc/arm-elf/4.1.1/../../../../arm-elf/lib/interwork/libc.a(memcmp.o)
 .debug_aranges
                0x00000680       0x20 /cygdrive/c/GNUARM/bin/../lib/gcc/arm-elf/4.1.1/../../../../arm-elf/lib/interwork/libc.a(memcpy.o)
 .debug_aranges
                0x000006a0       0x20 /cygdrive/c/GNUARM/bin/../lib/gcc/arm-elf/4.1.1/../../../../arm-elf/lib/interwork/libc.a(rand.o)
 .debug_aranges
                0x000006c0       0x20 /cygdrive/c/GNUARM/bin/../lib/gcc/arm-elf/4.1.1/../../../../arm-elf/lib/interwork/libc.a(strchr.o)
 .debug_aranges
                0x000006e0       0x20 /cygdrive/c/GNUARM/bin/../lib/gcc/arm-elf/4.1.1/../../../../arm-elf/lib/interwork/libc.a(strcpy.o)
 .debug_aranges
                0x00000700       0x20 /cygdrive/c/GNUARM/bin/../lib/gcc/arm-elf/4.1.1/../../../../arm-elf/lib/interwork/libc.a(strlen.o)
 .debug_aranges
                0x00000720       0x20 /cygdrive/c/GNUARM/bin/../lib/gcc/arm-elf/4.1.1/../../../../arm-elf/lib/interwork/libc.a(strncmp.o)
 .debug_aranges
                0x00000740       0x20 /cygdrive/c/GNUARM/bin/../lib/gcc/arm-elf/4.1.1/../../../../arm-elf/lib/interwork/libc.a(strtol.o)

.debug_pubnames
                0x00000000     0x107e
 *(.debug_pubnames)
 .debug_pubnames
                0x00000000       0xdd main.o
 .debug_pubnames
                0x000000dd       0xfb lcd.o
 .debug_pubnames
                0x000001d8       0x9e startupDisplay.o
 .debug_pubnames
                0x00000276       0x51 key.o
 .debug_pubnames
                0x000002c7       0x1f select.o
 .debug_pubnames
                0x000002e6      0x12d uart.o
 .debug_pubnames
                0x00000413       0x67 bt.o
 .debug_pubnames
                0x0000047a       0x2a snake.o
 .debug_pubnames
                0x000004a4       0x1f pong.o
 .debug_pubnames
                0x000004c3       0x71 eeprom.o
 .debug_pubnames
                0x00000534       0xee i2c.o
 .debug_pubnames
                0x00000622       0xa8 hw.o
 .debug_pubnames
                0x000006ca       0x90 Arrow.o
 .debug_pubnames
                0x0000075a       0xda startup/libea_startup_thumb.a(consol.o)
 .debug_pubnames
                0x00000834       0x63 startup/libea_startup_thumb.a(framework.o)
 .debug_pubnames
                0x00000897       0x39 irq_code/irqUart.a(irqUart.o)
 .debug_pubnames
                0x000008d0       0x1a libm.a(s_cos.o)
 .debug_pubnames
                0x000008ea       0x1c libm.a(s_round.o)
 .debug_pubnames
                0x00000906       0x1a libm.a(s_sin.o)
 .debug_pubnames
                0x00000920       0x1b libm.a(w_sqrt.o)
 .debug_pubnames
                0x0000093b       0x29 libm.a(e_rem_pio2.o)
 .debug_pubnames
                0x00000964       0x25 libm.a(e_sqrt.o)
 .debug_pubnames
                0x00000989       0x23 libm.a(k_cos.o)
 .debug_pubnames
                0x000009ac       0x28 libm.a(k_rem_pio2.o)
 .debug_pubnames
                0x000009d4       0x23 libm.a(k_sin.o)
 .debug_pubnames
                0x000009f7       0x1b libm.a(s_fabs.o)
 .debug_pubnames
                0x00000a12       0x1c libm.a(s_floor.o)
 .debug_pubnames
                0x00000a2e       0x1c libm.a(s_isnan.o)
 .debug_pubnames
                0x00000a4a       0x26 libm.a(s_lib_ver.o)
 .debug_pubnames
                0x00000a70       0x1e libm.a(s_matherr.o)
 .debug_pubnames
                0x00000a8e       0x1d libm.a(s_scalbn.o)
 .debug_pubnames
                0x00000aab       0x1f libm.a(s_copysign.o)
 .debug_pubnames
                0x00000aca      0x17f pre_emptive_os/pre_emptive_os.a(kernel.o)
 .debug_pubnames
                0x00000c49       0x76 pre_emptive_os/pre_emptive_os.a(prioqueue.o)
 .debug_pubnames
                0x00000cbf       0x4d pre_emptive_os/pre_emptive_os.a(count_sem.o)
 .debug_pubnames
                0x00000d0c       0x55 pre_emptive_os/pre_emptive_os.a(timer.o)
 .debug_pubnames
                0x00000d61       0x4e pre_emptive_os/pre_emptive_os.a(stack_usage.o)
 .debug_pubnames
                0x00000daf       0xc1 pre_emptive_os/pre_emptive_os.a(a7hal.o)
 .debug_pubnames
                0x00000e70       0x63 pre_emptive_os/pre_emptive_os.a(event.o)
 .debug_pubnames
                0x00000ed3       0x27 /cygdrive/c/GNUARM/bin/../lib/gcc/arm-elf/4.1.1/../../../../arm-elf/lib/interwork/libc.a(atoi.o)
 .debug_pubnames
                0x00000efa       0x1e /cygdrive/c/GNUARM/bin/../lib/gcc/arm-elf/4.1.1/../../../../arm-elf/lib/interwork/libc.a(errno.o)
 .debug_pubnames
                0x00000f18       0x39 /cygdrive/c/GNUARM/bin/../lib/gcc/arm-elf/4.1.1/../../../../arm-elf/lib/interwork/libc.a(impure.o)
 .debug_pubnames
                0x00000f51       0x1d /cygdrive/c/GNUARM/bin/../lib/gcc/arm-elf/4.1.1/../../../../arm-elf/lib/interwork/libc.a(memcmp.o)
 .debug_pubnames
                0x00000f6e       0x1d /cygdrive/c/GNUARM/bin/../lib/gcc/arm-elf/4.1.1/../../../../arm-elf/lib/interwork/libc.a(memcpy.o)
 .debug_pubnames
                0x00000f8b       0x25 /cygdrive/c/GNUARM/bin/../lib/gcc/arm-elf/4.1.1/../../../../arm-elf/lib/interwork/libc.a(rand.o)
 .debug_pubnames
                0x00000fb0       0x1d /cygdrive/c/GNUARM/bin/../lib/gcc/arm-elf/4.1.1/../../../../arm-elf/lib/interwork/libc.a(strchr.o)
 .debug_pubnames
                0x00000fcd       0x1d /cygdrive/c/GNUARM/bin/../lib/gcc/arm-elf/4.1.1/../../../../arm-elf/lib/interwork/libc.a(strcpy.o)
 .debug_pubnames
                0x00000fea       0x1d /cygdrive/c/GNUARM/bin/../lib/gcc/arm-elf/4.1.1/../../../../arm-elf/lib/interwork/libc.a(strlen.o)
 .debug_pubnames
                0x00001007       0x1e /cygdrive/c/GNUARM/bin/../lib/gcc/arm-elf/4.1.1/../../../../arm-elf/lib/interwork/libc.a(strncmp.o)
 .debug_pubnames
                0x00001025       0x2b /cygdrive/c/GNUARM/bin/../lib/gcc/arm-elf/4.1.1/../../../../arm-elf/lib/interwork/libc.a(strtol.o)
 .debug_pubnames
                0x00001050       0x2e /cygdrive/c/GNUARM/bin/../lib/gcc/arm-elf/4.1.1/../../../../arm-elf/lib/interwork/libc.a(ctype_.o)

.debug_info     0x00000000     0xb2c8
 *(.debug_info .gnu.linkonce.wi.*)
 .debug_info    0x00000000      0x3ab main.o
 .debug_info    0x000003ab      0x5c5 lcd.o
 .debug_info    0x00000970      0x1b4 startupDisplay.o
 .debug_info    0x00000b24      0x1d6 key.o
 .debug_info    0x00000cfa      0x203 select.o
 .debug_info    0x00000efd      0x499 uart.o
 .debug_info    0x00001396      0xc68 bt.o
 .debug_info    0x00001ffe      0x3e0 snake.o
 .debug_info    0x000023de      0xa8e pong.o
 .debug_info    0x00002e6c      0x30f eeprom.o
 .debug_info    0x0000317b      0x648 i2c.o
 .debug_info    0x000037c3      0x2d7 hw.o
 .debug_info    0x00003a9a      0x16e Arrow.o
 .debug_info    0x00003c08      0x584 startup/libea_startup_thumb.a(consol.o)
 .debug_info    0x0000418c      0x1e3 startup/libea_startup_thumb.a(framework.o)
 .debug_info    0x0000436f      0x35b irq_code/irqUart.a(irqUart.o)
 .debug_info    0x000046ca       0xee libm.a(s_cos.o)
 .debug_info    0x000047b8      0x1af libm.a(s_round.o)
 .debug_info    0x00004967       0xee libm.a(s_sin.o)
 .debug_info    0x00004a55      0x172 libm.a(w_sqrt.o)
 .debug_info    0x00004bc7      0x390 libm.a(e_rem_pio2.o)
 .debug_info    0x00004f57      0x211 libm.a(e_sqrt.o)
 .debug_info    0x00005168      0x20c libm.a(k_cos.o)
 .debug_info    0x00005374      0x2c0 libm.a(k_rem_pio2.o)
 .debug_info    0x00005634      0x18b libm.a(k_sin.o)
 .debug_info    0x000057bf      0x151 libm.a(s_fabs.o)
 .debug_info    0x00005910      0x1a0 libm.a(s_floor.o)
 .debug_info    0x00005ab0      0x147 libm.a(s_isnan.o)
 .debug_info    0x00005bf7       0xbe libm.a(s_lib_ver.o)
 .debug_info    0x00005cb5      0x125 libm.a(s_matherr.o)
 .debug_info    0x00005dda      0x1f4 libm.a(s_scalbn.o)
 .debug_info    0x00005fce      0x14a libm.a(s_copysign.o)
 .debug_info    0x00006118      0x5fe pre_emptive_os/pre_emptive_os.a(kernel.o)
 .debug_info    0x00006716      0x2e8 pre_emptive_os/pre_emptive_os.a(prioqueue.o)
 .debug_info    0x000069fe      0x32b pre_emptive_os/pre_emptive_os.a(count_sem.o)
 .debug_info    0x00006d29      0x4b8 pre_emptive_os/pre_emptive_os.a(timer.o)
 .debug_info    0x000071e1      0x2cf pre_emptive_os/pre_emptive_os.a(stack_usage.o)
 .debug_info    0x000074b0      0x189 pre_emptive_os/pre_emptive_os.a(a7hal.o)
 .debug_info    0x00007639      0x2ee pre_emptive_os/pre_emptive_os.a(event.o)
 .debug_info    0x00007927       0x68 /cygdrive/c/GNUARM/bin/../lib/gcc/arm-elf/4.1.1/interwork/libgcc.a(_udivsi3.o)
 .debug_info    0x0000798f       0x68 /cygdrive/c/GNUARM/bin/../lib/gcc/arm-elf/4.1.1/interwork/libgcc.a(_divsi3.o)
 .debug_info    0x000079f7       0x68 /cygdrive/c/GNUARM/bin/../lib/gcc/arm-elf/4.1.1/interwork/libgcc.a(_umodsi3.o)
 .debug_info    0x00007a5f       0x68 /cygdrive/c/GNUARM/bin/../lib/gcc/arm-elf/4.1.1/interwork/libgcc.a(_modsi3.o)
 .debug_info    0x00007ac7       0x68 /cygdrive/c/GNUARM/bin/../lib/gcc/arm-elf/4.1.1/interwork/libgcc.a(_dvmd_tls.o)
 .debug_info    0x00007b2f       0x68 /cygdrive/c/GNUARM/bin/../lib/gcc/arm-elf/4.1.1/interwork/libgcc.a(_call_via_rX.o)
 .debug_info    0x00007b97       0x67 /cygdrive/c/GNUARM/bin/../lib/gcc/arm-elf/4.1.1/interwork/libgcc.a(_addsubdf3.o)
 .debug_info    0x00007bfe       0x67 /cygdrive/c/GNUARM/bin/../lib/gcc/arm-elf/4.1.1/interwork/libgcc.a(_muldivdf3.o)
 .debug_info    0x00007c65       0x67 /cygdrive/c/GNUARM/bin/../lib/gcc/arm-elf/4.1.1/interwork/libgcc.a(_cmpdf2.o)
 .debug_info    0x00007ccc       0x67 /cygdrive/c/GNUARM/bin/../lib/gcc/arm-elf/4.1.1/interwork/libgcc.a(_fixdfsi.o)
 .debug_info    0x00007d33       0x67 /cygdrive/c/GNUARM/bin/../lib/gcc/arm-elf/4.1.1/interwork/libgcc.a(_fixunsdfsi.o)
 .debug_info    0x00007d9a      0x949 /cygdrive/c/GNUARM/bin/../lib/gcc/arm-elf/4.1.1/../../../../arm-elf/lib/interwork/libc.a(atoi.o)
 .debug_info    0x000086e3      0x913 /cygdrive/c/GNUARM/bin/../lib/gcc/arm-elf/4.1.1/../../../../arm-elf/lib/interwork/libc.a(errno.o)
 .debug_info    0x00008ff6      0x922 /cygdrive/c/GNUARM/bin/../lib/gcc/arm-elf/4.1.1/../../../../arm-elf/lib/interwork/libc.a(impure.o)
 .debug_info    0x00009918      0x110 /cygdrive/c/GNUARM/bin/../lib/gcc/arm-elf/4.1.1/../../../../arm-elf/lib/interwork/libc.a(memcmp.o)
 .debug_info    0x00009a28      0x10a /cygdrive/c/GNUARM/bin/../lib/gcc/arm-elf/4.1.1/../../../../arm-elf/lib/interwork/libc.a(memcpy.o)
 .debug_info    0x00009b32      0x934 /cygdrive/c/GNUARM/bin/../lib/gcc/arm-elf/4.1.1/../../../../arm-elf/lib/interwork/libc.a(rand.o)
 .debug_info    0x0000a466      0x10f /cygdrive/c/GNUARM/bin/../lib/gcc/arm-elf/4.1.1/../../../../arm-elf/lib/interwork/libc.a(strchr.o)
 .debug_info    0x0000a575      0x107 /cygdrive/c/GNUARM/bin/../lib/gcc/arm-elf/4.1.1/../../../../arm-elf/lib/interwork/libc.a(strcpy.o)
 .debug_info    0x0000a67c       0xd4 /cygdrive/c/GNUARM/bin/../lib/gcc/arm-elf/4.1.1/../../../../arm-elf/lib/interwork/libc.a(strlen.o)
 .debug_info    0x0000a750       0xf0 /cygdrive/c/GNUARM/bin/../lib/gcc/arm-elf/4.1.1/../../../../arm-elf/lib/interwork/libc.a(strncmp.o)
 .debug_info    0x0000a840      0xa0f /cygdrive/c/GNUARM/bin/../lib/gcc/arm-elf/4.1.1/../../../../arm-elf/lib/interwork/libc.a(strtol.o)
 .debug_info    0x0000b24f       0x79 /cygdrive/c/GNUARM/bin/../lib/gcc/arm-elf/4.1.1/../../../../arm-elf/lib/interwork/libc.a(ctype_.o)

.debug_abbrev   0x00000000     0x37e9
 *(.debug_abbrev)
 .debug_abbrev  0x00000000      0x18a main.o
 .debug_abbrev  0x0000018a      0x1bf lcd.o
 .debug_abbrev  0x00000349       0xa1 startupDisplay.o
 .debug_abbrev  0x000003ea       0xce key.o
 .debug_abbrev  0x000004b8       0xe5 select.o
 .debug_abbrev  0x0000059d      0x132 uart.o
 .debug_abbrev  0x000006cf      0x278 bt.o
 .debug_abbrev  0x00000947      0x199 snake.o
 .debug_abbrev  0x00000ae0      0x2b0 pong.o
 .debug_abbrev  0x00000d90       0xfd eeprom.o
 .debug_abbrev  0x00000e8d      0x1fa i2c.o
 .debug_abbrev  0x00001087      0x13c hw.o
 .debug_abbrev  0x000011c3       0x69 Arrow.o
 .debug_abbrev  0x0000122c      0x2a4 startup/libea_startup_thumb.a(consol.o)
 .debug_abbrev  0x000014d0       0xbb startup/libea_startup_thumb.a(framework.o)
 .debug_abbrev  0x0000158b      0x13e irq_code/irqUart.a(irqUart.o)
 .debug_abbrev  0x000016c9       0x8b libm.a(s_cos.o)
 .debug_abbrev  0x00001754       0xdb libm.a(s_round.o)
 .debug_abbrev  0x0000182f       0x8b libm.a(s_sin.o)
 .debug_abbrev  0x000018ba       0xc7 libm.a(w_sqrt.o)
 .debug_abbrev  0x00001981      0x128 libm.a(e_rem_pio2.o)
 .debug_abbrev  0x00001aa9      0x104 libm.a(e_sqrt.o)
 .debug_abbrev  0x00001bad       0xea libm.a(k_cos.o)
 .debug_abbrev  0x00001c97       0xe6 libm.a(k_rem_pio2.o)
 .debug_abbrev  0x00001d7d       0x93 libm.a(k_sin.o)
 .debug_abbrev  0x00001e10       0xd0 libm.a(s_fabs.o)
 .debug_abbrev  0x00001ee0       0xe8 libm.a(s_floor.o)
 .debug_abbrev  0x00001fc8       0xd4 libm.a(s_isnan.o)
 .debug_abbrev  0x0000209c       0x5a libm.a(s_lib_ver.o)
 .debug_abbrev  0x000020f6       0x95 libm.a(s_matherr.o)
 .debug_abbrev  0x0000218b       0xe8 libm.a(s_scalbn.o)
 .debug_abbrev  0x00002273       0xc5 libm.a(s_copysign.o)
 .debug_abbrev  0x00002338      0x1b8 pre_emptive_os/pre_emptive_os.a(kernel.o)
 .debug_abbrev  0x000024f0      0x11e pre_emptive_os/pre_emptive_os.a(prioqueue.o)
 .debug_abbrev  0x0000260e      0x101 pre_emptive_os/pre_emptive_os.a(count_sem.o)
 .debug_abbrev  0x0000270f      0x154 pre_emptive_os/pre_emptive_os.a(timer.o)
 .debug_abbrev  0x00002863      0x170 pre_emptive_os/pre_emptive_os.a(stack_usage.o)
 .debug_abbrev  0x000029d3       0xf2 pre_emptive_os/pre_emptive_os.a(a7hal.o)
 .debug_abbrev  0x00002ac5      0x103 pre_emptive_os/pre_emptive_os.a(event.o)
 .debug_abbrev  0x00002bc8       0x14 /cygdrive/c/GNUARM/bin/../lib/gcc/arm-elf/4.1.1/interwork/libgcc.a(_udivsi3.o)
 .debug_abbrev  0x00002bdc       0x14 /cygdrive/c/GNUARM/bin/../lib/gcc/arm-elf/4.1.1/interwork/libgcc.a(_divsi3.o)
 .debug_abbrev  0x00002bf0       0x14 /cygdrive/c/GNUARM/bin/../lib/gcc/arm-elf/4.1.1/interwork/libgcc.a(_umodsi3.o)
 .debug_abbrev  0x00002c04       0x14 /cygdrive/c/GNUARM/bin/../lib/gcc/arm-elf/4.1.1/interwork/libgcc.a(_modsi3.o)
 .debug_abbrev  0x00002c18       0x14 /cygdrive/c/GNUARM/bin/../lib/gcc/arm-elf/4.1.1/interwork/libgcc.a(_dvmd_tls.o)
 .debug_abbrev  0x00002c2c       0x14 /cygdrive/c/GNUARM/bin/../lib/gcc/arm-elf/4.1.1/interwork/libgcc.a(_call_via_rX.o)
 .debug_abbrev  0x00002c40       0x14 /cygdrive/c/GNUARM/bin/../lib/gcc/arm-elf/4.1.1/interwork/libgcc.a(_addsubdf3.o)
 .debug_abbrev  0x00002c54       0x14 /cygdrive/c/GNUARM/bin/../lib/gcc/arm-elf/4.1.1/interwork/libgcc.a(_muldivdf3.o)
 .debug_abbrev  0x00002c68       0x14 /cygdrive/c/GNUARM/bin/../lib/gcc/arm-elf/4.1.1/interwork/libgcc.a(_cmpdf2.o)
 .debug_abbrev  0x00002c7c       0x14 /cygdrive/c/GNUARM/bin/../lib/gcc/arm-elf/4.1.1/interwork/libgcc.a(_fixdfsi.o)
 .debug_abbrev  0x00002c90       0x14 /cygdrive/c/GNUARM/bin/../lib/gcc/arm-elf/4.1.1/interwork/libgcc.a(_fixunsdfsi.o)
 .debug_abbrev  0x00002ca4      0x176 /cygdrive/c/GNUARM/bin/../lib/gcc/arm-elf/4.1.1/../../../../arm-elf/lib/interwork/libc.a(atoi.o)
 .debug_abbrev  0x00002e1a      0x15f /cygdrive/c/GNUARM/bin/../lib/gcc/arm-elf/4.1.1/../../../../arm-elf/lib/interwork/libc.a(errno.o)
 .debug_abbrev  0x00002f79      0x157 /cygdrive/c/GNUARM/bin/../lib/gcc/arm-elf/4.1.1/../../../../arm-elf/lib/interwork/libc.a(impure.o)
 .debug_abbrev  0x000030d0       0x7c /cygdrive/c/GNUARM/bin/../lib/gcc/arm-elf/4.1.1/../../../../arm-elf/lib/interwork/libc.a(memcmp.o)
 .debug_abbrev  0x0000314c       0xa6 /cygdrive/c/GNUARM/bin/../lib/gcc/arm-elf/4.1.1/../../../../arm-elf/lib/interwork/libc.a(memcpy.o)
 .debug_abbrev  0x000031f2      0x185 /cygdrive/c/GNUARM/bin/../lib/gcc/arm-elf/4.1.1/../../../../arm-elf/lib/interwork/libc.a(rand.o)
 .debug_abbrev  0x00003377       0x9e /cygdrive/c/GNUARM/bin/../lib/gcc/arm-elf/4.1.1/../../../../arm-elf/lib/interwork/libc.a(strchr.o)
 .debug_abbrev  0x00003415       0xad /cygdrive/c/GNUARM/bin/../lib/gcc/arm-elf/4.1.1/../../../../arm-elf/lib/interwork/libc.a(strcpy.o)
 .debug_abbrev  0x000034c2       0x8b /cygdrive/c/GNUARM/bin/../lib/gcc/arm-elf/4.1.1/../../../../arm-elf/lib/interwork/libc.a(strlen.o)
 .debug_abbrev  0x0000354d       0x8d /cygdrive/c/GNUARM/bin/../lib/gcc/arm-elf/4.1.1/../../../../arm-elf/lib/interwork/libc.a(strncmp.o)
 .debug_abbrev  0x000035da      0x1bd /cygdrive/c/GNUARM/bin/../lib/gcc/arm-elf/4.1.1/../../../../arm-elf/lib/interwork/libc.a(strtol.o)
 .debug_abbrev  0x00003797       0x52 /cygdrive/c/GNUARM/bin/../lib/gcc/arm-elf/4.1.1/../../../../arm-elf/lib/interwork/libc.a(ctype_.o)

.debug_line     0x00000000     0x3d01
 *(.debug_line)
 .debug_line    0x00000000      0x19c main.o
 .debug_line    0x0000019c      0x18b lcd.o
 .debug_line    0x00000327      0x1ec startupDisplay.o
 .debug_line    0x00000513       0xb2 key.o
 .debug_line    0x000005c5       0xa6 select.o
 .debug_line    0x0000066b      0x112 uart.o
 .debug_line    0x0000077d      0x374 bt.o
 .debug_line    0x00000af1      0x140 snake.o
 .debug_line    0x00000c31      0x37d pong.o
 .debug_line    0x00000fae      0x135 eeprom.o
 .debug_line    0x000010e3      0x162 i2c.o
 .debug_line    0x00001245      0x12f hw.o
 .debug_line    0x00001374       0x85 Arrow.o
 .debug_line    0x000013f9      0x18a startup/libea_startup_thumb.a(consol.o)
 .debug_line    0x00001583       0xb3 startup/libea_startup_thumb.a(framework.o)
 .debug_line    0x00001636       0xd2 irq_code/irqUart.a(irqUart.o)
 .debug_line    0x00001708       0xc2 libm.a(s_cos.o)
 .debug_line    0x000017ca       0xdc libm.a(s_round.o)
 .debug_line    0x000018a6       0xc2 libm.a(s_sin.o)
 .debug_line    0x00001968       0xbf libm.a(w_sqrt.o)
 .debug_line    0x00001a27      0x17c libm.a(e_rem_pio2.o)
 .debug_line    0x00001ba3      0x166 libm.a(e_sqrt.o)
 .debug_line    0x00001d09      0x115 libm.a(k_cos.o)
 .debug_line    0x00001e1e      0x17d libm.a(k_rem_pio2.o)
 .debug_line    0x00001f9b       0xbc libm.a(k_sin.o)
 .debug_line    0x00002057       0xf3 libm.a(s_fabs.o)
 .debug_line    0x0000214a      0x12a libm.a(s_floor.o)
 .debug_line    0x00002274       0xfb libm.a(s_isnan.o)
 .debug_line    0x0000236f       0x96 libm.a(s_lib_ver.o)
 .debug_line    0x00002405       0xa6 libm.a(s_matherr.o)
 .debug_line    0x000024ab       0xe1 libm.a(s_scalbn.o)
 .debug_line    0x0000258c       0xba libm.a(s_copysign.o)
 .debug_line    0x00002646      0x177 pre_emptive_os/pre_emptive_os.a(kernel.o)
 .debug_line    0x000027bd       0xbb pre_emptive_os/pre_emptive_os.a(prioqueue.o)
 .debug_line    0x00002878       0xd9 pre_emptive_os/pre_emptive_os.a(count_sem.o)
 .debug_line    0x00002951      0x109 pre_emptive_os/pre_emptive_os.a(timer.o)
 .debug_line    0x00002a5a       0x97 pre_emptive_os/pre_emptive_os.a(stack_usage.o)
 .debug_line    0x00002af1       0x8c pre_emptive_os/pre_emptive_os.a(a7hal.o)
 .debug_line    0x00002b7d       0xaf pre_emptive_os/pre_emptive_os.a(event.o)
 .debug_line    0x00002c2c       0x84 /cygdrive/c/GNUARM/bin/../lib/gcc/arm-elf/4.1.1/interwork/libgcc.a(_udivsi3.o)
 .debug_line    0x00002cb0       0x90 /cygdrive/c/GNUARM/bin/../lib/gcc/arm-elf/4.1.1/interwork/libgcc.a(_divsi3.o)
 .debug_line    0x00002d40       0x6e /cygdrive/c/GNUARM/bin/../lib/gcc/arm-elf/4.1.1/interwork/libgcc.a(_umodsi3.o)
 .debug_line    0x00002dae       0x74 /cygdrive/c/GNUARM/bin/../lib/gcc/arm-elf/4.1.1/interwork/libgcc.a(_modsi3.o)
 .debug_line    0x00002e22       0x5d /cygdrive/c/GNUARM/bin/../lib/gcc/arm-elf/4.1.1/interwork/libgcc.a(_dvmd_tls.o)
 .debug_line    0x00002e7f       0x6b /cygdrive/c/GNUARM/bin/../lib/gcc/arm-elf/4.1.1/interwork/libgcc.a(_call_via_rX.o)
 .debug_line    0x00002eea      0x165 /cygdrive/c/GNUARM/bin/../lib/gcc/arm-elf/4.1.1/interwork/libgcc.a(_addsubdf3.o)
 .debug_line    0x0000304f      0x17a /cygdrive/c/GNUARM/bin/../lib/gcc/arm-elf/4.1.1/interwork/libgcc.a(_muldivdf3.o)
 .debug_line    0x000031c9       0xa7 /cygdrive/c/GNUARM/bin/../lib/gcc/arm-elf/4.1.1/interwork/libgcc.a(_cmpdf2.o)
 .debug_line    0x00003270       0x72 /cygdrive/c/GNUARM/bin/../lib/gcc/arm-elf/4.1.1/interwork/libgcc.a(_fixdfsi.o)
 .debug_line    0x000032e2       0x70 /cygdrive/c/GNUARM/bin/../lib/gcc/arm-elf/4.1.1/interwork/libgcc.a(_fixunsdfsi.o)
 .debug_line    0x00003352       0xf9 /cygdrive/c/GNUARM/bin/../lib/gcc/arm-elf/4.1.1/../../../../arm-elf/lib/interwork/libc.a(atoi.o)
 .debug_line    0x0000344b       0xf2 /cygdrive/c/GNUARM/bin/../lib/gcc/arm-elf/4.1.1/../../../../arm-elf/lib/interwork/libc.a(errno.o)
 .debug_line    0x0000353d       0xe3 /cygdrive/c/GNUARM/bin/../lib/gcc/arm-elf/4.1.1/../../../../arm-elf/lib/interwork/libc.a(impure.o)
 .debug_line    0x00003620       0xc7 /cygdrive/c/GNUARM/bin/../lib/gcc/arm-elf/4.1.1/../../../../arm-elf/lib/interwork/libc.a(memcmp.o)
 .debug_line    0x000036e7       0xc8 /cygdrive/c/GNUARM/bin/../lib/gcc/arm-elf/4.1.1/../../../../arm-elf/lib/interwork/libc.a(memcpy.o)
 .debug_line    0x000037af       0xf9 /cygdrive/c/GNUARM/bin/../lib/gcc/arm-elf/4.1.1/../../../../arm-elf/lib/interwork/libc.a(rand.o)
 .debug_line    0x000038a8       0x81 /cygdrive/c/GNUARM/bin/../lib/gcc/arm-elf/4.1.1/../../../../arm-elf/lib/interwork/libc.a(strchr.o)
 .debug_line    0x00003929       0x7c /cygdrive/c/GNUARM/bin/../lib/gcc/arm-elf/4.1.1/../../../../arm-elf/lib/interwork/libc.a(strcpy.o)
 .debug_line    0x000039a5       0xaf /cygdrive/c/GNUARM/bin/../lib/gcc/arm-elf/4.1.1/../../../../arm-elf/lib/interwork/libc.a(strlen.o)
 .debug_line    0x00003a54       0xdf /cygdrive/c/GNUARM/bin/../lib/gcc/arm-elf/4.1.1/../../../../arm-elf/lib/interwork/libc.a(strncmp.o)
 .debug_line    0x00003b33      0x173 /cygdrive/c/GNUARM/bin/../lib/gcc/arm-elf/4.1.1/../../../../arm-elf/lib/interwork/libc.a(strtol.o)
 .debug_line    0x00003ca6       0x5b /cygdrive/c/GNUARM/bin/../lib/gcc/arm-elf/4.1.1/../../../../arm-elf/lib/interwork/libc.a(ctype_.o)

.debug_frame    0x00000000     0x1844
 *(.debug_frame)
 .debug_frame   0x00000000       0xb0 main.o
 .debug_frame   0x000000b0      0x1b8 lcd.o
 .debug_frame   0x00000268       0x2c startupDisplay.o
 .debug_frame   0x00000294       0x4c key.o
 .debug_frame   0x000002e0       0x54 select.o
 .debug_frame   0x00000334       0xe8 uart.o
 .debug_frame   0x0000041c      0x19c bt.o
 .debug_frame   0x000005b8       0x98 snake.o
 .debug_frame   0x00000650      0x164 pong.o
 .debug_frame   0x000007b4       0xc4 eeprom.o
 .debug_frame   0x00000878      0x140 i2c.o
 .debug_frame   0x000009b8       0xf8 hw.o
 .debug_frame   0x00000ab0       0x70 Arrow.o
 .debug_frame   0x00000b20      0x150 startup/libea_startup_thumb.a(consol.o)
 .debug_frame   0x00000c70       0xd8 startup/libea_startup_thumb.a(framework.o)
 .debug_frame   0x00000d48       0x4c irq_code/irqUart.a(irqUart.o)
 .debug_frame   0x00000d94       0x30 libm.a(s_cos.o)
 .debug_frame   0x00000dc4       0x30 libm.a(s_round.o)
 .debug_frame   0x00000df4       0x30 libm.a(s_sin.o)
 .debug_frame   0x00000e24       0x38 libm.a(w_sqrt.o)
 .debug_frame   0x00000e5c       0x3c libm.a(e_rem_pio2.o)
 .debug_frame   0x00000e98       0x3c libm.a(e_sqrt.o)
 .debug_frame   0x00000ed4       0x38 libm.a(k_cos.o)
 .debug_frame   0x00000f0c       0x40 libm.a(k_rem_pio2.o)
 .debug_frame   0x00000f4c       0x30 libm.a(k_sin.o)
 .debug_frame   0x00000f7c       0x28 libm.a(s_fabs.o)
 .debug_frame   0x00000fa4       0x38 libm.a(s_floor.o)
 .debug_frame   0x00000fdc       0x28 libm.a(s_isnan.o)
 .debug_frame   0x00001004       0x20 libm.a(s_matherr.o)
 .debug_frame   0x00001024       0x34 libm.a(s_scalbn.o)
 .debug_frame   0x00001058       0x2c libm.a(s_copysign.o)
 .debug_frame   0x00001084      0x1e8 pre_emptive_os/pre_emptive_os.a(kernel.o)
 .debug_frame   0x0000126c       0x8c pre_emptive_os/pre_emptive_os.a(prioqueue.o)
 .debug_frame   0x000012f8       0x84 pre_emptive_os/pre_emptive_os.a(count_sem.o)
 .debug_frame   0x0000137c       0xb8 pre_emptive_os/pre_emptive_os.a(timer.o)
 .debug_frame   0x00001434       0x58 pre_emptive_os/pre_emptive_os.a(stack_usage.o)
 .debug_frame   0x0000148c       0xa0 pre_emptive_os/pre_emptive_os.a(a7hal.o)
 .debug_frame   0x0000152c       0x94 pre_emptive_os/pre_emptive_os.a(event.o)
 .debug_frame   0x000015c0       0x2c /cygdrive/c/GNUARM/bin/../lib/gcc/arm-elf/4.1.1/interwork/libgcc.a(_udivsi3.o)
 .debug_frame   0x000015ec       0x2c /cygdrive/c/GNUARM/bin/../lib/gcc/arm-elf/4.1.1/interwork/libgcc.a(_divsi3.o)
 .debug_frame   0x00001618       0x2c /cygdrive/c/GNUARM/bin/../lib/gcc/arm-elf/4.1.1/interwork/libgcc.a(_umodsi3.o)
 .debug_frame   0x00001644       0x2c /cygdrive/c/GNUARM/bin/../lib/gcc/arm-elf/4.1.1/interwork/libgcc.a(_modsi3.o)
 .debug_frame   0x00001670       0x40 /cygdrive/c/GNUARM/bin/../lib/gcc/arm-elf/4.1.1/../../../../arm-elf/lib/interwork/libc.a(atoi.o)
 .debug_frame   0x000016b0       0x20 /cygdrive/c/GNUARM/bin/../lib/gcc/arm-elf/4.1.1/../../../../arm-elf/lib/interwork/libc.a(errno.o)
 .debug_frame   0x000016d0       0x28 /cygdrive/c/GNUARM/bin/../lib/gcc/arm-elf/4.1.1/../../../../arm-elf/lib/interwork/libc.a(memcmp.o)
 .debug_frame   0x000016f8       0x28 /cygdrive/c/GNUARM/bin/../lib/gcc/arm-elf/4.1.1/../../../../arm-elf/lib/interwork/libc.a(memcpy.o)
 .debug_frame   0x00001720       0x3c /cygdrive/c/GNUARM/bin/../lib/gcc/arm-elf/4.1.1/../../../../arm-elf/lib/interwork/libc.a(rand.o)
 .debug_frame   0x0000175c       0x28 /cygdrive/c/GNUARM/bin/../lib/gcc/arm-elf/4.1.1/../../../../arm-elf/lib/interwork/libc.a(strchr.o)
 .debug_frame   0x00001784       0x28 /cygdrive/c/GNUARM/bin/../lib/gcc/arm-elf/4.1.1/../../../../arm-elf/lib/interwork/libc.a(strcpy.o)
 .debug_frame   0x000017ac       0x20 /cygdrive/c/GNUARM/bin/../lib/gcc/arm-elf/4.1.1/../../../../arm-elf/lib/interwork/libc.a(strlen.o)
 .debug_frame   0x000017cc       0x28 /cygdrive/c/GNUARM/bin/../lib/gcc/arm-elf/4.1.1/../../../../arm-elf/lib/interwork/libc.a(strncmp.o)
 .debug_frame   0x000017f4       0x50 /cygdrive/c/GNUARM/bin/../lib/gcc/arm-elf/4.1.1/../../../../arm-elf/lib/interwork/libc.a(strtol.o)

.debug_str      0x00000000     0x25d1
 *(.debug_str)
 .debug_str     0x00000000      0x16a main.o
                                0x195 (size before relaxing)
 .debug_str     0x0000016a      0x142 lcd.o
                                0x1ea (size before relaxing)
 .debug_str     0x000002ac       0xab startupDisplay.o
                                0x14a (size before relaxing)
 .debug_str     0x00000357       0xd6 key.o
                                0x16f (size before relaxing)
 .debug_str     0x0000042d       0x98 select.o
                                0x18b (size before relaxing)
 .debug_str     0x000004c5      0x219 uart.o
                                0x2c9 (size before relaxing)
 .debug_str     0x000006de      0x20e bt.o
                                0x48e (size before relaxing)
 .debug_str     0x000008ec       0x9c snake.o
                                0x212 (size before relaxing)
 .debug_str     0x00000988      0x225 pong.o
                                0x447 (size before relaxing)
 .debug_str     0x00000bad       0x82 eeprom.o
                                0x110 (size before relaxing)
 .debug_str     0x00000c2f       0xb1 i2c.o
                                0x25a (size before relaxing)
 .debug_str     0x00000ce0       0xf7 hw.o
                                0x19e (size before relaxing)
 .debug_str     0x00000dd7       0x5d Arrow.o
                                0x11e (size before relaxing)
 .debug_str     0x00000e34      0x17e startup/libea_startup_thumb.a(consol.o)
                                0x23e (size before relaxing)
 .debug_str     0x00000fb2       0xdd startup/libea_startup_thumb.a(framework.o)
                                0x13a (size before relaxing)
 .debug_str     0x0000108f       0x84 irq_code/irqUart.a(irqUart.o)
                                0x265 (size before relaxing)
 .debug_str     0x00001113       0x93 libm.a(s_cos.o)
                                0x11d (size before relaxing)
 .debug_str     0x000011a6       0xdc libm.a(s_round.o)
                                0x182 (size before relaxing)
 .debug_str     0x00001282       0x3c libm.a(s_sin.o)
                                0x11d (size before relaxing)
 .debug_str     0x000012be       0xb8 libm.a(w_sqrt.o)
                                0x199 (size before relaxing)
 .debug_str     0x00001376       0xc7 libm.a(e_rem_pio2.o)
                                0x1d6 (size before relaxing)
 .debug_str     0x0000143d       0x51 libm.a(e_sqrt.o)
                                0x16f (size before relaxing)
 .debug_str     0x0000148e       0x49 libm.a(k_cos.o)
                                0x15d (size before relaxing)
 .debug_str     0x000014d7       0x82 libm.a(k_rem_pio2.o)
                                0x16e (size before relaxing)
 .debug_str     0x00001559       0x49 libm.a(k_sin.o)
                                0x12f (size before relaxing)
 .debug_str     0x000015a2       0x42 libm.a(s_fabs.o)
                                0x156 (size before relaxing)
 .debug_str     0x000015e4       0x49 libm.a(s_floor.o)
                                0x162 (size before relaxing)
 .debug_str     0x0000162d       0x44 libm.a(s_isnan.o)
                                0x158 (size before relaxing)
 .debug_str     0x00001671       0x42 libm.a(s_lib_ver.o)
                                0x176 (size before relaxing)
 .debug_str     0x000016b3       0x4a libm.a(s_matherr.o)
                                0x148 (size before relaxing)
 .debug_str     0x000016fd       0x55 libm.a(s_scalbn.o)
                                0x17a (size before relaxing)
 .debug_str     0x00001752       0x4c libm.a(s_copysign.o)
                                0x158 (size before relaxing)
 .debug_str     0x0000179e      0x220 pre_emptive_os/pre_emptive_os.a(kernel.o)
                                0x359 (size before relaxing)
 .debug_str     0x000019be       0x7d pre_emptive_os/pre_emptive_os.a(prioqueue.o)
                                0x241 (size before relaxing)
 .debug_str     0x00001a3b       0x51 pre_emptive_os/pre_emptive_os.a(count_sem.o)
                                0x256 (size before relaxing)
 .debug_str     0x00001a8c       0xe2 pre_emptive_os/pre_emptive_os.a(timer.o)
                                0x2f2 (size before relaxing)
 .debug_str     0x00001b6e       0x70 pre_emptive_os/pre_emptive_os.a(stack_usage.o)
                                0x226 (size before relaxing)
 .debug_str     0x00001bde      0x153 pre_emptive_os/pre_emptive_os.a(a7hal.o)
                                0x1d8 (size before relaxing)
 .debug_str     0x00001d31       0x51 pre_emptive_os/pre_emptive_os.a(event.o)
                                0x260 (size before relaxing)
 .debug_str     0x00001d82      0x402 /cygdrive/c/GNUARM/bin/../lib/gcc/arm-elf/4.1.1/../../../../arm-elf/lib/interwork/libc.a(atoi.o)
                                0x49e (size before relaxing)
 .debug_str     0x00002184       0x7a /cygdrive/c/GNUARM/bin/../lib/gcc/arm-elf/4.1.1/../../../../arm-elf/lib/interwork/libc.a(errno.o)
                                0x4a4 (size before relaxing)
 .debug_str     0x000021fe       0x92 /cygdrive/c/GNUARM/bin/../lib/gcc/arm-elf/4.1.1/../../../../arm-elf/lib/interwork/libc.a(impure.o)
                                0x4bc (size before relaxing)
 .debug_str     0x00002290       0x83 /cygdrive/c/GNUARM/bin/../lib/gcc/arm-elf/4.1.1/../../../../arm-elf/lib/interwork/libc.a(memcmp.o)
                                0x10c (size before relaxing)
 .debug_str     0x00002313       0x6a /cygdrive/c/GNUARM/bin/../lib/gcc/arm-elf/4.1.1/../../../../arm-elf/lib/interwork/libc.a(memcpy.o)
                                 0xd6 (size before relaxing)
 .debug_str     0x0000237d       0x40 /cygdrive/c/GNUARM/bin/../lib/gcc/arm-elf/4.1.1/../../../../arm-elf/lib/interwork/libc.a(rand.o)
                                0x4ad (size before relaxing)
 .debug_str     0x000023bd       0x50 /cygdrive/c/GNUARM/bin/../lib/gcc/arm-elf/4.1.1/../../../../arm-elf/lib/interwork/libc.a(strchr.o)
                                0x117 (size before relaxing)
 .debug_str     0x0000240d       0x43 /cygdrive/c/GNUARM/bin/../lib/gcc/arm-elf/4.1.1/../../../../arm-elf/lib/interwork/libc.a(strcpy.o)
                                0x127 (size before relaxing)
 .debug_str     0x00002450       0x49 /cygdrive/c/GNUARM/bin/../lib/gcc/arm-elf/4.1.1/../../../../arm-elf/lib/interwork/libc.a(strlen.o)
                                0x11f (size before relaxing)
 .debug_str     0x00002499       0x45 /cygdrive/c/GNUARM/bin/../lib/gcc/arm-elf/4.1.1/../../../../arm-elf/lib/interwork/libc.a(strncmp.o)
                                0x10e (size before relaxing)
 .debug_str     0x000024de       0x78 /cygdrive/c/GNUARM/bin/../lib/gcc/arm-elf/4.1.1/../../../../arm-elf/lib/interwork/libc.a(strtol.o)
                                0x4e0 (size before relaxing)
 .debug_str     0x00002556       0x7b /cygdrive/c/GNUARM/bin/../lib/gcc/arm-elf/4.1.1/../../../../arm-elf/lib/interwork/libc.a(ctype_.o)
                                 0xaa (size before relaxing)

.debug_loc      0x00000000     0x3ba3
 *(.debug_loc)
 .debug_loc     0x00000000      0x1ca main.o
 .debug_loc     0x000001ca      0x783 lcd.o
 .debug_loc     0x0000094d       0x54 startupDisplay.o
 .debug_loc     0x000009a1       0x3d key.o
 .debug_loc     0x000009de       0x9d select.o
 .debug_loc     0x00000a7b      0x274 uart.o
 .debug_loc     0x00000cef      0x818 bt.o
 .debug_loc     0x00001507      0x2b0 snake.o
 .debug_loc     0x000017b7      0x93b pong.o
 .debug_loc     0x000020f2      0x451 eeprom.o
 .debug_loc     0x00002543      0x47b i2c.o
 .debug_loc     0x000029be      0x21b hw.o
 .debug_loc     0x00002bd9       0xac Arrow.o
 .debug_loc     0x00002c85      0x5ee startup/libea_startup_thumb.a(consol.o)
 .debug_loc     0x00003273      0x193 startup/libea_startup_thumb.a(framework.o)
 .debug_loc     0x00003406       0x8a irq_code/irqUart.a(irqUart.o)
 .debug_loc     0x00003490       0x77 /cygdrive/c/GNUARM/bin/../lib/gcc/arm-elf/4.1.1/../../../../arm-elf/lib/interwork/libc.a(atoi.o)
 .debug_loc     0x00003507      0x13e /cygdrive/c/GNUARM/bin/../lib/gcc/arm-elf/4.1.1/../../../../arm-elf/lib/interwork/libc.a(memcmp.o)